Component: ARM Compiler 5.05 update 1 (build 106) Tool: armlink [4d0efa]

==============================================================================

Section Cross References

    main.o(i.TIM_LED_Config) refers to stm32f4xx_rcc.o(i.RCC_APB1PeriphClockCmd) for RCC_APB1PeriphClockCmd
    main.o(i.TIM_LED_Config) refers to misc.o(i.NVIC_PriorityGroupConfig) for NVIC_PriorityGroupConfig
    main.o(i.TIM_LED_Config) refers to misc.o(i.NVIC_Init) for NVIC_Init
    main.o(i.TIM_LED_Config) refers to stm32f4_discovery.o(i.STM_EVAL_LEDInit) for STM_EVAL_LEDInit
    main.o(i.TIM_LED_Config) refers to stm32f4xx_tim.o(i.TIM_TimeBaseInit) for TIM_TimeBaseInit
    main.o(i.TIM_LED_Config) refers to stm32f4xx_tim.o(i.TIM_ARRPreloadConfig) for TIM_ARRPreloadConfig
    main.o(i.TIM_LED_Config) refers to stm32f4xx_tim.o(i.TIM_OC1Init) for TIM_OC1Init
    main.o(i.TIM_LED_Config) refers to stm32f4xx_tim.o(i.TIM_OC1PreloadConfig) for TIM_OC1PreloadConfig
    main.o(i.TIM_LED_Config) refers to stm32f4xx_tim.o(i.TIM_ITConfig) for TIM_ITConfig
    main.o(i.TIM_LED_Config) refers to stm32f4xx_tim.o(i.TIM_Cmd) for TIM_Cmd
    main.o(i.TIM_LED_Config) refers to system_stm32f4xx.o(.data) for SystemCoreClock
    main.o(i.TIM_LED_Config) refers to main.o(.data) for CCR_Val
    main.o(i.main) refers to stm32f4_discovery.o(i.STM_EVAL_LEDInit) for STM_EVAL_LEDInit
    main.o(i.main) refers to stm32f4_discovery.o(i.STM_EVAL_LEDOn) for STM_EVAL_LEDOn
    main.o(i.main) refers to stm32f4xx_rcc.o(i.RCC_GetClocksFreq) for RCC_GetClocksFreq
    main.o(i.main) refers to main.o(i.TIM_LED_Config) for TIM_LED_Config
    main.o(i.main) refers to stm32f4_discovery.o(i.STM_EVAL_PBInit) for STM_EVAL_PBInit
    main.o(i.main) refers to usbh_core.o(i.USBH_Init) for USBH_Init
    main.o(i.main) refers to usbh_core.o(i.USBH_Process) for USBH_Process
    main.o(i.main) refers to main.o(.bss) for RCC_Clocks
    main.o(i.main) refers to main.o(.data) for RepeatState
    main.o(i.main) refers to stm32f4xx_it.o(.data) for LED_Toggle
    main.o(i.main) refers to usbh_usr.o(.data) for USR_Callbacks
    main.o(i.main) refers to usbh_msc_core.o(.data) for USBH_MSC_cb
    stm32f4xx_it.o(i.EXTI0_IRQHandler) refers to stm32f4xx_exti.o(i.EXTI_GetITStatus) for EXTI_GetITStatus
    stm32f4xx_it.o(i.EXTI0_IRQHandler) refers to stm32f4_discovery_audio_codec.o(i.EVAL_AUDIO_Stop) for EVAL_AUDIO_Stop
    stm32f4xx_it.o(i.EXTI0_IRQHandler) refers to stm32f4xx_exti.o(i.EXTI_ClearITPendingBit) for EXTI_ClearITPendingBit
    stm32f4xx_it.o(i.EXTI0_IRQHandler) refers to usbh_usr.o(.data) for Command_index
    stm32f4xx_it.o(i.EXTI0_IRQHandler) refers to main.o(.data) for RepeatState
    stm32f4xx_it.o(i.EXTI0_IRQHandler) refers to waveplayer.o(.data) for XferCplt
    stm32f4xx_it.o(i.EXTI1_IRQHandler) refers to stm32f4xx_exti.o(i.EXTI_GetITStatus) for EXTI_GetITStatus
    stm32f4xx_it.o(i.EXTI1_IRQHandler) refers to stm32f4xx_exti.o(i.EXTI_ClearITPendingBit) for EXTI_ClearITPendingBit
    stm32f4xx_it.o(i.EXTI1_IRQHandler) refers to stm32f4xx_it.o(.data) for Count
    stm32f4xx_it.o(i.OTG_FS_IRQHandler) refers to usb_hcd_int.o(i.USBH_OTG_ISR_Handler) for USBH_OTG_ISR_Handler
    stm32f4xx_it.o(i.OTG_FS_IRQHandler) refers to main.o(.bss) for USB_OTG_Core
    stm32f4xx_it.o(i.SysTick_Handler) refers to waveplayer.o(i.TimingDelay_Decrement) for TimingDelay_Decrement
    stm32f4xx_it.o(i.SysTick_Handler) refers to usbh_usr.o(.data) for Command_index
    stm32f4xx_it.o(i.SysTick_Handler) refers to stm32f4xx_it.o(.data) for Time_Rec_Base
    stm32f4xx_it.o(i.TIM2_IRQHandler) refers to usb_bsp.o(i.USB_OTG_BSP_TimerIRQ) for USB_OTG_BSP_TimerIRQ
    stm32f4xx_it.o(i.TIM4_IRQHandler) refers to stm32f4_discovery_lis302dl.o(i.LIS302DL_Read) for LIS302DL_Read
    stm32f4xx_it.o(i.TIM4_IRQHandler) refers to stm32f4xx_tim.o(i.TIM_GetITStatus) for TIM_GetITStatus
    stm32f4xx_it.o(i.TIM4_IRQHandler) refers to stm32f4xx_tim.o(i.TIM_ClearITPendingBit) for TIM_ClearITPendingBit
    stm32f4xx_it.o(i.TIM4_IRQHandler) refers to stm32f4_discovery.o(i.STM_EVAL_LEDToggle) for STM_EVAL_LEDToggle
    stm32f4xx_it.o(i.TIM4_IRQHandler) refers to stm32f4_discovery.o(i.STM_EVAL_LEDOff) for STM_EVAL_LEDOff
    stm32f4xx_it.o(i.TIM4_IRQHandler) refers to stm32f4_discovery.o(i.STM_EVAL_LEDOn) for STM_EVAL_LEDOn
    stm32f4xx_it.o(i.TIM4_IRQHandler) refers to stm32f4xx_tim.o(i.TIM_GetCapture1) for TIM_GetCapture1
    stm32f4xx_it.o(i.TIM4_IRQHandler) refers to stm32f4xx_tim.o(i.TIM_SetCompare1) for TIM_SetCompare1
    stm32f4xx_it.o(i.TIM4_IRQHandler) refers to waveplayer.o(.data) for AudioPlayStart
    stm32f4xx_it.o(i.TIM4_IRQHandler) refers to stm32f4xx_it.o(.data) for LED_Toggle
    stm32f4xx_it.o(i.TIM4_IRQHandler) refers to main.o(.data) for CCR_Val
    system_stm32f4xx.o(i.SystemCoreClockUpdate) refers to system_stm32f4xx.o(.data) for SystemCoreClock
[...]
    .data                                    0x200000f4   Section        4  stm32f4_discovery_lis302dl.o(.data)
    .data                                    0x200000f8   Section       64  stm32f4_discovery_audio_codec.o(.data)
    .data                                    0x20000138   Section       16  stm32f4xx_rcc.o(.data)
    APBAHBPrescTable                         0x20000138   Data          16  stm32f4xx_rcc.o(.data)
    .data                                    0x20000148   Section        1  usbh_msc_scsi.o(.data)
    status                                   0x20000148   Data           1  usbh_msc_scsi.o(.data)
    .data                                    0x2000014c   Section       13  usbh_msc_bot.o(.data)
    BOTStallErrorCount                       0x2000014c   Data           4  usbh_msc_bot.o(.data)
    remainingDataLength                      0x20000150   Data           4  usbh_msc_bot.o(.data)
    datapointer                              0x20000154   Data           4  usbh_msc_bot.o(.data)
    error_direction                          0x20000158   Data           1  usbh_msc_bot.o(.data)
    .data                                    0x2000015c   Section       29  usbh_msc_core.o(.data)
    maxLunExceed                             0x20000178   Data           1  usbh_msc_core.o(.data)
    .data                                    0x20000179   Section        1  usbh_msc_fatfs.o(.data)
    Stat                                     0x20000179   Data           1  usbh_msc_fatfs.o(.data)
    .data                                    0x2000017c   Section       14  usbh_core.o(.data)
    timeout                                  0x20000188   Data           2  usbh_core.o(.data)
    .data                                    0x2000018c   Section        6  ff.o(.data)
    FatFs                                    0x2000018c   Data           4  ff.o(.data)
    Fsid                                     0x20000190   Data           2  ff.o(.data)
    .data                                    0x20000194   Section      772  pdm_filter.o(.data)
    .bss                                     0x20000498   Section     1348  main.o(.bss)
    .bss                                     0x200009dc   Section     3244  usbh_usr.o(.bss)
    .bss                                     0x20001688   Section     4120  waveplayer.o(.bss)
    .bss                                     0x200026a0   Section     6756  waverecorder.o(.bss)
    InternalBuffer                           0x20004084   Data         128  waverecorder.o(.bss)
    .bss                                     0x20004104   Section      120  stm32f4_discovery_audio_codec.o(.bss)
    .bss                                     0x2000417c   Section     1040  usbh_msc_scsi.o(.bss)
    .bss                                     0x2000458c   Section       64  usbh_msc_bot.o(.bss)
    .bss                                     0x200045cc   Section       74  usbh_msc_core.o(.bss)
    STACK                                    0x20004618   Section     1024  startup_stm32f4xx.o(STACK)

    Global Symbols

    Symbol Name                              Value     Ov Type        Size  Object(Section)

    BuildAttributes$$THM_ISAv4$E$P$D$K$B$S$7EM$VFPi3$EXTD16$VFPS$VFMA$PE$A:L22UL41UL21$X:L11$S22US41US21$IEEE1$IW$USESV6$~STKCKD$USESV7$~SHL$OSPACE$ROPI$EBA8$MICROLIB$REQ8$PRES8$EABIv2 0x00000000   Number         0  anon$$obj.o ABSOLUTE
    __ARM_use_no_argv                        0x00000000   Number         0  main.o ABSOLUTE
    __cpp_initialize__aeabi_                  - Undefined Weak Reference
    __cxa_finalize                            - Undefined Weak Reference
    _clock_init                               - Undefined Weak Reference
    _microlib_exit                            - Undefined Weak Reference
    __Vectors_Size                           0x00000188   Number         0  startup_stm32f4xx.o ABSOLUTE
    __Vectors                                0x08000000   Data           4  startup_stm32f4xx.o(RESET)
    __Vectors_End                            0x08000188   Data           0  startup_stm32f4xx.o(RESET)
    __main                                   0x08000189   Thumb Code     0  entry.o(.ARM.Collect$$$$00000000)
    _main_stk                                0x08000189   Thumb Code     0  entry2.o(.ARM.Collect$$$$00000001)
    _main_scatterload                        0x0800018d   Thumb Code     0  entry5.o(.ARM.Collect$$$$00000004)
    __main_after_scatterload                 0x08000191   Thumb Code     0  entry5.o(.ARM.Collect$$$$00000004)
    _main_clock                              0x08000191   Thumb Code     0  entry7b.o(.ARM.Collect$$$$00000008)
    _main_cpp_init                           0x08000191   Thumb Code     0  entry8b.o(.ARM.Collect$$$$0000000A)
    _main_init                               0x08000191   Thumb Code     0  entry9a.o(.ARM.Collect$$$$0000000B)
    __rt_final_cpp                           0x08000199   Thumb Code     0  entry10a.o(.ARM.Collect$$$$0000000D)
    __rt_final_exit                          0x08000199   Thumb Code     0  entry11a.o(.ARM.Collect$$$$0000000F)
    Reset_Handler                            0x0800019d   Thumb Code     8  startup_stm32f4xx.o(.text)
    ADC_IRQHandler                           0x080001b7   Thumb Code     0  startup_stm32f4xx.o(.text)
    CAN1_RX0_IRQHandler                      0x080001b7   Thumb Code     0  startup_stm32f4xx.o(.text)
    CAN1_RX1_IRQHandler                      0x080001b7   Thumb Code     0  startup_stm32f4xx.o(.text)
    CAN1_SCE_IRQHandler                      0x080001b7   Thumb Code     0  startup_stm32f4xx.o(.text)
    CAN1_TX_IRQHandler                       0x080001b7   Thumb Code     0  startup_stm32f4xx.o(.text)
    CAN2_RX0_IRQHandler                      0x080001b7   Thumb Code     0  startup_stm32f4xx.o(.text)
    CAN2_RX1_IRQHandler                      0x080001b7   Thumb Code     0  startup_stm32f4xx.o(.text)
    CAN2_SCE_IRQHandler                      0x080001b7   Thumb Code     0  startup_stm32f4xx.o(.text)
    CAN2_TX_IRQHandler                       0x080001b7   Thumb Code     0  startup_stm32f4xx.o(.text)
    CRYP_IRQHandler                          0x080001b7   Thumb Code     0  startup_stm32f4xx.o(.text)
    DCMI_IRQHandler                          0x080001b7   Thumb Code     0  startup_stm32f4xx.o(.text)
    DMA1_Stream1_IRQHandler                  0x080001b7   Thumb Code     0  startup_stm32f4xx.o(.text)
    DMA1_Stream2_IRQHandler                  0x080001b7   Thumb Code     0  startup_stm32f4xx.o(.text)
    DMA1_Stream3_IRQHandler                  0x080001b7   Thumb Code     0  startup_stm32f4xx.o(.text)
    DMA1_Stream4_IRQHandler                  0x080001b7   Thumb Code     0  startup_stm32f4xx.o(.text)
    DMA1_Stream5_IRQHandler                  0x080001b7   Thumb Code     0  startup_stm32f4xx.o(.text)
    DMA1_Stream6_IRQHandler                  0x080001b7   Thumb Code     0  startup_stm32f4xx.o(.text)
    DMA2_Stream0_IRQHandler                  0x080001b7   Thumb Code     0  startup_stm32f4xx.o(.text)
    DMA2_Stream1_IRQHandler                  0x080001b7   Thumb Code     0  startup_stm32f4xx.o(.text)
    DMA2_Stream2_IRQHandler                  0x080001b7   Thumb Code     0  startup_stm32f4xx.o(.text)
    DMA2_Stream3_IRQHandler                  0x080001b7   Thumb Code     0  startup_stm32f4xx.o(.text)
    DMA2_Stream4_IRQHandler                  0x080001b7   Thumb Code     0  startup_stm32f4xx.o(.text)
    DMA2_Stream5_IRQHandler                  0x080001b7   Thumb Code     0  startup_stm32f4xx.o(.text)
    DMA2_Stream6_IRQHandler                  0x080001b7   Thumb Code     0  startup_stm32f4xx.o(.text)
    DMA2_Stream7_IRQHandler                  0x080001b7   Thumb Code     0  startup_stm32f4xx.o(.text)
    ETH_IRQHandler                           0x080001b7   Thumb Code     0  startup_stm32f4xx.o(.text)
    ETH_WKUP_IRQHandler                      0x080001b7   Thumb Code     0  startup_stm32f4xx.o(.text)
    EXTI15_10_IRQHandler                     0x080001b7   Thumb Code     0  startup_stm32f4xx.o(.text)
    EXTI2_IRQHandler                         0x080001b7   Thumb Code     0  startup_stm32f4xx.o(.text)
    EXTI3_IRQHandler                         0x080001b7   Thumb Code     0  startup_stm32f4xx.o(.text)
    EXTI4_IRQHandler                         0x080001b7   Thumb Code     0  startup_stm32f4xx.o(.text)
    EXTI9_5_IRQHandler                       0x080001b7   Thumb Code     0  startup_stm32f4xx.o(.text)
    FLASH_IRQHandler                         0x080001b7   Thumb Code     0  startup_stm32f4xx.o(.text)
    FPU_IRQHandler                           0x080001b7   Thumb Code     0  startup_stm32f4xx.o(.text)
    FSMC_IRQHandler                          0x080001b7   Thumb Code     0  startup_stm32f4xx.o(.text)
    HASH_RNG_IRQHandler                      0x080001b7   Thumb Code     0  startup_stm32f4xx.o(.text)
    I2C1_ER_IRQHandler                       0x080001b7   Thumb Code     0  startup_stm32f4xx.o(.text)
    I2C1_EV_IRQHandler                       0x080001b7   Thumb Code     0  startup_stm32f4xx.o(.text)
    I2C2_ER_IRQHandler                       0x080001b7   Thumb Code     0  startup_stm32f4xx.o(.text)
    I2C2_EV_IRQHandler                       0x080001b7   Thumb Code     0  startup_stm32f4xx.o(.text)
    I2C3_ER_IRQHandler                       0x080001b7   Thumb Code     0  startup_stm32f4xx.o(.text)
    I2C3_EV_IRQHandler                       0x080001b7   Thumb Code     0  startup_stm32f4xx.o(.text)
    OTG_FS_WKUP_IRQHandler                   0x080001b7   Thumb Code     0  startup_stm32f4xx.o(.text)
    OTG_HS_EP1_IN_IRQHandler                 0x080001b7   Thumb Code     0  startup_stm32f4xx.o(.text)
    OTG_HS_EP1_OUT_IRQHandler                0x080001b7   Thumb Code     0  startup_stm32f4xx.o(.text)
    OTG_HS_IRQHandler                        0x080001b7   Thumb Code     0  startup_stm32f4xx.o(.text)
    OTG_HS_WKUP_IRQHandler                   0x080001b7   Thumb Code     0  startup_stm32f4xx.o(.text)
    PVD_IRQHandler                           0x080001b7   Thumb Code     0  startup_stm32f4xx.o(.text)
    RCC_IRQHandler                           0x080001b7   Thumb Code     0  startup_stm32f4xx.o(.text)
    RTC_Alarm_IRQHandler                     0x080001b7   Thumb Code     0  startup_stm32f4xx.o(.text)
    RTC_WKUP_IRQHandler                      0x080001b7   Thumb Code     0  startup_stm32f4xx.o(.text)
    SDIO_IRQHandler                          0x080001b7   Thumb Code     0  startup_stm32f4xx.o(.text)
    SPI1_IRQHandler                          0x080001b7   Thumb Code     0  startup_stm32f4xx.o(.text)
    TAMP_STAMP_IRQHandler                    0x080001b7   Thumb Code     0  startup_stm32f4xx.o(.text)
    TIM1_BRK_TIM9_IRQHandler                 0x080001b7   Thumb Code     0  startup_stm32f4xx.o(.text)
    TIM1_CC_IRQHandler                       0x080001b7   Thumb Code     0  startup_stm32f4xx.o(.text)
    TIM1_TRG_COM_TIM11_IRQHandler            0x080001b7   Thumb Code     0  startup_stm32f4xx.o(.text)
    TIM1_UP_TIM10_IRQHandler                 0x080001b7   Thumb Code     0  startup_stm32f4xx.o(.text)
    TIM3_IRQHandler                          0x080001b7   Thumb Code     0  startup_stm32f4xx.o(.text)
    TIM5_IRQHandler                          0x080001b7   Thumb Code     0  startup_stm32f4xx.o(.text)
    TIM6_DAC_IRQHandler                      0x080001b7   Thumb Code     0  startup_stm32f4xx.o(.text)
    TIM7_IRQHandler                          0x080001b7   Thumb Code     0  startup_stm32f4xx.o(.text)
    TIM8_BRK_TIM12_IRQHandler                0x080001b7   Thumb Code     0  startup_stm32f4xx.o(.text)
    TIM8_CC_IRQHandler                       0x080001b7   Thumb Code     0  startup_stm32f4xx.o(.text)
    TIM8_TRG_COM_TIM14_IRQHandler            0x080001b7   Thumb Code     0  startup_stm32f4xx.o(.text)
    TIM8_UP_TIM13_IRQHandler                 0x080001b7   Thumb Code     0  startup_stm32f4xx.o(.text)
    UART4_IRQHandler                         0x080001b7   Thumb Code     0  startup_stm32f4xx.o(.text)
    UART5_IRQHandler                         0x080001b7   Thumb Code     0  startup_stm32f4xx.o(.text)
    USART1_IRQHandler                        0x080001b7   Thumb Code     0  startup_stm32f4xx.o(.text)
    USART2_IRQHandler                        0x080001b7   Thumb Code     0  startup_stm32f4xx.o(.text)
    USART3_IRQHandler                        0x080001b7   Thumb Code     0  startup_stm32f4xx.o(.text)
    USART6_IRQHandler                        0x080001b7   Thumb Code     0  startup_stm32f4xx.o(.text)
    WWDG_IRQHandler                          0x080001b7   Thumb Code     0  startup_stm32f4xx.o(.text)
    PDM_Filter_Init                          0x080001c1   Thumb Code   222  pdm_filter.o(.text)
    PDM_Filter_64_LSB                        0x0800029f   Thumb Code   660  pdm_filter.o(.text)
    PDM_Filter_80_LSB                        0x08000533   Thumb Code   692  pdm_filter.o(.text)
    PDM_Filter_64_MSB                        0x080007e7   Thumb Code   658  pdm_filter.o(.text)
    PDM_Filter_80_MSB                        0x08000a79   Thumb Code   830  pdm_filter.o(.text)
    __ARM_scalbnf                            0x08000dbd   Thumb Code    24  fscalb.o(.text)
    scalbnf                                  0x08000dbd   Thumb Code     0  fscalb.o(.text)
    __aeabi_dadd                             0x08000dd5   Thumb Code   322  dadd.o(.text)
    __aeabi_dsub                             0x08000f17   Thumb Code     6  dadd.o(.text)
    __aeabi_drsub                            0x08000f1d   Thumb Code     6  dadd.o(.text)
    __aeabi_dmul                             0x08000f23   Thumb Code   228  dmul.o(.text)
    __aeabi_ddiv                             0x08001007   Thumb Code   222  ddiv.o(.text)
    __aeabi_ui2d                             0x080010e5   Thumb Code    26  dfltui.o(.text)
    __aeabi_d2uiz                            0x080010ff   Thumb Code    50  dfixui.o(.text)
    __aeabi_f2d                              0x08001131   Thumb Code    38  f2d.o(.text)
    __aeabi_llsl                             0x08001157   Thumb Code    30  llshl.o(.text)
    _ll_shift_l                              0x08001157   Thumb Code     0  llshl.o(.text)
    __aeabi_llsr                             0x08001175   Thumb Code    32  llushr.o(.text)
    _ll_ushift_r                             0x08001175   Thumb Code     0  llushr.o(.text)
    __aeabi_lasr                             0x08001195   Thumb Code    36  llsshr.o(.text)
    _ll_sshift_r                             0x08001195   Thumb Code     0  llsshr.o(.text)
    __I$use$fp                               0x080011b9   Thumb Code     0  iusefp.o(.text)
    _double_round                            0x080011b9   Thumb Code    30  depilogue.o(.text)
    _double_epilogue                         0x080011d7   Thumb Code   156  depilogue.o(.text)
    __scatterload                            0x08001275   Thumb Code    28  init.o(.text)
    __scatterload_rt2                        0x08001275   Thumb Code     0  init.o(.text)
    __decompress                             0x08001299   Thumb Code     0  __dczerorl2.o(.text)
    __decompress1                            0x08001299   Thumb Code    86  __dczerorl2.o(.text)
    Audio_MAL_Play                           0x08001525   Thumb Code    92  stm32f4_discovery_audio_codec.o(i.Audio_MAL_Play)
    BusFault_Handler                         0x08001677   Thumb Code     4  stm32f4xx_it.o(i.BusFault_Handler)
    COMMAND_AudioExecuteApplication          0x0800167d   Thumb Code    44  usbh_usr.o(i.COMMAND_AudioExecuteApplication)
    Codec_TIMEOUT_UserCallback               0x08001c11   Thumb Code     4  waveplayer.o(i.Codec_TIMEOUT_UserCallback)
    DAC_Cmd                                  0x08001d85   Thumb Code    34  stm32f4xx_dac.o(i.DAC_Cmd)
    DAC_Config                               0x08001dad   Thumb Code    70  stm32f4_discovery_audio_codec.o(i.DAC_Config)
    DAC_Init                                 0x08001dfd   Thumb Code    46  stm32f4xx_dac.o(i.DAC_Init)
    DAC_SetChannel1Data                      0x08001e31   Thumb Code    26  stm32f4xx_dac.o(i.DAC_SetChannel1Data)
    DMA1_Stream0_IRQHandler                  0x08001e51   Thumb Code     8  stm32f4_discovery_audio_codec.o(i.DMA1_Stream0_IRQHandler)
    DMA1_Stream7_IRQHandler                  0x08001e59   Thumb Code     8  stm32f4_discovery_audio_codec.o(i.DMA1_Stream7_IRQHandler)
    DMA_ClearFlag                            0x08001e61   Thumb Code    38  stm32f4xx_dma.o(i.DMA_ClearFlag)
    DMA_Cmd                                  0x08001e95   Thumb Code    22  stm32f4xx_dma.o(i.DMA_Cmd)
    DMA_DeInit                               0x08001ead   Thumb Code   324  stm32f4xx_dma.o(i.DMA_DeInit)
    DMA_GetCmdStatus                         0x08002005   Thumb Code    20  stm32f4xx_dma.o(i.DMA_GetCmdStatus)
    DMA_GetFlagStatus                        0x08002019   Thumb Code    54  stm32f4xx_dma.o(i.DMA_GetFlagStatus)
    DMA_ITConfig                             0x0800205d   Thumb Code    58  stm32f4xx_dma.o(i.DMA_ITConfig)
    DMA_Init                                 0x08002099   Thumb Code    82  stm32f4xx_dma.o(i.DMA_Init)
    DebugMon_Handler                         0x080020f1   Thumb Code     2  stm32f4xx_it.o(i.DebugMon_Handler)
    Delay                                    0x080020f5   Thumb Code    20  waveplayer.o(i.Delay)
    EVAL_AUDIO_GetSampleCallBack             0x0800211f   Thumb Code     4  waveplayer.o(i.EVAL_AUDIO_GetSampleCallBack)
    EVAL_AUDIO_Init                          0x08002123   Thumb Code    58  stm32f4_discovery_audio_codec.o(i.EVAL_AUDIO_Init)
    EVAL_AUDIO_PauseResume                   0x0800215d   Thumb Code    28  stm32f4_discovery_audio_codec.o(i.EVAL_AUDIO_PauseResume)
    EVAL_AUDIO_SetAudioInterface             0x08002179   Thumb Code   156  stm32f4_discovery_audio_codec.o(i.EVAL_AUDIO_SetAudioInterface)
    EVAL_AUDIO_Stop                          0x08002255   Thumb Code    32  stm32f4_discovery_audio_codec.o(i.EVAL_AUDIO_Stop)
    EVAL_AUDIO_TransferComplete_CallBack     0x0800227d   Thumb Code    42  waveplayer.o(i.EVAL_AUDIO_TransferComplete_CallBack)
    EXTI0_IRQHandler                         0x080022b1   Thumb Code    72  stm32f4xx_it.o(i.EXTI0_IRQHandler)
    EXTI1_IRQHandler                         0x08002305   Thumb Code    50  stm32f4xx_it.o(i.EXTI1_IRQHandler)
    EXTI_ClearITPendingBit                   0x080023bd   Thumb Code     6  stm32f4xx_exti.o(i.EXTI_ClearITPendingBit)
    EXTI_GetITStatus                         0x080023c9   Thumb Code    34  stm32f4xx_exti.o(i.EXTI_GetITStatus)
    EXTI_Init                                0x080023f1   Thumb Code   142  stm32f4xx_exti.o(i.EXTI_Init)
    GPIO_Init                                0x08002485   Thumb Code   144  stm32f4xx_gpio.o(i.GPIO_Init)
    GPIO_PinAFConfig                         0x08002515   Thumb Code    70  stm32f4xx_gpio.o(i.GPIO_PinAFConfig)
    GPIO_ResetBits                           0x0800255b   Thumb Code     4  stm32f4xx_gpio.o(i.GPIO_ResetBits)
    GPIO_SetBits                             0x0800255f   Thumb Code     4  stm32f4xx_gpio.o(i.GPIO_SetBits)
    GPIO_WriteBit                            0x08002563   Thumb Code    10  stm32f4xx_gpio.o(i.GPIO_WriteBit)
    HCD_GetCurrentFrame                      0x0800256d   Thumb Code    10  usb_hcd.o(i.HCD_GetCurrentFrame)
    HCD_GetCurrentSpeed                      0x08002577   Thumb Code    20  usb_hcd.o(i.HCD_GetCurrentSpeed)
    HCD_GetURB_State                         0x0800258b   Thumb Code    10  usb_hcd.o(i.HCD_GetURB_State)
    HCD_GetXferCnt                           0x08002595   Thumb Code    12  usb_hcd.o(i.HCD_GetXferCnt)
    HCD_Init                                 0x080025a1   Thumb Code    96  usb_hcd.o(i.HCD_Init)
    HCD_IsDeviceConnected                    0x08002601   Thumb Code     8  usb_hcd.o(i.HCD_IsDeviceConnected)
    HCD_ResetPort                            0x08002609   Thumb Code    14  usb_hcd.o(i.HCD_ResetPort)
    HCD_SubmitRequest                        0x08002617   Thumb Code    32  usb_hcd.o(i.HCD_SubmitRequest)
    HardFault_Handler                        0x08002637   Thumb Code     4  stm32f4xx_it.o(i.HardFault_Handler)
    I2C_AcknowledgeConfig                    0x0800263b   Thumb Code    24  stm32f4xx_i2c.o(i.I2C_AcknowledgeConfig)
    I2C_CheckEvent                           0x08002653   Thumb Code    42  stm32f4xx_i2c.o(i.I2C_CheckEvent)
    I2C_ClearFlag                            0x0800267d   Thumb Code    12  stm32f4xx_i2c.o(i.I2C_ClearFlag)
    I2C_Cmd                                  0x08002689   Thumb Code    24  stm32f4xx_i2c.o(i.I2C_Cmd)
    I2C_DeInit                               0x080026a1   Thumb Code    82  stm32f4xx_i2c.o(i.I2C_DeInit)
    I2C_GenerateSTART                        0x08002701   Thumb Code    24  stm32f4xx_i2c.o(i.I2C_GenerateSTART)
    I2C_GenerateSTOP                         0x08002719   Thumb Code    24  stm32f4xx_i2c.o(i.I2C_GenerateSTOP)
    I2C_GetFlagStatus                        0x08002731   Thumb Code    58  stm32f4xx_i2c.o(i.I2C_GetFlagStatus)
    I2C_Init                                 0x0800276d   Thumb Code   218  stm32f4xx_i2c.o(i.I2C_Init)
    I2C_ReceiveData                          0x08002855   Thumb Code     8  stm32f4xx_i2c.o(i.I2C_ReceiveData)
    I2C_Send7bitAddress                      0x0800285d   Thumb Code    16  stm32f4xx_i2c.o(i.I2C_Send7bitAddress)
    I2C_SendData                             0x0800286d   Thumb Code     4  stm32f4xx_i2c.o(i.I2C_SendData)
    I2S_Cmd                                  0x08002871   Thumb Code    24  stm32f4xx_spi.o(i.I2S_Cmd)
    I2S_Init                                 0x08002889   Thumb Code   350  stm32f4xx_spi.o(i.I2S_Init)
    LIS302DL_Init                            0x080029f1   Thumb Code    44  stm32f4_discovery_lis302dl.o(i.LIS302DL_Init)
    LIS302DL_InterruptConfig                 0x08002a1d   Thumb Code    42  stm32f4_discovery_lis302dl.o(i.LIS302DL_InterruptConfig)
    LIS302DL_Read                            0x08002b7d   Thumb Code    66  stm32f4_discovery_lis302dl.o(i.LIS302DL_Read)
    LIS302DL_TIMEOUT_UserCallback            0x08002c39   Thumb Code     4  waveplayer.o(i.LIS302DL_TIMEOUT_UserCallback)
    LIS302DL_Write                           0x08002c3d   Thumb Code    58  stm32f4_discovery_lis302dl.o(i.LIS302DL_Write)
    MemManage_Handler                        0x08002c7d   Thumb Code     4  stm32f4xx_it.o(i.MemManage_Handler)
    NMI_Handler                              0x08002d33   Thumb Code     2  stm32f4xx_it.o(i.NMI_Handler)
    NVIC_Init                                0x08002d35   Thumb Code   106  misc.o(i.NVIC_Init)
    NVIC_PriorityGroupConfig                 0x08002dad   Thumb Code    10  misc.o(i.NVIC_PriorityGroupConfig)
    NVIC_SetVectorTable                      0x08002dc1   Thumb Code    12  misc.o(i.NVIC_SetVectorTable)
    OTG_FS_IRQHandler                        0x08002dd5   Thumb Code    10  stm32f4xx_it.o(i.OTG_FS_IRQHandler)
    PendSV_Handler                           0x08002de5   Thumb Code     2  stm32f4xx_it.o(i.PendSV_Handler)
    RCC_AHB1PeriphClockCmd                   0x08002de9   Thumb Code    26  stm32f4xx_rcc.o(i.RCC_AHB1PeriphClockCmd)
    RCC_AHB2PeriphClockCmd                   0x08002e09   Thumb Code    26  stm32f4xx_rcc.o(i.RCC_AHB2PeriphClockCmd)
    RCC_APB1PeriphClockCmd                   0x08002e29   Thumb Code    26  stm32f4xx_rcc.o(i.RCC_APB1PeriphClockCmd)
    RCC_APB1PeriphResetCmd                   0x08002e49   Thumb Code    26  stm32f4xx_rcc.o(i.RCC_APB1PeriphResetCmd)
    RCC_APB2PeriphClockCmd                   0x08002e69   Thumb Code    26  stm32f4xx_rcc.o(i.RCC_APB2PeriphClockCmd)
    RCC_APB2PeriphResetCmd                   0x08002e89   Thumb Code    26  stm32f4xx_rcc.o(i.RCC_APB2PeriphResetCmd)
    RCC_GetClocksFreq                        0x08002ea9   Thumb Code   214  stm32f4xx_rcc.o(i.RCC_GetClocksFreq)
    ReadUnit                                 0x08002f91   Thumb Code    38  waveplayer.o(i.ReadUnit)
    SPI2_IRQHandler                          0x08002fb9   Thumb Code    84  waverecorder.o(i.SPI2_IRQHandler)
    SPI3_IRQHandler                          0x08003025   Thumb Code    50  stm32f4_discovery_audio_codec.o(i.SPI3_IRQHandler)
    SPI_Cmd                                  0x08003061   Thumb Code    24  stm32f4xx_spi.o(i.SPI_Cmd)
    SPI_I2S_DMACmd                           0x08003079   Thumb Code    18  stm32f4xx_spi.o(i.SPI_I2S_DMACmd)
    SPI_I2S_DeInit                           0x0800308d   Thumb Code    76  stm32f4xx_spi.o(i.SPI_I2S_DeInit)
    SPI_I2S_GetFlagStatus                    0x080030e5   Thumb Code    18  stm32f4xx_spi.o(i.SPI_I2S_GetFlagStatus)
    SPI_I2S_GetITStatus                      0x080030f7   Thumb Code    52  stm32f4xx_spi.o(i.SPI_I2S_GetITStatus)
    SPI_I2S_ITConfig                         0x0800312b   Thumb Code    32  stm32f4xx_spi.o(i.SPI_I2S_ITConfig)
    SPI_I2S_ReceiveData                      0x0800314b   Thumb Code     6  stm32f4xx_spi.o(i.SPI_I2S_ReceiveData)
    SPI_I2S_SendData                         0x08003151   Thumb Code     4  stm32f4xx_spi.o(i.SPI_I2S_SendData)
    SPI_Init                                 0x08003155   Thumb Code    60  stm32f4xx_spi.o(i.SPI_Init)
    STM_EVAL_LEDInit                         0x08003191   Thumb Code    62  stm32f4_discovery.o(i.STM_EVAL_LEDInit)
    STM_EVAL_LEDOff                          0x080031dd   Thumb Code    16  stm32f4_discovery.o(i.STM_EVAL_LEDOff)
    STM_EVAL_LEDOn                           0x080031f5   Thumb Code    16  stm32f4_discovery.o(i.STM_EVAL_LEDOn)
    STM_EVAL_LEDToggle                       0x0800320d   Thumb Code    26  stm32f4_discovery.o(i.STM_EVAL_LEDToggle)
    STM_EVAL_PBInit                          0x08003231   Thumb Code   140  stm32f4_discovery.o(i.STM_EVAL_PBInit)
    SVC_Handler                              0x080032d9   Thumb Code     2  stm32f4xx_it.o(i.SVC_Handler)
    SYSCFG_EXTILineConfig                    0x080032dd   Thumb Code    60  stm32f4xx_syscfg.o(i.SYSCFG_EXTILineConfig)
    SysTick_Handler                          0x08003441   Thumb Code    26  stm32f4xx_it.o(i.SysTick_Handler)
    SystemInit                               0x08003465   Thumb Code    88  system_stm32f4xx.o(i.SystemInit)
    TIM2_IRQHandler                          0x080034cd   Thumb Code     8  stm32f4xx_it.o(i.TIM2_IRQHandler)
    TIM4_IRQHandler                          0x080034d5   Thumb Code   210  stm32f4xx_it.o(i.TIM4_IRQHandler)
    TIM_ARRPreloadConfig                     0x080035c1   Thumb Code    24  stm32f4xx_tim.o(i.TIM_ARRPreloadConfig)
    TIM_ClearITPendingBit                    0x080035d9   Thumb Code     6  stm32f4xx_tim.o(i.TIM_ClearITPendingBit)
    TIM_Cmd                                  0x080035df   Thumb Code    24  stm32f4xx_tim.o(i.TIM_Cmd)
    TIM_GetCapture1                          0x080035f7   Thumb Code     6  stm32f4xx_tim.o(i.TIM_GetCapture1)
    TIM_GetITStatus                          0x080035fd   Thumb Code    34  stm32f4xx_tim.o(i.TIM_GetITStatus)
    TIM_ITConfig                             0x0800361f   Thumb Code    18  stm32f4xx_tim.o(i.TIM_ITConfig)
    TIM_OC1Init                              0x080036f5   Thumb Code   114  stm32f4xx_tim.o(i.TIM_OC1Init)
    TIM_OC1PreloadConfig                     0x08003771   Thumb Code    18  stm32f4xx_tim.o(i.TIM_OC1PreloadConfig)
    TIM_SetCompare1                          0x08003783   Thumb Code     4  stm32f4xx_tim.o(i.TIM_SetCompare1)
    TIM_TimeBaseInit                         0x08003789   Thumb Code   104  stm32f4xx_tim.o(i.TIM_TimeBaseInit)
    TimingDelay_Decrement                    0x0800380d   Thumb Code    18  waveplayer.o(i.TimingDelay_Decrement)
    USBH_Alloc_Channel                       0x08003825   Thumb Code    38  usbh_hcs.o(i.USBH_Alloc_Channel)
    USBH_BulkReceiveData                     0x0800384b   Thumb Code    96  usbh_ioreq.o(i.USBH_BulkReceiveData)
    USBH_BulkSendData                        0x080038ab   Thumb Code    94  usbh_ioreq.o(i.USBH_BulkSendData)
    USBH_ClrFeature                          0x08003909   Thumb Code    76  usbh_stdreq.o(i.USBH_ClrFeature)
    USBH_Connect                             0x08003955   Thumb Code    20  usbh_core.o(i.USBH_Connect)
    USBH_CtlReceiveData                      0x08003969   Thumb Code    70  usbh_ioreq.o(i.USBH_CtlReceiveData)
    USBH_CtlReq                              0x080039af   Thumb Code   112  usbh_ioreq.o(i.USBH_CtlReq)
    USBH_CtlSendData                         0x08003a1f   Thumb Code   110  usbh_ioreq.o(i.USBH_CtlSendData)
    USBH_CtlSendSetup                        0x08003a8d   Thumb Code    66  usbh_ioreq.o(i.USBH_CtlSendSetup)
    USBH_DeAllocate_AllChannel               0x08003acf   Thumb Code    28  usbh_hcs.o(i.USBH_DeAllocate_AllChannel)
    USBH_DeInit                              0x08003aeb   Thumb Code    58  usbh_core.o(i.USBH_DeInit)
    USBH_Disconnect                          0x08003b25   Thumb Code    20  usbh_core.o(i.USBH_Disconnect)
    USBH_ErrorHandle                         0x08003b39   Thumb Code    46  usbh_core.o(i.USBH_ErrorHandle)
    USBH_Free_Channel                        0x08003b67   Thumb Code    30  usbh_hcs.o(i.USBH_Free_Channel)
    USBH_GetDescriptor                       0x08003b85   Thumb Code    68  usbh_stdreq.o(i.USBH_GetDescriptor)
    USBH_Get_CfgDesc                         0x08003c03   Thumb Code    64  usbh_stdreq.o(i.USBH_Get_CfgDesc)
    USBH_Get_DevDesc                         0x08003c43   Thumb Code    56  usbh_stdreq.o(i.USBH_Get_DevDesc)
    USBH_Get_StringDesc                      0x08003c7b   Thumb Code    60  usbh_stdreq.o(i.USBH_Get_StringDesc)
    USBH_HandleControl                       0x08003cb9   Thumb Code   546  usbh_core.o(i.USBH_HandleControl)
    USBH_Init                                0x080040b9   Thumb Code    88  usbh_core.o(i.USBH_Init)
    USBH_MSC_BOT_Abort                       0x08004139   Thumb Code    86  usbh_msc_bot.o(i.USBH_MSC_BOT_Abort)
    USBH_MSC_DecodeCSW                       0x080041ad   Thumb Code   108  usbh_msc_bot.o(i.USBH_MSC_DecodeCSW)
    USBH_MSC_ErrorHandle                     0x0800422d   Thumb Code    58  usbh_msc_core.o(i.USBH_MSC_ErrorHandle)
    USBH_MSC_HandleBOTXfer                   0x08004445   Thumb Code   730  usbh_msc_bot.o(i.USBH_MSC_HandleBOTXfer)
    USBH_MSC_Init                            0x08004741   Thumb Code    44  usbh_msc_bot.o(i.USBH_MSC_Init)
    USBH_MSC_ModeSense6                      0x080048a1   Thumb Code   192  usbh_msc_scsi.o(i.USBH_MSC_ModeSense6)
    USBH_MSC_Read10                          0x08004971   Thumb Code   242  usbh_msc_scsi.o(i.USBH_MSC_Read10)
    USBH_MSC_ReadCapacity10                  0x08004a71   Thumb Code   202  usbh_msc_scsi.o(i.USBH_MSC_ReadCapacity10)
    USBH_MSC_RequestSense                    0x08004b4d   Thumb Code   208  usbh_msc_scsi.o(i.USBH_MSC_RequestSense)
    USBH_MSC_TestUnitReady                   0x08004c2d   Thumb Code   162  usbh_msc_scsi.o(i.USBH_MSC_TestUnitReady)
    USBH_MSC_Write10                         0x08004cdd   Thumb Code   218  usbh_msc_scsi.o(i.USBH_MSC_Write10)
    USBH_Modify_Channel                      0x08004dc1   Thumb Code   100  usbh_hcs.o(i.USBH_Modify_Channel)
    USBH_OTG_ISR_Handler                     0x08004e25   Thumb Code   168  usb_hcd_int.o(i.USBH_OTG_ISR_Handler)
    USBH_Open_Channel                        0x08004ecd   Thumb Code   154  usbh_hcs.o(i.USBH_Open_Channel)
    USBH_Process                             0x08005115   Thumb Code   430  usbh_core.o(i.USBH_Process)
    USBH_SetAddress                          0x080052c3   Thumb Code    38  usbh_stdreq.o(i.USBH_SetAddress)
    USBH_SetCfg                              0x080052e9   Thumb Code    38  usbh_stdreq.o(i.USBH_SetCfg)
    USBH_USR_Configuration_DescAvailable     0x08005327   Thumb Code     2  usbh_usr.o(i.USBH_USR_Configuration_DescAvailable)
    USBH_USR_DeInit                          0x08005329   Thumb Code     8  usbh_usr.o(i.USBH_USR_DeInit)
    USBH_USR_DeviceAddressAssigned           0x08005335   Thumb Code     2  usbh_usr.o(i.USBH_USR_DeviceAddressAssigned)
    USBH_USR_DeviceAttached                  0x08005339   Thumb Code    38  usbh_usr.o(i.USBH_USR_DeviceAttached)
    USBH_USR_DeviceDisconnected              0x0800536d   Thumb Code    80  usbh_usr.o(i.USBH_USR_DeviceDisconnected)
    USBH_USR_DeviceNotSupported              0x080053d1   Thumb Code     2  usbh_usr.o(i.USBH_USR_DeviceNotSupported)
    USBH_USR_DeviceSpeedDetected             0x080053d3   Thumb Code     2  usbh_usr.o(i.USBH_USR_DeviceSpeedDetected)
    USBH_USR_Device_DescAvailable            0x080053d5   Thumb Code     2  usbh_usr.o(i.USBH_USR_Device_DescAvailable)
    USBH_USR_EnumerationDone                 0x080053d7   Thumb Code    16  usbh_usr.o(i.USBH_USR_EnumerationDone)
    USBH_USR_Init                            0x080053e7   Thumb Code     2  usbh_usr.o(i.USBH_USR_Init)
    USBH_USR_MSC_Application                 0x080053e9   Thumb Code    76  usbh_usr.o(i.USBH_USR_MSC_Application)
    USBH_USR_Manufacturer_String             0x08005441   Thumb Code     2  usbh_usr.o(i.USBH_USR_Manufacturer_String)
    USBH_USR_OverCurrentDetected             0x08005443   Thumb Code     2  usbh_usr.o(i.USBH_USR_OverCurrentDetected)
    USBH_USR_Product_String                  0x08005445   Thumb Code     2  usbh_usr.o(i.USBH_USR_Product_String)
    USBH_USR_ResetDevice                     0x08005447   Thumb Code     2  usbh_usr.o(i.USBH_USR_ResetDevice)
    USBH_USR_SerialNum_String                0x08005449   Thumb Code     2  usbh_usr.o(i.USBH_USR_SerialNum_String)
    USBH_USR_UnrecoveredError                0x0800544b   Thumb Code     2  usbh_usr.o(i.USBH_USR_UnrecoveredError)
    USBH_USR_UserInput                       0x0800544d   Thumb Code     4  usbh_usr.o(i.USBH_USR_UserInput)
    USB_OTG_BSP_ConfigVBUS                   0x08005451   Thumb Code    62  usb_bsp.o(i.USB_OTG_BSP_ConfigVBUS)
    USB_OTG_BSP_DriveVBUS                    0x08005495   Thumb Code    28  usb_bsp.o(i.USB_OTG_BSP_DriveVBUS)
    USB_OTG_BSP_EnableInterrupt              0x080054b5   Thumb Code    70  usb_bsp.o(i.USB_OTG_BSP_EnableInterrupt)
    USB_OTG_BSP_Init                         0x080054fd   Thumb Code   140  usb_bsp.o(i.USB_OTG_BSP_Init)
    USB_OTG_BSP_TimerIRQ                     0x080055c9   Thumb Code    50  usb_bsp.o(i.USB_OTG_BSP_TimerIRQ)
    USB_OTG_BSP_mDelay                       0x08005601   Thumb Code    14  usb_bsp.o(i.USB_OTG_BSP_mDelay)
    USB_OTG_BSP_uDelay                       0x0800560f   Thumb Code    14  usb_bsp.o(i.USB_OTG_BSP_uDelay)
    USB_OTG_CoreInit                         0x0800561d   Thumb Code   462  usb_core.o(i.USB_OTG_CoreInit)
    USB_OTG_CoreInitHost                     0x080057eb   Thumb Code   194  usb_core.o(i.USB_OTG_CoreInitHost)
    USB_OTG_DisableGlobalInt                 0x0800591d   Thumb Code    34  usb_core.o(i.USB_OTG_DisableGlobalInt)
    USB_OTG_DriveVbus                        0x0800593f   Thumb Code    92  usb_core.o(i.USB_OTG_DriveVbus)
    USB_OTG_EnableGlobalInt                  0x080059cb   Thumb Code    34  usb_core.o(i.USB_OTG_EnableGlobalInt)
    USB_OTG_EnableHostInt                    0x080059ed   Thumb Code   116  usb_core.o(i.USB_OTG_EnableHostInt)
    USB_OTG_FlushRxFifo                      0x08005a61   Thumb Code    70  usb_core.o(i.USB_OTG_FlushRxFifo)
    USB_OTG_FlushTxFifo                      0x08005aad   Thumb Code    80  usb_core.o(i.USB_OTG_FlushTxFifo)
    USB_OTG_GetMode                          0x08005b01   Thumb Code    12  usb_core.o(i.USB_OTG_GetMode)
    USB_OTG_HC_DoPing                        0x08005b0d   Thumb Code    90  usb_core.o(i.USB_OTG_HC_DoPing)
    USB_OTG_HC_Halt                          0x08005b67   Thumb Code   126  usb_core.o(i.USB_OTG_HC_Halt)
    USB_OTG_HC_Init                          0x08005be5   Thumb Code   568  usb_core.o(i.USB_OTG_HC_Init)
    USB_OTG_HC_StartXfer                     0x08005e1d   Thumb Code   502  usb_core.o(i.USB_OTG_HC_StartXfer)
    USB_OTG_InitFSLSPClkSel                  0x08006013   Thumb Code    24  usb_core.o(i.USB_OTG_InitFSLSPClkSel)
    USB_OTG_IsEvenFrame                      0x0800602b   Thumb Code    16  usb_core.o(i.USB_OTG_IsEvenFrame)
    USB_OTG_IsHostMode                       0x0800603b   Thumb Code    20  usb_core.o(i.USB_OTG_IsHostMode)
    USB_OTG_ReadCoreItr                      0x0800604f   Thumb Code    16  usb_core.o(i.USB_OTG_ReadCoreItr)
    USB_OTG_ReadHPRT0                        0x0800605f   Thumb Code    48  usb_core.o(i.USB_OTG_ReadHPRT0)
    USB_OTG_ReadHostAllChannels_intr         0x0800608f   Thumb Code     8  usb_core.o(i.USB_OTG_ReadHostAllChannels_intr)
    USB_OTG_ReadPacket                       0x08006097   Thumb Code    40  usb_core.o(i.USB_OTG_ReadPacket)
    USB_OTG_ResetPort                        0x080060bf   Thumb Code    64  usb_core.o(i.USB_OTG_ResetPort)
    USB_OTG_SelectCore                       0x08006101   Thumb Code   204  usb_core.o(i.USB_OTG_SelectCore)
    USB_OTG_SetCurrentMode                   0x080061d1   Thumb Code    78  usb_core.o(i.USB_OTG_SetCurrentMode)
    USB_OTG_WritePacket                      0x08006f8b   Thumb Code    64  usb_core.o(i.USB_OTG_WritePacket)
    UsageFault_Handler                       0x08006fcb   Thumb Code     4  stm32f4xx_it.o(i.UsageFault_Handler)
    WavaRecorderHeaderInit                   0x08006fcf   Thumb Code   216  waverecorder.o(i.WavaRecorderHeaderInit)
    WavePlayBack                             0x080070a9   Thumb Code   322  waveplayer.o(i.WavePlayBack)
    WavePlayerInit                           0x0800722d   Thumb Code    34  waveplayer.o(i.WavePlayerInit)
    WavePlayerPauseResume                    0x08007255   Thumb Code    12  waveplayer.o(i.WavePlayerPauseResume)
    WavePlayerStart                          0x08007261   Thumb Code   156  waveplayer.o(i.WavePlayerStart)
    WavePlayerStop                           0x08007349   Thumb Code    10  waveplayer.o(i.WavePlayerStop)
    WavePlayer_CallBack                      0x08007355   Thumb Code    78  waveplayer.o(i.WavePlayer_CallBack)
    WaveRecorderInit                         0x08007575   Thumb Code   100  waverecorder.o(i.WaveRecorderInit)
    WaveRecorderStart                        0x080075f1   Thumb Code    46  waverecorder.o(i.WaveRecorderStart)
    WaveRecorderStop                         0x08007631   Thumb Code    24  waverecorder.o(i.WaveRecorderStop)
    WaveRecorderUpdate                       0x08007651   Thumb Code   592  waverecorder.o(i.WaveRecorderUpdate)
    __scatterload_copy                       0x080079d9   Thumb Code    14  handlers.o(i.__scatterload_copy)
    __scatterload_null                       0x080079e7   Thumb Code     2  handlers.o(i.__scatterload_null)
    __scatterload_zeroinit                   0x080079e9   Thumb Code    14  handlers.o(i.__scatterload_zeroinit)
    chk_mounted                              0x08007a9d   Thumb Code   776  ff.o(i.chk_mounted)
    clust2sect                               0x08007db5   Thumb Code    26  ff.o(i.clust2sect)
    disk_initialize                          0x08008301   Thumb Code    30  usbh_msc_fatfs.o(i.disk_initialize)
    disk_ioctl                               0x08008329   Thumb Code    86  usbh_msc_fatfs.o(i.disk_ioctl)
    disk_read                                0x08008389   Thumb Code    96  usbh_msc_fatfs.o(i.disk_read)
    disk_status                              0x080083f5   Thumb Code    14  usbh_msc_fatfs.o(i.disk_status)
    disk_write                               0x08008409   Thumb Code   110  usbh_msc_fatfs.o(i.disk_write)
    f_close                                  0x08008485   Thumb Code    22  ff.o(i.f_close)
    f_lseek                                  0x0800849b   Thumb Code   476  ff.o(i.f_lseek)
    f_mount                                  0x08008679   Thumb Code    38  ff.o(i.f_mount)
    f_open                                   0x080086a5   Thumb Code   396  ff.o(i.f_open)
    f_opendir                                0x08008831   Thumb Code   104  ff.o(i.f_opendir)
    f_read                                   0x08008899   Thumb Code   508  ff.o(i.f_read)
    f_sync                                   0x08008a95   Thumb Code   184  ff.o(i.f_sync)
    f_unlink                                 0x08008b4d   Thumb Code   186  ff.o(i.f_unlink)
    f_write                                  0x08008c07   Thumb Code   568  ff.o(i.f_write)
    get_fat                                  0x08008ee5   Thumb Code   342  ff.o(i.get_fat)
    get_fattime                              0x0800903b   Thumb Code     4  fattime.o(i.get_fattime)
    main                                     0x08009041   Thumb Code   168  main.o(i.main)
    put_fat                                  0x080091d3   Thumb Code   398  ff.o(i.put_fat)
    GPIO_PIN                                 0x080094bc   Data           8  stm32f4_discovery.o(.constdata)
    GPIO_CLK                                 0x080094c4   Data          16  stm32f4_discovery.o(.constdata)
    BUTTON_PIN                               0x080094d4   Data           2  stm32f4_discovery.o(.constdata)
    BUTTON_CLK                               0x080094d8   Data           4  stm32f4_discovery.o(.constdata)
    BUTTON_EXTI_LINE                         0x080094dc   Data           2  stm32f4_discovery.o(.constdata)
    BUTTON_PORT_SOURCE                       0x080094de   Data           1  stm32f4_discovery.o(.constdata)
    BUTTON_PIN_SOURCE                        0x080094df   Data           1  stm32f4_discovery.o(.constdata)
    BUTTON_IRQn                              0x080094e0   Data           1  stm32f4_discovery.o(.constdata)
    Region$$Table$$Base                      0x080095a8   Number         0  anon$$obj.o(Region$$Table)
    Region$$Table$$Limit                     0x080095c8   Number         0  anon$$obj.o(Region$$Table)
    RepeatState                              0x20000000   Data           1  main.o(.data)
    CCR_Val                                  0x20000002   Data           2  main.o(.data)
    PauseResumeStatus                        0x20000004   Data           1  stm32f4xx_it.o(.data)
    Count                                    0x20000005   Data           1  stm32f4xx_it.o(.data)
    LED_Toggle                               0x20000006   Data           1  stm32f4xx_it.o(.data)
    capture                                  0x20000008   Data           2  stm32f4xx_it.o(.data)
    Time_Rec_Base                            0x2000000a   Data           2  stm32f4xx_it.o(.data)
    SystemCoreClock                          0x2000000c   Data           4  system_stm32f4xx.o(.data)
    AHBPrescTable                            0x20000010   Data          16  system_stm32f4xx.o(.data)
    HSEStartUpStatus                         0x20000020   Data           1  usb_bsp.o(.data)
    BSP_delay                                0x20000024   Data           4  usb_bsp.o(.data)
    Command_index                            0x20000028   Data           1  usbh_usr.o(.data)
    USR_Callbacks                            0x2000002c   Data          72  usbh_usr.o(.data)
    joystick_use                             0x20000074   Data           1  usbh_usr.o(.data)
    lcdLineNo                                0x20000075   Data           1  usbh_usr.o(.data)
    WaveFileStatus                           0x20000084   Data           1  waveplayer.o(.data)
    BytesRead                                0x20000088   Data           4  waveplayer.o(.data)
    buffer_switch                            0x2000008c   Data           1  waveplayer.o(.data)
    XferCplt                                 0x20000090   Data           4  waveplayer.o(.data)
    volume                                   0x20000094   Data           1  waveplayer.o(.data)
    AudioPlayStart                           0x20000095   Data           1  waveplayer.o(.data)
    WaveCounter                              0x20000098   Data           4  waveplayer.o(.data)
    Buffer                                   0x2000009c   Data           6  waveplayer.o(.data)
    WaveDataLength                           0x200000a4   Data           4  waveplayer.o(.data)
    buf_idx                                  0x200000ac   Data           2  waverecorder.o(.data)
    buf_idx1                                 0x200000ae   Data           2  waverecorder.o(.data)
    writebuffer                              0x200000b0   Data           4  waverecorder.o(.data)
    counter                                  0x200000b4   Data           2  waverecorder.o(.data)
    WaveRecStatus                            0x200000b6   Data           1  waverecorder.o(.data)
    AudioRecBitRes                           0x200000bc   Data           4  waverecorder.o(.data)
    Switch                                   0x200000c0   Data           1  waverecorder.o(.data)
    Data_Status                              0x200000c4   Data           4  waverecorder.o(.data)
    AudioRecChnlNbr                          0x200000c8   Data           4  waverecorder.o(.data)
    pAudioRecBuf                             0x200000cc   Data           4  waverecorder.o(.data)
    AudioRecCurrSize                         0x200000d0   Data           4  waverecorder.o(.data)
    bytesWritten                             0x200000d4   Data           2  waverecorder.o(.data)
    GPIO_PORT                                0x200000dc   Data          16  stm32f4_discovery.o(.data)
    BUTTON_PORT                              0x200000ec   Data           4  stm32f4_discovery.o(.data)
    NVIC_InitStructure                       0x200000f0   Data           4  stm32f4_discovery.o(.data)
    LIS302DLTimeout                          0x200000f4   Data           4  stm32f4_discovery_lis302dl.o(.data)
    AudioTotalSize                           0x200000f8   Data           4  stm32f4_discovery_audio_codec.o(.data)
    AudioRemSize                             0x200000fc   Data           4  stm32f4_discovery_audio_codec.o(.data)
    CurrentPos                               0x20000100   Data           4  stm32f4_discovery_audio_codec.o(.data)
    CODECTimeout                             0x20000104   Data           4  stm32f4_discovery_audio_codec.o(.data)
    OutputDev                                0x20000108   Data           1  stm32f4_discovery_audio_codec.o(.data)
    CurrAudioInterface                       0x2000010c   Data           4  stm32f4_discovery_audio_codec.o(.data)
    AUDIO_MAL_DMA_CLOCK                      0x20000110   Data           4  stm32f4_discovery_audio_codec.o(.data)
    AUDIO_MAL_DMA_STREAM                     0x20000114   Data           4  stm32f4_discovery_audio_codec.o(.data)
    AUDIO_MAL_DMA_DREG                       0x20000118   Data           4  stm32f4_discovery_audio_codec.o(.data)
    AUDIO_MAL_DMA_CHANNEL                    0x2000011c   Data           4  stm32f4_discovery_audio_codec.o(.data)
    AUDIO_MAL_DMA_IRQ                        0x20000120   Data           4  stm32f4_discovery_audio_codec.o(.data)
    AUDIO_MAL_DMA_FLAG_TC                    0x20000124   Data           4  stm32f4_discovery_audio_codec.o(.data)
    AUDIO_MAL_DMA_FLAG_HT                    0x20000128   Data           4  stm32f4_discovery_audio_codec.o(.data)
    AUDIO_MAL_DMA_FLAG_FE                    0x2000012c   Data           4  stm32f4_discovery_audio_codec.o(.data)
    AUDIO_MAL_DMA_FLAG_TE                    0x20000130   Data           4  stm32f4_discovery_audio_codec.o(.data)
    AUDIO_MAL_DMA_FLAG_DME                   0x20000134   Data           4  stm32f4_discovery_audio_codec.o(.data)
    MSC_Setup                                0x2000015c   Data           8  usbh_msc_core.o(.data)
    MSCErrorCount                            0x20000164   Data           1  usbh_msc_core.o(.data)
    USBH_MSC_cb                              0x20000168   Data          16  usbh_msc_core.o(.data)
    USBH_DeviceConnStatus_cb                 0x2000017c   Data          12  usbh_core.o(.data)
    stm32_crc                                0x20000194   Data           4  pdm_filter.o(.data)
    T0                                       0x20000198   Data         256  pdm_filter.o(.data)
    T1                                       0x20000298   Data         256  pdm_filter.o(.data)
    T2                                       0x20000398   Data         256  pdm_filter.o(.data)
    USB_OTG_Core                             0x20000498   Data        1200  main.o(.bss)
    USB_Host                                 0x20000948   Data         132  main.o(.bss)
    RCC_Clocks                               0x200009cc   Data          16  main.o(.bss)
    fatfs                                    0x200009dc   Data        1072  usbh_usr.o(.bss)
    file                                     0x20000e0c   Data        1060  usbh_usr.o(.bss)
    fileR                                    0x20001230   Data        1060  usbh_usr.o(.bss)
    dir                                      0x20001654   Data          28  usbh_usr.o(.bss)
    fno                                      0x20001670   Data          24  usbh_usr.o(.bss)
    WAVE_Format                              0x20001688   Data          24  waveplayer.o(.bss)
    buffer1                                  0x200016a0   Data        2048  waveplayer.o(.bss)
    buffer2                                  0x20001ea0   Data        2048  waveplayer.o(.bss)
    RAM_Buf                                  0x200026a0   Data        3000  waverecorder.o(.bss)
    RAM_Buf1                                 0x20003258   Data        3000  waverecorder.o(.bss)
    Filter                                   0x20003e10   Data          52  waverecorder.o(.bss)
    RecBuf                                   0x20003e44   Data          32  waverecorder.o(.bss)
    RecBuf1                                  0x20003e64   Data          32  waverecorder.o(.bss)
    RecBufHeader                             0x20003e84   Data         512  waverecorder.o(.bss)
    DMA_InitStructure                        0x20004104   Data          60  stm32f4_discovery_audio_codec.o(.bss)
    AUDIO_MAL_DMA_InitStructure              0x20004140   Data          60  stm32f4_discovery_audio_codec.o(.bss)
    USBH_MSC_Param                           0x2000417c   Data          16  usbh_msc_scsi.o(.bss)
    USBH_DataInBuffer                        0x2000418c   Data         512  usbh_msc_scsi.o(.bss)
    USBH_DataOutBuffer                       0x2000438c   Data         512  usbh_msc_scsi.o(.bss)
    USBH_MSC_CBWData                         0x2000458c   Data          32  usbh_msc_bot.o(.bss)
    USBH_MSC_CSWData                         0x200045ac   Data          16  usbh_msc_bot.o(.bss)
    USBH_MSC_BOTXferParam                    0x200045bc   Data          16  usbh_msc_bot.o(.bss)
    MSC_Machine                              0x200045cc   Data          74  usbh_msc_core.o(.bss)
    __initial_sp                             0x20004a18   Data           0  startup_stm32f4xx.o(STACK)



==============================================================================

Memory Map of the image

  Image Entry point : 0x08000189

  Load Region LR_IROM1 (Base: 0x08000000, Size: 0x00009a60, Max: 0x00100000, ABSOLUTE, COMPRESSED[0x00009888])

    Execution Region ER_IROM1 (Base: 0x08000000, Size: 0x000095c8, Max: 0x00100000, ABSOLUTE)

    Base Addr    Size         Type   Attr      Idx    E Section Name        Object

    0x08000000   0x00000188   Data   RO         3227    RESET               startup_stm32f4xx.o
    0x08000188   0x00000000   Code   RO         4292  * .ARM.Collect$$$$00000000  mc_w.l(entry.o)
    0x08000188   0x00000004   Code   RO         4309    .ARM.Collect$$$$00000001  mc_w.l(entry2.o)
    0x0800018c   0x00000004   Code   RO         4312    .ARM.Collect$$$$00000004  mc_w.l(entry5.o)
    0x08000190   0x00000000   Code   RO         4314    .ARM.Collect$$$$00000008  mc_w.l(entry7b.o)
    0x08000190   0x00000000   Code   RO         4316    .ARM.Collect$$$$0000000A  mc_w.l(entry8b.o)
    0x08000190   0x00000008   Code   RO         4317    .ARM.Collect$$$$0000000B  mc_w.l(entry9a.o)
    0x08000198   0x00000000   Code   RO         4319    .ARM.Collect$$$$0000000D  mc_w.l(entry10a.o)
    0x08000198   0x00000000   Code   RO         4321    .ARM.Collect$$$$0000000F  mc_w.l(entry11a.o)
    0x08000198   0x00000004   Code   RO         4310    .ARM.Collect$$$$00002712  mc_w.l(entry2.o)
    0x0800019c   0x00000024   Code   RO         3228    .text               startup_stm32f4xx.o
    0x080001c0   0x00000bfc   Code   RO         4289    .text               libPDMFilter_Keil.lib(pdm_filter.o)
    0x08000dbc   0x00000018   Code   RO         4295    .text               mf_w.l(fscalb.o)
    0x08000dd4   0x0000014e   Code   RO         4297    .text               mf_w.l(dadd.o)
    0x08000f22   0x000000e4   Code   RO         4299    .text               mf_w.l(dmul.o)
    0x08001006   0x000000de   Code   RO         4301    .text               mf_w.l(ddiv.o)
    0x080010e4   0x0000001a   Code   RO         4303    .text               mf_w.l(dfltui.o)
    0x080010fe   0x00000032   Code   RO         4305    .text               mf_w.l(dfixui.o)
    0x08001130   0x00000026   Code   RO         4307    .text               mf_w.l(f2d.o)
    0x08001156   0x0000001e   Code   RO         4323    .text               mc_w.l(llshl.o)
    0x08001174   0x00000020   Code   RO         4325    .text               mc_w.l(llushr.o)
    0x08001194   0x00000024   Code   RO         4327    .text               mc_w.l(llsshr.o)
    0x080011b8   0x00000000   Code   RO         4329    .text               mc_w.l(iusefp.o)
    0x080011b8   0x000000ba   Code   RO         4330    .text               mf_w.l(depilogue.o)
    0x08001272   0x00000002   PAD
    0x08001274   0x00000024   Code   RO         4332    .text               mc_w.l(init.o)
    0x08001298   0x00000056   Code   RO         4342    .text               mc_w.l(__dczerorl2.o)
    0x080012ee   0x00000002   PAD
    0x080012f0   0x000000e8   Code   RO          921    i.Audio_MAL_IRQHandler  stm32f4_discovery_audio_codec.o
    0x080013d8   0x000000fc   Code   RO          922    i.Audio_MAL_Init    stm32f4_discovery_audio_codec.o
    0x080014d4   0x00000050   Code   RO          923    i.Audio_MAL_PauseResume  stm32f4_discovery_audio_codec.o
    0x08001524   0x0000006c   Code   RO          924    i.Audio_MAL_Play    stm32f4_discovery_audio_codec.o
    0x08001590   0x00000050   Code   RO          925    i.Audio_MAL_Stop    stm32f4_discovery_audio_codec.o
    0x080015e0   0x0000002c   Code   RO          378    i.BSP_Delay         usb_bsp.o
    0x0800160c   0x0000006a   Code   RO          380    i.BSP_SetTime       usb_bsp.o
    0x08001676   0x00000004   Code   RO          247    i.BusFault_Handler  stm32f4xx_it.o
    0x0800167a   0x00000002   PAD
    0x0800167c   0x00000034   Code   RO          454    i.COMMAND_AudioExecuteApplication  usbh_usr.o
    0x080016b0   0x0000006c   Code   RO          927    i.Codec_AudioInterface_Init  stm32f4_discovery_audio_codec.o
    0x0800171c   0x00000050   Code   RO          929    i.Codec_CtrlInterface_Init  stm32f4_discovery_audio_codec.o
    0x0800176c   0x00000124   Code   RO          932    i.Codec_GPIO_Init   stm32f4_discovery_audio_codec.o
    0x08001890   0x000000e8   Code   RO          933    i.Codec_Init        stm32f4_discovery_audio_codec.o
    0x08001978   0x0000002c   Code   RO          934    i.Codec_Mute        stm32f4_discovery_audio_codec.o
    0x080019a4   0x00000044   Code   RO          935    i.Codec_PauseResume  stm32f4_discovery_audio_codec.o
    0x080019e8   0x000001c4   Code   RO          937    i.Codec_ReadRegister  stm32f4_discovery_audio_codec.o
    0x08001bac   0x00000024   Code   RO          938    i.Codec_Reset       stm32f4_discovery_audio_codec.o
    0x08001bd0   0x00000040   Code   RO          939    i.Codec_Stop        stm32f4_discovery_audio_codec.o
    0x08001c10   0x00000004   Code   RO          590    i.Codec_TIMEOUT_UserCallback  waveplayer.o
    0x08001c14   0x00000048   Code   RO          940    i.Codec_VolumeCtrl  stm32f4_discovery_audio_codec.o
    0x08001c5c   0x00000128   Code   RO          941    i.Codec_WriteRegister  stm32f4_discovery_audio_codec.o
    0x08001d84   0x00000028   Code   RO         1448    i.DAC_Cmd           stm32f4xx_dac.o
    0x08001dac   0x00000050   Code   RO          942    i.DAC_Config        stm32f4_discovery_audio_codec.o
    0x08001dfc   0x00000034   Code   RO         1456    i.DAC_Init          stm32f4xx_dac.o
    0x08001e30   0x00000020   Code   RO         1457    i.DAC_SetChannel1Data  stm32f4xx_dac.o
    0x08001e50   0x00000008   Code   RO          943    i.DMA1_Stream0_IRQHandler  stm32f4_discovery_audio_codec.o
    0x08001e58   0x00000008   Code   RO          944    i.DMA1_Stream7_IRQHandler  stm32f4_discovery_audio_codec.o
    0x08001e60   0x00000034   Code   RO         1558    i.DMA_ClearFlag     stm32f4xx_dma.o
    0x08001e94   0x00000016   Code   RO         1560    i.DMA_Cmd           stm32f4xx_dma.o
    0x08001eaa   0x00000002   PAD
    0x08001eac   0x00000158   Code   RO         1561    i.DMA_DeInit        stm32f4xx_dma.o
    0x08002004   0x00000014   Code   RO         1565    i.DMA_GetCmdStatus  stm32f4xx_dma.o
    0x08002018   0x00000044   Code   RO         1569    i.DMA_GetFlagStatus  stm32f4xx_dma.o
    0x0800205c   0x0000003a   Code   RO         1571    i.DMA_ITConfig      stm32f4xx_dma.o
    0x08002096   0x00000002   PAD
    0x08002098   0x00000058   Code   RO         1572    i.DMA_Init          stm32f4xx_dma.o
    0x080020f0   0x00000002   Code   RO          248    i.DebugMon_Handler  stm32f4xx_it.o
    0x080020f2   0x00000002   PAD
    0x080020f4   0x00000018   Code   RO          591    i.Delay             waveplayer.o
    0x0800210c   0x00000012   Code   RO          945    i.Delay             stm32f4_discovery_audio_codec.o
    0x0800211e   0x00000004   Code   RO          593    i.EVAL_AUDIO_GetSampleCallBack  waveplayer.o
    0x08002122   0x0000003a   Code   RO          947    i.EVAL_AUDIO_Init   stm32f4_discovery_audio_codec.o
    0x0800215c   0x0000001c   Code   RO          949    i.EVAL_AUDIO_PauseResume  stm32f4_discovery_audio_codec.o
    0x08002178   0x000000dc   Code   RO          951    i.EVAL_AUDIO_SetAudioInterface  stm32f4_discovery_audio_codec.o
    0x08002254   0x00000028   Code   RO          952    i.EVAL_AUDIO_Stop   stm32f4_discovery_audio_codec.o
    0x0800227c   0x00000034   Code   RO          595    i.EVAL_AUDIO_TransferComplete_CallBack  waveplayer.o
    0x080022b0   0x00000054   Code   RO          249    i.EXTI0_IRQHandler  stm32f4xx_it.o
    0x08002304   0x0000003c   Code   RO          250    i.EXTI1_IRQHandler  stm32f4xx_it.o
    0x08002340   0x0000007c   Code   RO          596    i.EXTILine_Config   waveplayer.o
    0x080023bc   0x0000000c   Code   RO         1683    i.EXTI_ClearITPendingBit  stm32f4xx_exti.o
    0x080023c8   0x00000028   Code   RO         1687    i.EXTI_GetITStatus  stm32f4xx_exti.o
    0x080023f0   0x00000094   Code   RO         1688    i.EXTI_Init         stm32f4xx_exti.o
    0x08002484   0x00000090   Code   RO         1931    i.GPIO_Init         stm32f4xx_gpio.o
    0x08002514   0x00000046   Code   RO         1932    i.GPIO_PinAFConfig  stm32f4xx_gpio.o
    0x0800255a   0x00000004   Code   RO         1938    i.GPIO_ResetBits    stm32f4xx_gpio.o
    0x0800255e   0x00000004   Code   RO         1939    i.GPIO_SetBits      stm32f4xx_gpio.o
    0x08002562   0x0000000a   Code   RO         1943    i.GPIO_WriteBit     stm32f4xx_gpio.o
    0x0800256c   0x0000000a   Code   RO         3481    i.HCD_GetCurrentFrame  usb_hcd.o
    0x08002576   0x00000014   Code   RO         3482    i.HCD_GetCurrentSpeed  usb_hcd.o
    0x0800258a   0x0000000a   Code   RO         3484    i.HCD_GetURB_State  usb_hcd.o
    0x08002594   0x0000000c   Code   RO         3485    i.HCD_GetXferCnt    usb_hcd.o
    0x080025a0   0x00000060   Code   RO         3487    i.HCD_Init          usb_hcd.o
    0x08002600   0x00000008   Code   RO         3488    i.HCD_IsDeviceConnected  usb_hcd.o
    0x08002608   0x0000000e   Code   RO         3489    i.HCD_ResetPort     usb_hcd.o
    0x08002616   0x00000020   Code   RO         3490    i.HCD_SubmitRequest  usb_hcd.o
    0x08002636   0x00000004   Code   RO          251    i.HardFault_Handler  stm32f4xx_it.o
    0x0800263a   0x00000018   Code   RO         2025    i.I2C_AcknowledgeConfig  stm32f4xx_i2c.o
    0x08002652   0x0000002a   Code   RO         2027    i.I2C_CheckEvent    stm32f4xx_i2c.o
    0x0800267c   0x0000000c   Code   RO         2028    i.I2C_ClearFlag     stm32f4xx_i2c.o
    0x08002688   0x00000018   Code   RO         2030    i.I2C_Cmd           stm32f4xx_i2c.o
    0x080026a0   0x00000060   Code   RO         2033    i.I2C_DeInit        stm32f4xx_i2c.o
    0x08002700   0x00000018   Code   RO         2037    i.I2C_GenerateSTART  stm32f4xx_i2c.o
    0x08002718   0x00000018   Code   RO         2038    i.I2C_GenerateSTOP  stm32f4xx_i2c.o
    0x08002730   0x0000003a   Code   RO         2039    i.I2C_GetFlagStatus  stm32f4xx_i2c.o
    0x0800276a   0x00000002   PAD
    0x0800276c   0x000000e8   Code   RO         2044    i.I2C_Init          stm32f4xx_i2c.o
    0x08002854   0x00000008   Code   RO         2049    i.I2C_ReceiveData   stm32f4xx_i2c.o
    0x0800285c   0x00000010   Code   RO         2051    i.I2C_Send7bitAddress  stm32f4xx_i2c.o
    0x0800286c   0x00000004   Code   RO         2052    i.I2C_SendData      stm32f4xx_i2c.o
    0x08002870   0x00000018   Code   RO         2508    i.I2S_Cmd           stm32f4xx_spi.o
    0x08002888   0x00000168   Code   RO         2510    i.I2S_Init          stm32f4xx_spi.o
    0x080029f0   0x0000002c   Code   RO          840    i.LIS302DL_Init     stm32f4_discovery_lis302dl.o
    0x08002a1c   0x0000002a   Code   RO          841    i.LIS302DL_InterruptConfig  stm32f4_discovery_lis302dl.o
    0x08002a46   0x00000002   PAD
    0x08002a48   0x00000134   Code   RO          842    i.LIS302DL_LowLevel_Init  stm32f4_discovery_lis302dl.o
    0x08002b7c   0x00000048   Code   RO          844    i.LIS302DL_Read     stm32f4_discovery_lis302dl.o
    0x08002bc4   0x00000074   Code   RO          847    i.LIS302DL_SendByte  stm32f4_discovery_lis302dl.o
    0x08002c38   0x00000004   Code   RO          597    i.LIS302DL_TIMEOUT_UserCallback  waveplayer.o
    0x08002c3c   0x00000040   Code   RO          848    i.LIS302DL_Write    stm32f4_discovery_lis302dl.o
    0x08002c7c   0x00000004   Code   RO          252    i.MemManage_Handler  stm32f4xx_it.o
    0x08002c80   0x000000b2   Code   RO          598    i.Mems_Config       waveplayer.o
    0x08002d32   0x00000002   Code   RO          253    i.NMI_Handler       stm32f4xx_it.o
    0x08002d34   0x00000078   Code   RO         1168    i.NVIC_Init         misc.o
    0x08002dac   0x00000014   Code   RO         1169    i.NVIC_PriorityGroupConfig  misc.o
    0x08002dc0   0x00000014   Code   RO         1170    i.NVIC_SetVectorTable  misc.o
    0x08002dd4   0x00000010   Code   RO          254    i.OTG_FS_IRQHandler  stm32f4xx_it.o
    0x08002de4   0x00000002   Code   RO          255    i.PendSV_Handler    stm32f4xx_it.o
    0x08002de6   0x00000002   PAD
    0x08002de8   0x00000020   Code   RO         2232    i.RCC_AHB1PeriphClockCmd  stm32f4xx_rcc.o
    0x08002e08   0x00000020   Code   RO         2235    i.RCC_AHB2PeriphClockCmd  stm32f4xx_rcc.o
    0x08002e28   0x00000020   Code   RO         2241    i.RCC_APB1PeriphClockCmd  stm32f4xx_rcc.o
    0x08002e48   0x00000020   Code   RO         2243    i.RCC_APB1PeriphResetCmd  stm32f4xx_rcc.o
    0x08002e68   0x00000020   Code   RO         2244    i.RCC_APB2PeriphClockCmd  stm32f4xx_rcc.o
    0x08002e88   0x00000020   Code   RO         2246    i.RCC_APB2PeriphResetCmd  stm32f4xx_rcc.o
    0x08002ea8   0x000000e8   Code   RO         2253    i.RCC_GetClocksFreq  stm32f4xx_rcc.o
    0x08002f90   0x00000026   Code   RO          599    i.ReadUnit          waveplayer.o
    0x08002fb6   0x00000002   PAD
    0x08002fb8   0x0000006c   Code   RO          721    i.SPI2_IRQHandler   waverecorder.o
    0x08003024   0x0000003c   Code   RO          954    i.SPI3_IRQHandler   stm32f4_discovery_audio_codec.o
    0x08003060   0x00000018   Code   RO         2514    i.SPI_Cmd           stm32f4xx_spi.o
    0x08003078   0x00000012   Code   RO         2520    i.SPI_I2S_DMACmd    stm32f4xx_spi.o
    0x0800308a   0x00000002   PAD
    0x0800308c   0x00000058   Code   RO         2521    i.SPI_I2S_DeInit    stm32f4xx_spi.o
    0x080030e4   0x00000012   Code   RO         2522    i.SPI_I2S_GetFlagStatus  stm32f4xx_spi.o
    0x080030f6   0x00000034   Code   RO         2523    i.SPI_I2S_GetITStatus  stm32f4xx_spi.o
    0x0800312a   0x00000020   Code   RO         2524    i.SPI_I2S_ITConfig  stm32f4xx_spi.o
    0x0800314a   0x00000006   Code   RO         2525    i.SPI_I2S_ReceiveData  stm32f4xx_spi.o
    0x08003150   0x00000004   Code   RO         2526    i.SPI_I2S_SendData  stm32f4xx_spi.o
    0x08003154   0x0000003c   Code   RO         2527    i.SPI_Init          stm32f4xx_spi.o
    0x08003190   0x0000004c   Code   RO          787    i.STM_EVAL_LEDInit  stm32f4_discovery.o
    0x080031dc   0x00000018   Code   RO          788    i.STM_EVAL_LEDOff   stm32f4_discovery.o
    0x080031f4   0x00000018   Code   RO          789    i.STM_EVAL_LEDOn    stm32f4_discovery.o
    0x0800320c   0x00000024   Code   RO          790    i.STM_EVAL_LEDToggle  stm32f4_discovery.o
    0x08003230   0x000000a8   Code   RO          792    i.STM_EVAL_PBInit   stm32f4_discovery.o
    0x080032d8   0x00000002   Code   RO          256    i.SVC_Handler       stm32f4xx_it.o
    0x080032da   0x00000002   PAD
    0x080032dc   0x00000040   Code   RO         1125    i.SYSCFG_EXTILineConfig  stm32f4xx_syscfg.o
    0x0800331c   0x00000124   Code   RO          345    i.SetSysClock       system_stm32f4xx.o
    0x08003440   0x00000024   Code   RO          257    i.SysTick_Handler   stm32f4xx_it.o
    0x08003464   0x00000068   Code   RO          347    i.SystemInit        system_stm32f4xx.o
    0x080034cc   0x00000008   Code   RO          258    i.TIM2_IRQHandler   stm32f4xx_it.o
    0x080034d4   0x000000ec   Code   RO          259    i.TIM4_IRQHandler   stm32f4xx_it.o
    0x080035c0   0x00000018   Code   RO         2672    i.TIM_ARRPreloadConfig  stm32f4xx_tim.o
    0x080035d8   0x00000006   Code   RO         2679    i.TIM_ClearITPendingBit  stm32f4xx_tim.o
    0x080035de   0x00000018   Code   RO         2684    i.TIM_Cmd           stm32f4xx_tim.o
    0x080035f6   0x00000006   Code   RO         2699    i.TIM_GetCapture1   stm32f4xx_tim.o
    0x080035fc   0x00000022   Code   RO         2705    i.TIM_GetITStatus   stm32f4xx_tim.o
    0x0800361e   0x00000012   Code   RO         2709    i.TIM_ITConfig      stm32f4xx_tim.o
    0x08003630   0x000000c4   Code   RO          122    i.TIM_LED_Config    main.o
    0x080036f4   0x0000007c   Code   RO         2713    i.TIM_OC1Init       stm32f4xx_tim.o
    0x08003770   0x00000012   Code   RO         2716    i.TIM_OC1PreloadConfig  stm32f4xx_tim.o
    0x08003782   0x00000004   Code   RO         2746    i.TIM_SetCompare1   stm32f4xx_tim.o
    0x08003786   0x00000002   PAD
    0x08003788   0x00000084   Code   RO         2756    i.TIM_TimeBaseInit  stm32f4xx_tim.o
    0x0800380c   0x00000018   Code   RO          600    i.TimingDelay_Decrement  waveplayer.o
    0x08003824   0x00000026   Code   RO         3896    i.USBH_Alloc_Channel  usbh_hcs.o
    0x0800384a   0x00000060   Code   RO         3941    i.USBH_BulkReceiveData  usbh_ioreq.o
    0x080038aa   0x0000005e   Code   RO         3942    i.USBH_BulkSendData  usbh_ioreq.o
    0x08003908   0x0000004c   Code   RO         3754    i.USBH_ClrFeature   usbh_stdreq.o
    0x08003954   0x00000014   Code   RO         3836    i.USBH_Connect      usbh_core.o
    0x08003968   0x00000046   Code   RO         3943    i.USBH_CtlReceiveData  usbh_ioreq.o
    0x080039ae   0x00000070   Code   RO         3944    i.USBH_CtlReq       usbh_ioreq.o
    0x08003a1e   0x0000006e   Code   RO         3945    i.USBH_CtlSendData  usbh_ioreq.o
    0x08003a8c   0x00000042   Code   RO         3946    i.USBH_CtlSendSetup  usbh_ioreq.o
    0x08003ace   0x0000001c   Code   RO         3897    i.USBH_DeAllocate_AllChannel  usbh_hcs.o
    0x08003aea   0x0000003a   Code   RO         3837    i.USBH_DeInit       usbh_core.o
    0x08003b24   0x00000014   Code   RO         3838    i.USBH_Disconnect   usbh_core.o
    0x08003b38   0x0000002e   Code   RO         3839    i.USBH_ErrorHandle  usbh_core.o
    0x08003b66   0x0000001e   Code   RO         3898    i.USBH_Free_Channel  usbh_hcs.o
    0x08003b84   0x00000044   Code   RO         3755    i.USBH_GetDescriptor  usbh_stdreq.o
    0x08003bc8   0x00000028   Code   RO         3899    i.USBH_GetFreeChannel  usbh_hcs.o
    0x08003bf0   0x00000012   Code   RO         3756    i.USBH_GetNextDesc  usbh_stdreq.o
    0x08003c02   0x00000040   Code   RO         3757    i.USBH_Get_CfgDesc  usbh_stdreq.o
    0x08003c42   0x00000038   Code   RO         3758    i.USBH_Get_DevDesc  usbh_stdreq.o
    0x08003c7a   0x0000003c   Code   RO         3759    i.USBH_Get_StringDesc  usbh_stdreq.o
    0x08003cb6   0x00000002   PAD
    0x08003cb8   0x00000228   Code   RO         3840    i.USBH_HandleControl  usbh_core.o
    0x08003ee0   0x000001d8   Code   RO         3841    i.USBH_HandleEnum   usbh_core.o
    0x080040b8   0x0000005c   Code   RO         3842    i.USBH_Init         usbh_core.o
    0x08004114   0x00000024   Code   RO         3655    i.USBH_MSC_BOTReset  usbh_msc_core.o
    0x08004138   0x00000060   Code   RO         3614    i.USBH_MSC_BOT_Abort  usbh_msc_bot.o
    0x08004198   0x00000014   Code   RO         3656    i.USBH_MSC_ClassRequest  usbh_msc_core.o
    0x080041ac   0x00000080   Code   RO         3615    i.USBH_MSC_DecodeCSW  usbh_msc_bot.o
    0x0800422c   0x00000044   Code   RO         3657    i.USBH_MSC_ErrorHandle  usbh_msc_core.o
    0x08004270   0x0000002c   Code   RO         3658    i.USBH_MSC_GETMaxLUN  usbh_msc_core.o
    0x0800429c   0x000001a8   Code   RO         3659    i.USBH_MSC_Handle   usbh_msc_core.o
    0x08004444   0x000002fc   Code   RO         3616    i.USBH_MSC_HandleBOTXfer  usbh_msc_bot.o
    0x08004740   0x00000044   Code   RO         3617    i.USBH_MSC_Init     usbh_msc_bot.o
    0x08004784   0x0000004c   Code   RO         3660    i.USBH_MSC_InterfaceDeInit  usbh_msc_core.o
    0x080047d0   0x000000d0   Code   RO         3661    i.USBH_MSC_InterfaceInit  usbh_msc_core.o
    0x080048a0   0x000000d0   Code   RO         3551    i.USBH_MSC_ModeSense6  usbh_msc_scsi.o
    0x08004970   0x00000100   Code   RO         3552    i.USBH_MSC_Read10   usbh_msc_scsi.o
    0x08004a70   0x000000dc   Code   RO         3553    i.USBH_MSC_ReadCapacity10  usbh_msc_scsi.o
    0x08004b4c   0x000000e0   Code   RO         3554    i.USBH_MSC_RequestSense  usbh_msc_scsi.o
    0x08004c2c   0x000000b0   Code   RO         3555    i.USBH_MSC_TestUnitReady  usbh_msc_scsi.o
    0x08004cdc   0x000000e4   Code   RO         3556    i.USBH_MSC_Write10  usbh_msc_scsi.o
    0x08004dc0   0x00000064   Code   RO         3900    i.USBH_Modify_Channel  usbh_hcs.o
    0x08004e24   0x000000a8   Code   RO         3415    i.USBH_OTG_ISR_Handler  usb_hcd_int.o
    0x08004ecc   0x0000009a   Code   RO         3901    i.USBH_Open_Channel  usbh_hcs.o
    0x08004f66   0x000000da   Code   RO         3760    i.USBH_ParseCfgDesc  usbh_stdreq.o
    0x08005040   0x00000058   Code   RO         3761    i.USBH_ParseDevDesc  usbh_stdreq.o
    0x08005098   0x00000020   Code   RO         3762    i.USBH_ParseEPDesc  usbh_stdreq.o
    0x080050b8   0x00000026   Code   RO         3763    i.USBH_ParseInterfaceDesc  usbh_stdreq.o
    0x080050de   0x00000036   Code   RO         3764    i.USBH_ParseStringDesc  usbh_stdreq.o
    0x08005114   0x000001ae   Code   RO         3843    i.USBH_Process      usbh_core.o
    0x080052c2   0x00000026   Code   RO         3765    i.USBH_SetAddress   usbh_stdreq.o
    0x080052e8   0x00000026   Code   RO         3766    i.USBH_SetCfg       usbh_stdreq.o
    0x0800530e   0x00000018   Code   RO         3949    i.USBH_SubmitSetupRequest  usbh_ioreq.o
    0x08005326   0x00000002   Code   RO          455    i.USBH_USR_Configuration_DescAvailable  usbh_usr.o
    0x08005328   0x0000000c   Code   RO          456    i.USBH_USR_DeInit   usbh_usr.o
    0x08005334   0x00000002   Code   RO          457    i.USBH_USR_DeviceAddressAssigned  usbh_usr.o
    0x08005336   0x00000002   PAD
    0x08005338   0x00000034   Code   RO          458    i.USBH_USR_DeviceAttached  usbh_usr.o
    0x0800536c   0x00000064   Code   RO          459    i.USBH_USR_DeviceDisconnected  usbh_usr.o
    0x080053d0   0x00000002   Code   RO          460    i.USBH_USR_DeviceNotSupported  usbh_usr.o
    0x080053d2   0x00000002   Code   RO          461    i.USBH_USR_DeviceSpeedDetected  usbh_usr.o
    0x080053d4   0x00000002   Code   RO          462    i.USBH_USR_Device_DescAvailable  usbh_usr.o
    0x080053d6   0x00000010   Code   RO          463    i.USBH_USR_EnumerationDone  usbh_usr.o
    0x080053e6   0x00000002   Code   RO          464    i.USBH_USR_Init     usbh_usr.o
    0x080053e8   0x00000058   Code   RO          465    i.USBH_USR_MSC_Application  usbh_usr.o
    0x08005440   0x00000002   Code   RO          466    i.USBH_USR_Manufacturer_String  usbh_usr.o
    0x08005442   0x00000002   Code   RO          467    i.USBH_USR_OverCurrentDetected  usbh_usr.o
    0x08005444   0x00000002   Code   RO          468    i.USBH_USR_Product_String  usbh_usr.o
    0x08005446   0x00000002   Code   RO          469    i.USBH_USR_ResetDevice  usbh_usr.o
    0x08005448   0x00000002   Code   RO          470    i.USBH_USR_SerialNum_String  usbh_usr.o
    0x0800544a   0x00000002   Code   RO          471    i.USBH_USR_UnrecoveredError  usbh_usr.o
    0x0800544c   0x00000004   Code   RO          472    i.USBH_USR_UserInput  usbh_usr.o
    0x08005450   0x00000044   Code   RO          381    i.USB_OTG_BSP_ConfigVBUS  usb_bsp.o
    0x08005494   0x00000020   Code   RO          382    i.USB_OTG_BSP_DriveVBUS  usb_bsp.o
    0x080054b4   0x00000046   Code   RO          383    i.USB_OTG_BSP_EnableInterrupt  usb_bsp.o
    0x080054fa   0x00000002   PAD
    0x080054fc   0x00000090   Code   RO          384    i.USB_OTG_BSP_Init  usb_bsp.o
    0x0800558c   0x0000003a   Code   RO          385    i.USB_OTG_BSP_TimeInit  usb_bsp.o
    0x080055c6   0x00000002   PAD
    0x080055c8   0x00000038   Code   RO          386    i.USB_OTG_BSP_TimerIRQ  usb_bsp.o
    0x08005600   0x0000000e   Code   RO          387    i.USB_OTG_BSP_mDelay  usb_bsp.o
    0x0800560e   0x0000000e   Code   RO          388    i.USB_OTG_BSP_uDelay  usb_bsp.o
    0x0800561c   0x000001ce   Code   RO         3233    i.USB_OTG_CoreInit  usb_core.o
    0x080057ea   0x000000c2   Code   RO         3234    i.USB_OTG_CoreInitHost  usb_core.o
    0x080058ac   0x00000070   Code   RO         3235    i.USB_OTG_CoreReset  usb_core.o
    0x0800591c   0x00000022   Code   RO         3236    i.USB_OTG_DisableGlobalInt  usb_core.o
    0x0800593e   0x0000005c   Code   RO         3237    i.USB_OTG_DriveVbus  usb_core.o
    0x0800599a   0x00000030   Code   RO         3238    i.USB_OTG_EnableCommonInt  usb_core.o
    0x080059ca   0x00000022   Code   RO         3239    i.USB_OTG_EnableGlobalInt  usb_core.o
    0x080059ec   0x00000074   Code   RO         3240    i.USB_OTG_EnableHostInt  usb_core.o
    0x08005a60   0x0000004c   Code   RO         3241    i.USB_OTG_FlushRxFifo  usb_core.o
    0x08005aac   0x00000054   Code   RO         3242    i.USB_OTG_FlushTxFifo  usb_core.o
    0x08005b00   0x0000000c   Code   RO         3243    i.USB_OTG_GetMode   usb_core.o
    0x08005b0c   0x0000005a   Code   RO         3244    i.USB_OTG_HC_DoPing  usb_core.o
    0x08005b66   0x0000007e   Code   RO         3245    i.USB_OTG_HC_Halt   usb_core.o
    0x08005be4   0x00000238   Code   RO         3246    i.USB_OTG_HC_Init   usb_core.o
    0x08005e1c   0x000001f6   Code   RO         3247    i.USB_OTG_HC_StartXfer  usb_core.o
    0x08006012   0x00000018   Code   RO         3248    i.USB_OTG_InitFSLSPClkSel  usb_core.o
    0x0800602a   0x00000010   Code   RO         3250    i.USB_OTG_IsEvenFrame  usb_core.o
    0x0800603a   0x00000014   Code   RO         3251    i.USB_OTG_IsHostMode  usb_core.o
    0x0800604e   0x00000010   Code   RO         3252    i.USB_OTG_ReadCoreItr  usb_core.o
    0x0800605e   0x00000030   Code   RO         3253    i.USB_OTG_ReadHPRT0  usb_core.o
    0x0800608e   0x00000008   Code   RO         3254    i.USB_OTG_ReadHostAllChannels_intr  usb_core.o
    0x08006096   0x00000028   Code   RO         3256    i.USB_OTG_ReadPacket  usb_core.o
    0x080060be   0x00000040   Code   RO         3257    i.USB_OTG_ResetPort  usb_core.o
    0x080060fe   0x00000002   PAD
    0x08006100   0x000000d0   Code   RO         3258    i.USB_OTG_SelectCore  usb_core.o
    0x080061d0   0x0000004e   Code   RO         3259    i.USB_OTG_SetCurrentMode  usb_core.o
    0x0800621e   0x0000002e   Code   RO         3416    i.USB_OTG_USBH_handle_Disconnect_ISR  usb_hcd_int.o
    0x0800624c   0x00000046   Code   RO         3417    i.USB_OTG_USBH_handle_IncompletePeriodicXfer_ISR  usb_hcd_int.o
    0x08006292   0x00000056   Code   RO         3418    i.USB_OTG_USBH_handle_hc_ISR  usb_hcd_int.o
    0x080062e8   0x00000428   Code   RO         3419    i.USB_OTG_USBH_handle_hc_n_In_ISR  usb_hcd_int.o
    0x08006710   0x00000388   Code   RO         3420    i.USB_OTG_USBH_handle_hc_n_Out_ISR  usb_hcd_int.o
    0x08006a98   0x0000012c   Code   RO         3421    i.USB_OTG_USBH_handle_nptxfempty_ISR  usb_hcd_int.o
    0x08006bc4   0x00000118   Code   RO         3422    i.USB_OTG_USBH_handle_port_ISR  usb_hcd_int.o
    0x08006cdc   0x0000012e   Code   RO         3423    i.USB_OTG_USBH_handle_ptxfempty_ISR  usb_hcd_int.o
    0x08006e0a   0x00000164   Code   RO         3424    i.USB_OTG_USBH_handle_rx_qlvl_ISR  usb_hcd_int.o
    0x08006f6e   0x0000001c   Code   RO         3425    i.USB_OTG_USBH_handle_sof_ISR  usb_hcd_int.o
    0x08006f8a   0x00000040   Code   RO         3261    i.USB_OTG_WritePacket  usb_core.o
    0x08006fca   0x00000004   Code   RO          260    i.UsageFault_Handler  stm32f4xx_it.o
    0x08006fce   0x000000d8   Code   RO          722    i.WavaRecorderHeaderInit  waverecorder.o
    0x080070a6   0x00000002   PAD
    0x080070a8   0x00000184   Code   RO          601    i.WavePlayBack      waveplayer.o
    0x0800722c   0x00000028   Code   RO          602    i.WavePlayerInit    waveplayer.o
    0x08007254   0x0000000c   Code   RO          603    i.WavePlayerPauseResume  waveplayer.o
    0x08007260   0x000000e8   Code   RO          604    i.WavePlayerStart   waveplayer.o
    0x08007348   0x0000000a   Code   RO          605    i.WavePlayerStop    waveplayer.o
    0x08007352   0x00000002   PAD
    0x08007354   0x0000006c   Code   RO          606    i.WavePlayer_CallBack  waveplayer.o
    0x080073c0   0x000001b4   Code   RO          607    i.WavePlayer_WaveParsing  waveplayer.o
    0x08007574   0x0000007c   Code   RO          723    i.WaveRecorderInit  waverecorder.o
    0x080075f0   0x00000040   Code   RO          724    i.WaveRecorderStart  waverecorder.o
    0x08007630   0x00000020   Code   RO          725    i.WaveRecorderStop  waverecorder.o
    0x08007650   0x000002ac   Code   RO          726    i.WaveRecorderUpdate  waverecorder.o
    0x080078fc   0x00000060   Code   RO          727    i.WaveRecorder_GPIO_Init  waverecorder.o
    0x0800795c   0x0000002a   Code   RO          728    i.WaveRecorder_NVIC_Init  waverecorder.o
    0x08007986   0x00000002   PAD
    0x08007988   0x00000050   Code   RO          729    i.WaveRecorder_SPI_Init  waverecorder.o
    0x080079d8   0x0000000e   Code   RO         4336    i.__scatterload_copy  mc_w.l(handlers.o)
    0x080079e6   0x00000002   Code   RO         4337    i.__scatterload_null  mc_w.l(handlers.o)
    0x080079e8   0x0000000e   Code   RO         4338    i.__scatterload_zeroinit  mc_w.l(handlers.o)
    0x080079f6   0x00000002   PAD
    0x080079f8   0x00000090   Code   RO         4004    i.check_fs          ff.o
    0x08007a88   0x00000014   Code   RO         4005    i.chk_chr           ff.o
    0x08007a9c   0x00000318   Code   RO         4006    i.chk_mounted       ff.o
    0x08007db4   0x0000001a   Code   RO         4007    i.clust2sect        ff.o
    0x08007dce   0x000000b6   Code   RO         4008    i.create_chain      ff.o
    0x08007e84   0x00000108   Code   RO         4009    i.create_name       ff.o
    0x08007f8c   0x0000005c   Code   RO         4010    i.dir_find          ff.o
    0x08007fe8   0x00000142   Code   RO         4011    i.dir_next          ff.o
    0x0800812a   0x00000056   Code   RO         4012    i.dir_read          ff.o
    0x08008180   0x00000078   Code   RO         4013    i.dir_register      ff.o
    0x080081f8   0x0000002c   Code   RO         4014    i.dir_remove        ff.o
    0x08008224   0x000000dc   Code   RO         4015    i.dir_seek          ff.o
    0x08008300   0x00000028   Code   RO         3708    i.disk_initialize   usbh_msc_fatfs.o
    0x08008328   0x00000060   Code   RO         3709    i.disk_ioctl        usbh_msc_fatfs.o
    0x08008388   0x0000006c   Code   RO         3710    i.disk_read         usbh_msc_fatfs.o
    0x080083f4   0x00000014   Code   RO         3711    i.disk_status       usbh_msc_fatfs.o
    0x08008408   0x0000007c   Code   RO         3712    i.disk_write        usbh_msc_fatfs.o
    0x08008484   0x00000016   Code   RO         4017    i.f_close           ff.o
    0x0800849a   0x000001dc   Code   RO         4020    i.f_lseek           ff.o
    0x08008676   0x00000002   PAD
    0x08008678   0x0000002c   Code   RO         4023    i.f_mount           ff.o
    0x080086a4   0x0000018c   Code   RO         4024    i.f_open            ff.o
    0x08008830   0x00000068   Code   RO         4025    i.f_opendir         ff.o
    0x08008898   0x000001fc   Code   RO         4029    i.f_read            ff.o
    0x08008a94   0x000000b8   Code   RO         4033    i.f_sync            ff.o
    0x08008b4c   0x000000ba   Code   RO         4035    i.f_unlink          ff.o
    0x08008c06   0x00000238   Code   RO         4037    i.f_write           ff.o
    0x08008e3e   0x000000a6   Code   RO         4038    i.follow_path       ff.o
    0x08008ee4   0x00000156   Code   RO         4039    i.get_fat           ff.o
    0x0800903a   0x00000004   Code   RO         4271    i.get_fattime       fattime.o
    0x0800903e   0x00000002   PAD
    0x08009040   0x000000cc   Code   RO          123    i.main              main.o
    0x0800910c   0x00000026   Code   RO         4041    i.mem_cmp           ff.o
    0x08009132   0x0000001a   Code   RO         4042    i.mem_cpy           ff.o
    0x0800914c   0x00000014   Code   RO         4043    i.mem_set           ff.o
    0x08009160   0x00000072   Code   RO         4044    i.move_window       ff.o
    0x080091d2   0x0000018e   Code   RO         4045    i.put_fat           ff.o
    0x08009360   0x00000068   Code   RO         4046    i.remove_chain      ff.o
    0x080093c8   0x000000ca   Code   RO         4047    i.sync              ff.o
    0x08009492   0x0000002a   Code   RO         4048    i.validate          ff.o
    0x080094bc   0x00000025   Data   RO          793    .constdata          stm32f4_discovery.o
    0x080094e1   0x00000003   PAD
    0x080094e4   0x000000c2   Data   RO         4049    .constdata          ff.o
    0x080095a6   0x00000002   PAD
    0x080095a8   0x00000020   Data   RO         4334    Region$$Table       anon$$obj.o


    Execution Region RW_IRAM1 (Base: 0x20000000, Size: 0x00004a18, Max: 0x00020000, ABSOLUTE, COMPRESSED[0x000002c0])

    Base Addr    Size         Type   Attr      Idx    E Section Name        Object

    0x20000000   0x00000004   Data   RW          125    .data               main.o
    0x20000004   0x00000008   Data   RW          261    .data               stm32f4xx_it.o
    0x2000000c   0x00000014   Data   RW          348    .data               system_stm32f4xx.o
    0x20000020   0x00000008   Data   RW          389    .data               usb_bsp.o
    0x20000028   0x0000004f   Data   RW          474    .data               usbh_usr.o
    0x20000077   0x00000001   PAD
    0x20000078   0x00000034   Data   RW          610    .data               waveplayer.o
    0x200000ac   0x00000030   Data   RW          731    .data               waverecorder.o
    0x200000dc   0x00000018   Data   RW          794    .data               stm32f4_discovery.o
    0x200000f4   0x00000004   Data   RW          849    .data               stm32f4_discovery_lis302dl.o
    0x200000f8   0x00000040   Data   RW          956    .data               stm32f4_discovery_audio_codec.o
    0x20000138   0x00000010   Data   RW         2276    .data               stm32f4xx_rcc.o
    0x20000148   0x00000001   Data   RW         3558    .data               usbh_msc_scsi.o
    0x20000149   0x00000003   PAD
    0x2000014c   0x0000000d   Data   RW         3619    .data               usbh_msc_bot.o
    0x20000159   0x00000003   PAD
    0x2000015c   0x0000001d   Data   RW         3663    .data               usbh_msc_core.o
    0x20000179   0x00000001   Data   RW         3713    .data               usbh_msc_fatfs.o
    0x2000017a   0x00000002   PAD
    0x2000017c   0x0000000e   Data   RW         3844    .data               usbh_core.o
    0x2000018a   0x00000002   PAD
    0x2000018c   0x00000006   Data   RW         4050    .data               ff.o
    0x20000192   0x00000002   PAD
    0x20000194   0x00000304   Data   RW         4290    .data               libPDMFilter_Keil.lib(pdm_filter.o)
    0x20000498   0x00000544   Zero   RW          124    .bss                main.o
    0x200009dc   0x00000cac   Zero   RW          473    .bss                usbh_usr.o
    0x20001688   0x00001018   Zero   RW          609    .bss                waveplayer.o
    0x200026a0   0x00001a64   Zero   RW          730    .bss                waverecorder.o
    0x20004104   0x00000078   Zero   RW          955    .bss                stm32f4_discovery_audio_codec.o
    0x2000417c   0x00000410   Zero   RW         3557    .bss                usbh_msc_scsi.o
    0x2000458c   0x00000040   Zero   RW         3618    .bss                usbh_msc_bot.o
    0x200045cc   0x0000004a   Zero   RW         3662    .bss                usbh_msc_core.o
    0x20004616   0x00000002   PAD
    0x20004618   0x00000400   Zero   RW         3225    STACK               startup_stm32f4xx.o


==============================================================================

Image component sizes


      Code (inc. data)   RO Data    RW Data    ZI Data      Debug   Object Name

         0          0          0          0          0     289604   audio_sample.o
         4          0          0          0          0        598   fattime.o
      6252         44        194          6          0      31818   ff.o
       400         52          0          4       1348      61898   main.o
       160         32          0          0          0       2637   misc.o
        36          8        392          0       1024        984   startup_stm32f4xx.o
       328         68         37         24          0       4786   stm32f4_discovery.o
      3016        314          0         64        120      20528   stm32f4_discovery_audio_codec.o
       646         36          0          4          0       5606   stm32f4_discovery_lis302dl.o
       124         18          0          0          0       2979   stm32f4xx_dac.o
       652         54          0          0          0       6724   stm32f4xx_dma.o
       200         18          0          0          0       2660   stm32f4xx_exti.o
       232          0          0          0          0       4263   stm32f4xx_gpio.o
       564         28          0          0          0       9485   stm32f4xx_i2c.o
       464         64          0          8          0       8797   stm32f4xx_it.o
       424         54          0         16          0       7270   stm32f4xx_rcc.o
       686         22          0          0          0       9142   stm32f4xx_spi.o
        64          4          0          0          0        780   stm32f4xx_syscfg.o
       390         38          0          0          0       8106   stm32f4xx_tim.o
       396         38          0         20          0       2101   system_stm32f4xx.o
       606         26          0          8          0       7324   usb_bsp.o
      3136         18          0          0          0      21467   usb_core.o
       202          0          0          0          0       6067   usb_hcd.o
      3604          0          0          0          0      11491   usb_hcd_int.o
      1690         52          0         14          0       7813   usbh_core.o
       390          0          0          0          0       5236   usbh_hcs.o
       572          0          0          0          0       6278   usbh_ioreq.o
      1056         98          0         13         64       7417   usbh_msc_bot.o
       876         62          0         29         74       7601   usbh_msc_core.o
       388         52          0          1          0       6078   usbh_msc_fatfs.o
      1312         88          0          1       1040      16148   usbh_msc_scsi.o
       848          0          0          0          0      11183   usbh_stdreq.o
       348         58          0         79       3244      16255   usbh_usr.o
      1678        242          0         52       4120      11956   waveplayer.o
      1446        180          0         48       6756       8339   waverecorder.o

    ----------------------------------------------------------------------
     33232       1768        660        404      17792     631419   Object Totals
         0          0         32          0          0          0   (incl. Generated)
        42          0          5         13          2          0   (incl. Padding)

    ----------------------------------------------------------------------

      Code (inc. data)   RO Data    RW Data    ZI Data      Debug   Library Member Name

      3068         54          0        772          0        268   pdm_filter.o
        86          0          0          0          0          0   __dczerorl2.o
         0          0          0          0          0          0   entry.o
         0          0          0          0          0          0   entry10a.o
         0          0          0          0          0          0   entry11a.o
         8          4          0          0          0          0   entry2.o
         4          0          0          0          0          0   entry5.o
         0          0          0          0          0          0   entry7b.o
         0          0          0          0          0          0   entry8b.o
         8          4          0          0          0          0   entry9a.o
        30          0          0          0          0          0   handlers.o
        36          8          0          0          0         68   init.o
         0          0          0          0          0          0   iusefp.o
        30          0          0          0          0         68   llshl.o
        36          0          0          0          0         68   llsshr.o
        32          0          0          0          0         68   llushr.o
       334          0          0          0          0        148   dadd.o
       222          0          0          0          0        100   ddiv.o
       186          0          0          0          0        176   depilogue.o
        50          0          0          0          0         76   dfixui.o
        26          0          0          0          0         76   dfltui.o
       228          0          0          0          0         96   dmul.o
        38          0          0          0          0         68   f2d.o
        24          0          0          0          0         68   fscalb.o

    ----------------------------------------------------------------------
      4452         70          0        772          0       1348   Library Totals
         6          0          0          0          0          0   (incl. Padding)

    ----------------------------------------------------------------------

      Code (inc. data)   RO Data    RW Data    ZI Data      Debug   Library Name

      3068         54          0        772          0        268   libPDMFilter_Keil.lib
       270         16          0          0          0        272   mc_w.l
      1108          0          0          0          0        808   mf_w.l

    ----------------------------------------------------------------------
      4452         70          0        772          0       1348   Library Totals

    ----------------------------------------------------------------------

==============================================================================


      Code (inc. data)   RO Data    RW Data    ZI Data      Debug   

     37684       1838        660       1176      17792     602931   Grand Totals
     37684       1838        660        704      17792     602931   ELF Image Totals (compressed)
     37684       1838        660        704          0          0   ROM Totals

==============================================================================

    Total RO  Size (Code + RO Data)                38344 (  37.45kB)
    Total RW  Size (RW Data + ZI Data)             18968 (  18.52kB)
    Total ROM Size (Code + RO Data + RW Data)      39048 (  38.13kB)

==============================================================================

