stm32f4xx_hal_i2s.c:1899:26:I2S_WaitFlagStateUntilTimeout	24	static
stm32f4xx_hal_i2s.c:528:13:HAL_I2S_MspInit	0	static
stm32f4xx_hal_i2s.c:256:19:HAL_I2S_Init	16	static
stm32f4xx_hal_i2s.c:544:13:HAL_I2S_MspDeInit	0	static
stm32f4xx_hal_i2s.c:484:19:HAL_I2S_DeInit	8	static
stm32f4xx_hal_i2s.c:830:19:HAL_I2S_Transmit	32	static
stm32f4xx_hal_i2s.c:948:19:HAL_I2S_Receive	24	static
stm32f4xx_hal_i2s.c:1046:19:HAL_I2S_Transmit_IT	4	static
stm32f4xx_hal_i2s.c:1112:19:HAL_I2S_Receive_IT	4	static
stm32f4xx_hal_i2s.c:1176:19:HAL_I2S_Transmit_DMA	8	static
stm32f4xx_hal_i2s.c:1264:19:HAL_I2S_Receive_DMA	16	static
stm32f4xx_hal_i2s.c:1352:19:HAL_I2S_DMAPause	0	static
stm32f4xx_hal_i2s.c:1392:19:HAL_I2S_DMAResume	0	static
stm32f4xx_hal_i2s.c:1446:19:HAL_I2S_DMAStop	16	static
stm32f4xx_hal_i2s.c:1507:6:HAL_I2S_IRQHandler	8	static
stm32f4xx_hal_i2s.c:1519:13:HAL_I2S_TxHalfCpltCallback	0	static
stm32f4xx_hal_i2s.c:1677:13:I2S_DMATxHalfCplt	8	static
stm32f4xx_hal_i2s.c:1535:13:HAL_I2S_TxCpltCallback	0	static
stm32f4xx_hal_i2s.c:1766:13:I2S_Transmit_IT	8	static
stm32f4xx_hal_i2s.c:1650:13:I2S_DMATxCplt	8	static
stm32f4xx_hal_i2s.c:1551:13:HAL_I2S_RxHalfCpltCallback	0	static
stm32f4xx_hal_i2s.c:1721:13:I2S_DMARxHalfCplt	8	static
stm32f4xx_hal_i2s.c:1567:13:HAL_I2S_RxCpltCallback	0	static
stm32f4xx_hal_i2s.c:1794:13:I2S_Receive_IT	8	static
stm32f4xx_hal_i2s.c:1695:13:I2S_DMARxCplt	8	static
stm32f4xx_hal_i2s.c:1583:13:HAL_I2S_ErrorCallback	0	static
stm32f4xx_hal_i2s.c:1822:13:I2S_IRQHandler	24	static
stm32f4xx_hal_i2s.c:1739:13:I2S_DMAError	8	static
stm32f4xx_hal_i2s.c:1618:22:HAL_I2S_GetState	0	static
stm32f4xx_hal_i2s.c:1629:10:HAL_I2S_GetError	0	static
