<html>
<body>
<pre>
<h1>µVision Build Log</h1>
<h2>Tool Versions:</h2>
IDE-Version: µVision V5.14.0.0
Copyright (C) 2015 ARM Ltd and ARM Germany GmbH. All rights reserved.
License Information: Oleg Sherbakov, None, LIC=S5ISB-2UK28-24CSS-L2GWC-5NI03-RJAMA
 
Tool Versions:
Toolchain:       MDK-ARM Professional  Version: 5.14.0.0
Toolchain Path:  C:\Keil_v5\ARM\ARMCC\Bin
C Compiler:      Armcc.exe V5.05 update 1 (build 106)
Assembler:       Armasm.exe V5.05 update 1 (build 106)
Linker/Locator:  ArmLink.exe V5.05 update 1 (build 106)
Library Manager: ArmAr.exe V5.05 update 1 (build 106)
Hex Converter:   FromElf.exe V5.05 update 1 (build 106)
CPU DLL:         SARMCM3.DLL V5.14.0.0
Dialog DLL:      DCM.DLL V1.13.1.0
Target DLL:      STLink\ST-LINKIII-KEIL_SWO.dll V2.0.14.0_KEIL
Dialog DLL:      TCM.DLL V1.14.4.0
 
<h2>Project:</h2>
C:\Users\Oleg.Sherbakov\Desktop\STM32F4\STM32F4-Discovery_FW_V1.1.0\Project\Audio_playback_and_record\MDK-ARM\Audio_playback_and_record.uvproj
Project File Date:  02/19/2015

<h2>Output:</h2>
Build target 'MEDIA_USB_KEY'
compiling audio_sample.c...
compiling main.c...
compiling stm32f4xx_it.c...
compiling system_stm32f4xx.c...
compiling usb_bsp.c...
compiling usbh_usr.c...
compiling waveplayer.c...
compiling waverecorder.c...
compiling stm32f4_discovery.c...
compiling stm32f4_discovery_lis302dl.c...
compiling stm32f4_discovery_audio_codec.c...
compiling stm32f4xx_syscfg.c...
compiling misc.c...
compiling stm32f4xx_adc.c...
compiling stm32f4xx_dac.c...
compiling stm32f4xx_dma.c...
compiling stm32f4xx_exti.c...
compiling stm32f4xx_flash.c...
compiling stm32f4xx_gpio.c...
compiling stm32f4xx_i2c.c...
compiling stm32f4xx_rcc.c...
compiling stm32f4xx_spi.c...
compiling stm32f4xx_tim.c...
assembling startup_stm32f4xx.s...
compiling usb_core.c...
compiling usb_hcd_int.c...
compiling usb_hcd.c...
compiling usbh_msc_scsi.c...
compiling usbh_msc_bot.c...
compiling usbh_msc_core.c...
compiling usbh_msc_fatfs.c...
compiling usbh_stdreq.c...
compiling usbh_core.c...
compiling usbh_hcs.c...
compiling usbh_ioreq.c...
compiling ff.c...
compiling fattime.c...
linking...
Program Size: Code=37684 RO-data=660 RW-data=1176 ZI-data=17792  
FromELF: creating hex file...
".\MEDIA_USB_KEY\MEDIA_USB_KEY.axf" - 0 Error(s), 0 Warning(s).
</pre>
</body>
</html>
