Archive member included to satisfy reference by file (symbol)

c:/program files (x86)/atollic/truestudio for stm32 9.3.0/armtools/bin/../lib/gcc/arm-atollic-eabi/6.3.1/../../../../arm-atollic-eabi/lib/armv7e-m\libc_nano.a(lib_a-errno.o)
                              Src\syscalls.o (__errno)
c:/program files (x86)/atollic/truestudio for stm32 9.3.0/armtools/bin/../lib/gcc/arm-atollic-eabi/6.3.1/../../../../arm-atollic-eabi/lib/armv7e-m\libc_nano.a(lib_a-impure.o)
                              c:/program files (x86)/atollic/truestudio for stm32 9.3.0/armtools/bin/../lib/gcc/arm-atollic-eabi/6.3.1/../../../../arm-atollic-eabi/lib/armv7e-m\libc_nano.a(lib_a-errno.o) (_impure_ptr)
c:/program files (x86)/atollic/truestudio for stm32 9.3.0/armtools/bin/../lib/gcc/arm-atollic-eabi/6.3.1/../../../../arm-atollic-eabi/lib/armv7e-m\libc_nano.a(lib_a-init.o)
                              startup\startup_stm32f407xx.o (__libc_init_array)
c:/program files (x86)/atollic/truestudio for stm32 9.3.0/armtools/bin/../lib/gcc/arm-atollic-eabi/6.3.1/../../../../arm-atollic-eabi/lib/armv7e-m\libc_nano.a(lib_a-malloc.o)
                              Middlewares\ST\STM32_USB_Host_Library\Class\CDC\Src\usbh_cdc.o (malloc)
c:/program files (x86)/atollic/truestudio for stm32 9.3.0/armtools/bin/../lib/gcc/arm-atollic-eabi/6.3.1/../../../../arm-atollic-eabi/lib/armv7e-m\libc_nano.a(lib_a-memset.o)
                              Src\main.o (memset)
c:/program files (x86)/atollic/truestudio for stm32 9.3.0/armtools/bin/../lib/gcc/arm-atollic-eabi/6.3.1/../../../../arm-atollic-eabi/lib/armv7e-m\libc_nano.a(lib_a-nano-freer.o)
                              c:/program files (x86)/atollic/truestudio for stm32 9.3.0/armtools/bin/../lib/gcc/arm-atollic-eabi/6.3.1/../../../../arm-atollic-eabi/lib/armv7e-m\libc_nano.a(lib_a-malloc.o) (_free_r)
c:/program files (x86)/atollic/truestudio for stm32 9.3.0/armtools/bin/../lib/gcc/arm-atollic-eabi/6.3.1/../../../../arm-atollic-eabi/lib/armv7e-m\libc_nano.a(lib_a-nano-mallocr.o)
                              c:/program files (x86)/atollic/truestudio for stm32 9.3.0/armtools/bin/../lib/gcc/arm-atollic-eabi/6.3.1/../../../../arm-atollic-eabi/lib/armv7e-m\libc_nano.a(lib_a-malloc.o) (_malloc_r)
c:/program files (x86)/atollic/truestudio for stm32 9.3.0/armtools/bin/../lib/gcc/arm-atollic-eabi/6.3.1/../../../../arm-atollic-eabi/lib/armv7e-m\libc_nano.a(lib_a-sbrkr.o)
                              c:/program files (x86)/atollic/truestudio for stm32 9.3.0/armtools/bin/../lib/gcc/arm-atollic-eabi/6.3.1/../../../../arm-atollic-eabi/lib/armv7e-m\libc_nano.a(lib_a-nano-mallocr.o) (_sbrk_r)
c:/program files (x86)/atollic/truestudio for stm32 9.3.0/armtools/bin/../lib/gcc/arm-atollic-eabi/6.3.1/../../../../arm-atollic-eabi/lib/armv7e-m\libc_nano.a(lib_a-mlock.o)
                              c:/program files (x86)/atollic/truestudio for stm32 9.3.0/armtools/bin/../lib/gcc/arm-atollic-eabi/6.3.1/../../../../arm-atollic-eabi/lib/armv7e-m\libc_nano.a(lib_a-nano-freer.o) (__malloc_lock)
c:/program files (x86)/atollic/truestudio for stm32 9.3.0/armtools/bin/../lib/gcc/arm-atollic-eabi/6.3.1/../../../../arm-atollic-eabi/lib/armv7e-m\libc_nano.a(lib_a-reent.o)
                              c:/program files (x86)/atollic/truestudio for stm32 9.3.0/armtools/bin/../lib/gcc/arm-atollic-eabi/6.3.1/../../../../arm-atollic-eabi/lib/armv7e-m\libc_nano.a(lib_a-sbrkr.o) (errno)
c:/program files (x86)/atollic/truestudio for stm32 9.3.0/armtools/bin/../lib/gcc/arm-atollic-eabi/6.3.1/armv7e-m\libgcc.a(_aeabi_uldivmod.o)
                              Drivers\STM32F4xx_HAL_Driver\Src\stm32f4xx_hal_rcc.o (__aeabi_uldivmod)
c:/program files (x86)/atollic/truestudio for stm32 9.3.0/armtools/bin/../lib/gcc/arm-atollic-eabi/6.3.1/armv7e-m\libgcc.a(_udivmoddi4.o)
                              c:/program files (x86)/atollic/truestudio for stm32 9.3.0/armtools/bin/../lib/gcc/arm-atollic-eabi/6.3.1/armv7e-m\libgcc.a(_aeabi_uldivmod.o) (__udivmoddi4)
c:/program files (x86)/atollic/truestudio for stm32 9.3.0/armtools/bin/../lib/gcc/arm-atollic-eabi/6.3.1/armv7e-m\libgcc.a(_dvmd_tls.o)
                              c:/program files (x86)/atollic/truestudio for stm32 9.3.0/armtools/bin/../lib/gcc/arm-atollic-eabi/6.3.1/armv7e-m\libgcc.a(_aeabi_uldivmod.o) (__aeabi_ldiv0)

Allocating common symbols
Common symbol       size              file

errno               0x4               c:/program files (x86)/atollic/truestudio for stm32 9.3.0/armtools/bin/../lib/gcc/arm-atollic-eabi/6.3.1/../../../../arm-atollic-eabi/lib/armv7e-m\libc_nano.a(lib_a-reent.o)
hi2c1               0x54              Src\main.o
hdma_spi2_rx        0x60              Src\main.o
hUsbHostFS          0x3cc             Src\usb_host.o
uwTick              0x4               Drivers\STM32F4xx_HAL_Driver\Src\stm32f4xx_hal.o
pFlash              0x20              Drivers\STM32F4xx_HAL_Driver\Src\stm32f4xx_hal_flash.o
[...]
Memory Configuration

Name             Origin             Length             Attributes
RAM              0x20000000         0x00020000         xrw
CCMRAM           0x10000000         0x00010000         rw
FLASH            0x08000000         0x00100000         xr
*default*        0x00000000         0xffffffff

Linker script and memory map

LOAD c:/program files (x86)/atollic/truestudio for stm32 9.3.0/armtools/bin/../lib/gcc/arm-atollic-eabi/6.3.1/armv7e-m/crti.o
LOAD c:/program files (x86)/atollic/truestudio for stm32 9.3.0/armtools/bin/../lib/gcc/arm-atollic-eabi/6.3.1/armv7e-m/crtbegin.o
LOAD Drivers\STM32F4xx_HAL_Driver\Src\stm32f4xx_hal.o
LOAD Drivers\STM32F4xx_HAL_Driver\Src\stm32f4xx_hal_cortex.o
LOAD Drivers\STM32F4xx_HAL_Driver\Src\stm32f4xx_hal_dma.o
LOAD Drivers\STM32F4xx_HAL_Driver\Src\stm32f4xx_hal_dma_ex.o
LOAD Drivers\STM32F4xx_HAL_Driver\Src\stm32f4xx_hal_exti.o
LOAD Drivers\STM32F4xx_HAL_Driver\Src\stm32f4xx_hal_flash.o
LOAD Drivers\STM32F4xx_HAL_Driver\Src\stm32f4xx_hal_flash_ex.o
LOAD Drivers\STM32F4xx_HAL_Driver\Src\stm32f4xx_hal_flash_ramfunc.o
LOAD Drivers\STM32F4xx_HAL_Driver\Src\stm32f4xx_hal_gpio.o
LOAD Drivers\STM32F4xx_HAL_Driver\Src\stm32f4xx_hal_hcd.o
LOAD Drivers\STM32F4xx_HAL_Driver\Src\stm32f4xx_hal_i2c.o
LOAD Drivers\STM32F4xx_HAL_Driver\Src\stm32f4xx_hal_i2c_ex.o
LOAD Drivers\STM32F4xx_HAL_Driver\Src\stm32f4xx_hal_i2s.o
LOAD Drivers\STM32F4xx_HAL_Driver\Src\stm32f4xx_hal_i2s_ex.o
LOAD Drivers\STM32F4xx_HAL_Driver\Src\stm32f4xx_hal_pwr.o
LOAD Drivers\STM32F4xx_HAL_Driver\Src\stm32f4xx_hal_pwr_ex.o
LOAD Drivers\STM32F4xx_HAL_Driver\Src\stm32f4xx_hal_rcc.o
LOAD Drivers\STM32F4xx_HAL_Driver\Src\stm32f4xx_hal_rcc_ex.o
LOAD Drivers\STM32F4xx_HAL_Driver\Src\stm32f4xx_hal_spi.o
LOAD Drivers\STM32F4xx_HAL_Driver\Src\stm32f4xx_hal_tim.o
LOAD Drivers\STM32F4xx_HAL_Driver\Src\stm32f4xx_hal_tim_ex.o
LOAD Drivers\STM32F4xx_HAL_Driver\Src\stm32f4xx_ll_usb.o
LOAD Middlewares\ST\STM32_USB_Host_Library\Class\CDC\Src\usbh_cdc.o
LOAD Middlewares\ST\STM32_USB_Host_Library\Core\Src\usbh_core.o
LOAD Middlewares\ST\STM32_USB_Host_Library\Core\Src\usbh_ctlreq.o
LOAD Middlewares\ST\STM32_USB_Host_Library\Core\Src\usbh_ioreq.o
LOAD Middlewares\ST\STM32_USB_Host_Library\Core\Src\usbh_pipes.o
LOAD Src\main.o
LOAD Src\stm32f4xx_hal_msp.o
LOAD Src\stm32f4xx_it.o
LOAD Src\syscalls.o
LOAD Src\system_stm32f4xx.o
LOAD Src\usb_host.o
LOAD Src\usbh_conf.o
LOAD Src\usbh_platform.o
LOAD startup\startup_stm32f407xx.o
LOAD C:\Users\wen.jin\Desktop\Work\STMicro\STM32F4-Discovery_FW_V1.1.0\Utilities\STM32F4-Discovery\libPDMFilter_GCC.a
                0x00000080                malloc_getpagesize_P = 0x80
START GROUP
LOAD c:/program files (x86)/atollic/truestudio for stm32 9.3.0/armtools/bin/../lib/gcc/arm-atollic-eabi/6.3.1/../../../../arm-atollic-eabi/lib/armv7e-m\libc_nano.a
LOAD c:/program files (x86)/atollic/truestudio for stm32 9.3.0/armtools/bin/../lib/gcc/arm-atollic-eabi/6.3.1/../../../../arm-atollic-eabi/lib/armv7e-m\libm.a
END GROUP
START GROUP
LOAD c:/program files (x86)/atollic/truestudio for stm32 9.3.0/armtools/bin/../lib/gcc/arm-atollic-eabi/6.3.1/armv7e-m\libgcc.a
LOAD c:/program files (x86)/atollic/truestudio for stm32 9.3.0/armtools/bin/../lib/gcc/arm-atollic-eabi/6.3.1/../../../../arm-atollic-eabi/lib/armv7e-m\libc_nano.a
END GROUP
START GROUP
LOAD c:/program files (x86)/atollic/truestudio for stm32 9.3.0/armtools/bin/../lib/gcc/arm-atollic-eabi/6.3.1/armv7e-m\libgcc.a
LOAD c:/program files (x86)/atollic/truestudio for stm32 9.3.0/armtools/bin/../lib/gcc/arm-atollic-eabi/6.3.1/../../../../arm-atollic-eabi/lib/armv7e-m\libc_nano.a
LOAD c:/program files (x86)/atollic/truestudio for stm32 9.3.0/armtools/bin/../lib/gcc/arm-atollic-eabi/6.3.1/../../../../arm-atollic-eabi/lib/armv7e-m\libnosys.a
END GROUP
START GROUP
LOAD c:/program files (x86)/atollic/truestudio for stm32 9.3.0/armtools/bin/../lib/gcc/arm-atollic-eabi/6.3.1/armv7e-m\libgcc.a
LOAD c:/program files (x86)/atollic/truestudio for stm32 9.3.0/armtools/bin/../lib/gcc/arm-atollic-eabi/6.3.1/../../../../arm-atollic-eabi/lib/armv7e-m\libc_nano.a
LOAD c:/program files (x86)/atollic/truestudio for stm32 9.3.0/armtools/bin/../lib/gcc/arm-atollic-eabi/6.3.1/../../../../arm-atollic-eabi/lib/armv7e-m\libnosys.a
END GROUP
LOAD c:/program files (x86)/atollic/truestudio for stm32 9.3.0/armtools/bin/../lib/gcc/arm-atollic-eabi/6.3.1/armv7e-m/crtend.o
LOAD c:/program files (x86)/atollic/truestudio for stm32 9.3.0/armtools/bin/../lib/gcc/arm-atollic-eabi/6.3.1/armv7e-m/crtn.o
                0x20020000                _estack = 0x20020000
                0x00000200                _Min_Heap_Size = 0x200
                0x00000400                _Min_Stack_Size = 0x400

.isr_vector     0x08000000      0x188
                0x08000000                . = ALIGN (0x4)
 *(.isr_vector)
 .isr_vector    0x08000000      0x188 startup\startup_stm32f407xx.o
                0x08000000                g_pfnVectors
                0x08000188                . = ALIGN (0x4)

.text           0x08000188     0x73a0
                0x08000188                . = ALIGN (0x4)
 *(.text)
 .text          0x08000188       0x40 c:/program files (x86)/atollic/truestudio for stm32 9.3.0/armtools/bin/../lib/gcc/arm-atollic-eabi/6.3.1/armv7e-m/crtbegin.o
 .text          0x080001c8      0x210 Drivers\STM32F4xx_HAL_Driver\Src\stm32f4xx_hal.o
                0x080001ca                HAL_MspDeInit
                0x080001cc                HAL_DeInit
                0x080001f8                HAL_InitTick
                0x08000240                HAL_Init
                0x08000274                HAL_IncTick
                0x0800028c                HAL_GetTick
                0x08000298                HAL_GetTickPrio
                0x080002a4                HAL_SetTickFreq
                0x080002c4                HAL_GetTickFreq
                0x080002d0                HAL_Delay
                0x080002f8                HAL_SuspendTick
                0x08000308                HAL_ResumeTick
                0x08000318                HAL_GetHalVersion
                0x08000320                HAL_GetREVID
                0x0800032c                HAL_GetDEVID
                0x0800033c                HAL_DBGMCU_EnableDBGSleepMode
                0x0800034c                HAL_DBGMCU_DisableDBGSleepMode
                0x0800035c                HAL_DBGMCU_EnableDBGStopMode
                0x0800036c                HAL_DBGMCU_DisableDBGStopMode
                0x0800037c                HAL_DBGMCU_EnableDBGStandbyMode
                0x0800038c                HAL_DBGMCU_DisableDBGStandbyMode
                0x0800039c                HAL_EnableCompensationCell
                0x080003a8                HAL_DisableCompensationCell
                0x080003b4                HAL_GetUIDw0
                0x080003c0                HAL_GetUIDw1
                0x080003cc                HAL_GetUIDw2
 .text          0x080003d8      0x2d4 Drivers\STM32F4xx_HAL_Driver\Src\stm32f4xx_hal_cortex.o
                0x080003d8                HAL_NVIC_SetPriorityGrouping
                0x080003fc                HAL_NVIC_SetPriority
                0x08000460                HAL_NVIC_EnableIRQ
                0x0800047c                HAL_NVIC_DisableIRQ
                0x080004a4                HAL_NVIC_SystemReset
                0x080004c8                HAL_SYSTICK_Config
                0x080004f4                HAL_MPU_Disable
                0x08000514                HAL_MPU_Enable
                0x08000538                HAL_MPU_ConfigRegion
                0x0800058c                HAL_NVIC_GetPriorityGrouping
                0x0800059c                HAL_NVIC_GetPriority
                0x080005f8                HAL_NVIC_SetPendingIRQ
                0x08000618                HAL_NVIC_GetPendingIRQ
                0x0800063c                HAL_NVIC_ClearPendingIRQ
                0x0800065c                HAL_NVIC_GetActive
                0x08000680                HAL_SYSTICK_CLKSourceConfig
                0x080006a0                HAL_SYSTICK_Callback
                0x080006a2                HAL_SYSTICK_IRQHandler
 .text          0x080006ac      0x780 Drivers\STM32F4xx_HAL_Driver\Src\stm32f4xx_hal_dma.o
                0x080007a2                HAL_DMA_Init
                0x08000874                HAL_DMA_DeInit
                0x080008da                HAL_DMA_Start
                0x08000922                HAL_DMA_Start_IT
                0x08000996                HAL_DMA_Abort
                0x08000a2a                HAL_DMA_Abort_IT
                0x08000a50                HAL_DMA_PollForTransfer
                0x08000b76                HAL_DMA_IRQHandler
                0x08000d54                HAL_DMA_RegisterCallback
                0x08000db2                HAL_DMA_UnRegisterCallback
                0x08000e22                HAL_DMA_GetState
                0x08000e28                HAL_DMA_GetError
 .text          0x08000e2c      0x368 Drivers\STM32F4xx_HAL_Driver\Src\stm32f4xx_hal_gpio.o
                0x08000e2c                HAL_GPIO_Init
                0x08000ff8                HAL_GPIO_DeInit
                0x0800111c                HAL_GPIO_ReadPin
                0x0800112a                HAL_GPIO_WritePin
                0x08001136                HAL_GPIO_TogglePin
                0x08001148                HAL_GPIO_LockPin
                0x08001176                HAL_GPIO_EXTI_Callback
                0x08001178                HAL_GPIO_EXTI_IRQHandler
 .text          0x08001194      0xbd4 Drivers\STM32F4xx_HAL_Driver\Src\stm32f4xx_hal_hcd.o
                0x08001210                HAL_HCD_HC_Init
                0x080012b0                HAL_HCD_HC_Halt
                0x080012d6                HAL_HCD_Init
                0x0800136c                HAL_HCD_DeInit
                0x0800138e                HAL_HCD_HC_SubmitRequest
                0x08001b78                HAL_HCD_IRQHandler
                0x08001cca                HAL_HCD_Start
                0x08001cf6                HAL_HCD_Stop
                0x08001d1a                HAL_HCD_ResetPort
                0x08001d24                HAL_HCD_GetState
                0x08001d2a                HAL_HCD_HC_GetURBState
                0x08001d38                HAL_HCD_HC_GetXferCount
                0x08001d44                HAL_HCD_HC_GetState
                0x08001d52                HAL_HCD_GetCurrentFrame
                0x08001d5c                HAL_HCD_GetCurrentSpeed
 .text          0x08001d68      0xb48 Drivers\STM32F4xx_HAL_Driver\Src\stm32f4xx_hal_i2s.o
                0x08001dbc                HAL_I2S_Init
                0x08001f5a                HAL_I2S_DeInit
                0x08001f86                HAL_I2S_Transmit
                0x080020d6                HAL_I2S_Receive
                0x080021ec                HAL_I2S_Transmit_IT
                0x08002278                HAL_I2S_Receive_IT
                0x08002304                HAL_I2S_Transmit_DMA
                0x080023e4                HAL_I2S_Receive_DMA
                0x080024e4                HAL_I2S_DMAPause
                0x08002564                HAL_I2S_DMAResume
                0x08002618                HAL_I2S_DMAStop
                0x080026d0                HAL_I2S_IRQHandler
                0x080026d8                HAL_I2S_TxHalfCpltCallback
                0x080026e4                HAL_I2S_TxCpltCallback
                0x080027ac                HAL_I2S_ErrorCallback
                0x080028a6                HAL_I2S_GetState
                0x080028ac                HAL_I2S_GetError
 .text          0x080028b0      0xb90 Drivers\STM32F4xx_HAL_Driver\Src\stm32f4xx_hal_i2s_ex.o
                0x080029ac                HAL_I2SEx_TransmitReceive
                0x08002d04                HAL_I2SEx_TransmitReceive_IT
                0x08002e70                HAL_I2SEx_TransmitReceive_DMA
                0x0800305c                HAL_I2SEx_TxRxHalfCpltCallback
                0x08003068                HAL_I2SEx_TxRxCpltCallback
                0x08003268                HAL_I2SEx_FullDuplex_IRQHandler
 .text          0x08003440      0x7f4 Drivers\STM32F4xx_HAL_Driver\Src\stm32f4xx_hal_rcc.o
                0x08003444                HAL_RCC_OscConfig
                0x080037dc                HAL_RCC_MCOConfig
                0x08003878                HAL_RCC_EnableCSS
                0x08003884                HAL_RCC_DisableCSS
                0x08003890                HAL_RCC_GetSysClockFreq
                0x08003964                HAL_RCC_ClockConfig
                0x08003abc                HAL_RCC_GetHCLKFreq
                0x08003ac8                HAL_RCC_GetPCLK1Freq
                0x08003ae8                HAL_RCC_GetPCLK2Freq
                0x08003b08                HAL_RCC_GetOscConfig
                0x08003bd4                HAL_RCC_GetClockConfig
                0x08003c10                HAL_RCC_CSSCallback
                0x08003c12                HAL_RCC_NMI_IRQHandler
 .text          0x08003c34      0x3d0 Drivers\STM32F4xx_HAL_Driver\Src\stm32f4xx_hal_rcc_ex.o
                0x08003c34                HAL_RCCEx_PeriphCLKConfig
                0x08003d88                HAL_RCCEx_GetPeriphCLKConfig
                0x08003db8                HAL_RCCEx_GetPeriphCLKFreq
                0x08003e2c                HAL_RCCEx_EnablePLLI2S
                0x08003e94                HAL_RCCEx_DisablePLLI2S
                0x08003ec8                HAL_RCC_DeInit
 .text          0x08004004     0x11e8 Drivers\STM32F4xx_HAL_Driver\Src\stm32f4xx_ll_usb.o
                0x08004040                USB_CoreInit
                0x080040ca                USB_SetTurnaroundTime
                0x080041b8                USB_EnableGlobalInt
                0x080041c4                USB_DisableGlobalInt
                0x080041d0                USB_SetCurrentMode
                0x08004200                USB_FlushTxFifo
                0x08004228                USB_FlushRxFifo
                0x0800424c                USB_SetDevSpeed
                0x0800425a                USB_DevInit
                0x080043f8                USB_GetDevSpeed
                0x0800441a                USB_ActivateEndpoint
                0x080044ae                USB_ActivateDedicatedEndpoint
                0x08004548                USB_DeactivateEndpoint
                0x080045d8                USB_DeactivateDedicatedEndpoint
                0x08004634                USB_EP0StartXfer
                0x08004750                USB_WritePacket
                0x08004778                USB_EPStartXfer
                0x08004994                USB_ReadPacket
                0x080049ba                USB_EPSetStall
                0x08004a14                USB_EPClearStall
                0x08004a70                USB_StopDevice
                0x08004ab8                USB_SetDevAddress
                0x08004ad8                USB_DevConnect
                0x08004af0                USB_DevDisconnect
                0x08004b08                USB_ReadInterrupts
                0x08004b10                USB_ReadDevAllOutEpInterrupt
                0x08004b20                USB_ReadDevAllInEpInterrupt
                0x08004b30                USB_ReadDevOutEPInterrupt
                0x08004b42                USB_ReadDevInEPInterrupt
                0x08004b66                USB_ClearInterrupts
                0x08004b6e                USB_GetMode
                0x08004b76                USB_ActivateSetup
                0x08004bae                USB_EP0_OutStart
                0x08004c0c                USB_InitFSLSPClkSel
                0x08004c4a                USB_ResetPort
                0x08004c88                USB_DriveVbus
                0x08004cce                USB_HostInit
                0x08004dcc                USB_GetHostSpeed
                0x08004de2                USB_GetCurrentFrame
                0x08004dec                USB_HC_Init
                0x08004ef0                USB_HC_ReadInterrupt
                0x08004efa                USB_HC_Halt
                0x08004fc8                USB_DoPing
                0x08004fec                USB_HC_StartXfer
                0x08005144                USB_StopHost
                0x080051c2                USB_ActivateRemoteWakeup
                0x080051dc                USB_DeActivateRemoteWakeup
 .text          0x080051ec      0x4d6 Middlewares\ST\STM32_USB_Host_Library\Class\CDC\Src\usbh_cdc.o
                0x0800540e                USBH_CDC_Stop
                0x08005442                USBH_CDC_SetLineCoding
                0x0800545e                USBH_CDC_GetLineCoding
                0x0800548c                USBH_CDC_GetLastReceivedDataSize
                0x080054aa                USBH_CDC_Transmit
                0x080054d2                USBH_CDC_Receive
                0x080054f8                USBH_CDC_TransmitCallback
                0x0800558e                USBH_CDC_ReceiveCallback
                0x080055fa                USBH_CDC_LineCodingChanged
 .text          0x080056c2      0x5b4 Middlewares\ST\STM32_USB_Host_Library\Core\Src\usbh_core.o
                0x08005894                USBH_Init
                0x080058c2                USBH_DeInit
                0x080058da                USBH_RegisterClass
                0x080058fe                USBH_SelectInterface
                0x08005912                USBH_GetActiveClass
                0x08005918                USBH_FindInterface
                0x0800596a                USBH_FindInterfaceIndex
                0x080059a6                USBH_Start
                0x080059ba                USBH_Stop
                0x080059de                USBH_ReEnumerate
                0x080059fc                USBH_LL_SetTimer
                0x08005a02                USBH_LL_IncTimer
                0x08005a14                USBH_LL_PortEnabled
                0x08005a1c                USBH_LL_PortDisabled
                0x08005a24                USBH_IsPortEnabled
                0x08005a2a                USBH_Process
                0x08005c16                USBH_LL_Connect
                0x08005c3e                USBH_LL_Disconnect
 .text          0x08005c76      0x53c Middlewares\ST\STM32_USB_Host_Library\Core\Src\usbh_ctlreq.o
                0x08005f18                USBH_GetNextDesc
                0x08005fe8                USBH_CtlReq
                0x08006036                USBH_GetDescriptor
                0x08006072                USBH_Get_DevDesc
                0x080060a4                USBH_Get_CfgDesc
                0x080060d6                USBH_Get_StringDesc
                0x08006106                USBH_SetAddress
                0x08006128                USBH_SetCfg
                0x0800614a                USBH_SetInterface
                0x0800616c                USBH_SetFeature
                0x0800618e                USBH_ClrFeature
 .text          0x080061b2      0x140 Middlewares\ST\STM32_USB_Host_Library\Core\Src\usbh_ioreq.o
                0x080061b2                USBH_CtlSendSetup
                0x080061d4                USBH_CtlSendData
                0x08006200                USBH_CtlReceiveData
                0x08006220                USBH_BulkSendData
                0x0800624c                USBH_BulkReceiveData
                0x0800626c                USBH_InterruptReceiveData
                0x0800628c                USBH_InterruptSendData
                0x080062ae                USBH_IsocReceiveData
                0x080062d0                USBH_IsocSendData
 .text          0x080062f2       0x86 Middlewares\ST\STM32_USB_Host_Library\Core\Src\usbh_pipes.o
                0x08006316                USBH_OpenPipe
                0x08006336                USBH_ClosePipe
                0x08006340                USBH_AllocPipe
                0x08006362                USBH_FreePipe
 .text          0x08006378      0x314 Src\main.o
                0x08006570                HAL_I2S_RxHalfCpltCallback
                0x08006572                HAL_I2S_RxCpltCallback
                0x08006574                SystemClock_Config
                0x08006624                main
                0x08006688                Error_Handler
 .text          0x0800668c      0x388 Src\stm32f4xx_hal_msp.o
                0x0800668c                HAL_MspInit
                0x080066cc                HAL_I2C_MspInit
                0x0800673c                HAL_I2C_MspDeInit
                0x0800676c                HAL_I2S_MspInit
                0x08006908                HAL_I2S_MspDeInit
                0x0800697c                HAL_SPI_MspInit
                0x080069e8                HAL_SPI_MspDeInit
 .text          0x08006a14       0x48 Src\stm32f4xx_it.o
                0x08006a14                NMI_Handler
                0x08006a16                HardFault_Handler
                0x08006a18                MemManage_Handler
                0x08006a1a                BusFault_Handler
                0x08006a1c                UsageFault_Handler
                0x08006a1e                SVC_Handler
                0x08006a20                DebugMon_Handler
                0x08006a22                PendSV_Handler
                0x08006a24                SysTick_Handler
                0x08006a2c                DMA1_Stream3_IRQHandler
                0x08006a3c                DMA1_Stream5_IRQHandler
                0x08006a4c                OTG_FS_IRQHandler
 .text          0x08006a5c      0x11c Src\syscalls.o
                0x08006a5c                initialise_monitor_handles
                0x08006a5e                _getpid
                0x08006a62                _kill
                0x08006a72                _exit
                0x08006a7e                _read
                0x08006a9c                _write
                0x08006ab8                _sbrk
                0x08006af4                _close
                0x08006afa                _fstat
                0x08006b04                _isatty
                0x08006b08                _lseek
                0x08006b0c                _open
                0x08006b16                _wait
                0x08006b26                _unlink
                0x08006b36                _times
                0x08006b3c                _stat
                0x08006b46                _link
                0x08006b56                _fork
                0x08006b66                _execve
 .text          0x08006b78       0xe0 Src\system_stm32f4xx.o
                0x08006b78                SystemInit
                0x08006bb8                SystemCoreClockUpdate
 .text          0x08006c58       0x7c Src\usb_host.o
                0x08006c84                MX_USB_HOST_Init
                0x08006cc4                MX_USB_HOST_Process
 .text          0x08006cd4      0x2c0 Src\usbh_conf.o
                0x08006cd4                HAL_HCD_MspInit
                0x08006d6c                HAL_HCD_MspDeInit
                0x08006d9c                HAL_HCD_SOF_Callback
                0x08006da8                HAL_HCD_Connect_Callback
                0x08006db4                HAL_HCD_Disconnect_Callback
                0x08006dc0                HAL_HCD_HC_NotifyURBChange_Callback
                0x08006dc2                HAL_HCD_PortEnabled_Callback
                0x08006dce                HAL_HCD_PortDisabled_Callback
                0x08006dda                USBH_LL_Init
                0x08006e30                USBH_LL_GetSpeed
                0x08006e4c                USBH_LL_GetLastXferSize
                0x08006e58                USBH_LL_GetURBState
                0x08006e64                USBH_LL_DriverVBUS
                0x08006e80                USBH_LL_SetToggle
                0x08006eb0                USBH_LL_GetToggle
                0x08006eda                USBH_Delay
                0x08006ee2                USBH_Get_USB_Status
                0x08006ef4                USBH_LL_DeInit
                0x08006f04                USBH_LL_Start
                0x08006f14                USBH_LL_Stop
                0x08006f24                USBH_LL_ResetPort
                0x08006f34                USBH_LL_OpenPipe
                0x08006f5a                USBH_LL_ClosePipe
                0x08006f6a                USBH_LL_SubmitURB
 .text          0x08006f94       0x18 Src\usbh_platform.o
                0x08006f94                MX_DriverVbusFS
 .text          0x08006fac       0x30 c:/program files (x86)/atollic/truestudio for stm32 9.3.0/armtools/bin/../lib/gcc/arm-atollic-eabi/6.3.1/armv7e-m\libgcc.a(_aeabi_uldivmod.o)
                0x08006fac                __aeabi_uldivmod
 .text          0x08006fdc      0x2dc c:/program files (x86)/atollic/truestudio for stm32 9.3.0/armtools/bin/../lib/gcc/arm-atollic-eabi/6.3.1/armv7e-m\libgcc.a(_udivmoddi4.o)
                0x08006fdc                __udivmoddi4
 .text          0x080072b8        0x4 c:/program files (x86)/atollic/truestudio for stm32 9.3.0/armtools/bin/../lib/gcc/arm-atollic-eabi/6.3.1/armv7e-m\libgcc.a(_dvmd_tls.o)
                0x080072b8                __aeabi_idiv0
                0x080072b8                __aeabi_ldiv0
 *(.text*)
 .text.Reset_Handler
                0x080072bc       0x50 startup\startup_stm32f407xx.o
                0x080072bc                Reset_Handler
 .text.Default_Handler
                0x0800730c        0x2 startup\startup_stm32f407xx.o
                0x0800730c                RTC_Alarm_IRQHandler
                0x0800730c                HASH_RNG_IRQHandler
                0x0800730c                EXTI2_IRQHandler
                0x0800730c                TIM8_CC_IRQHandler
                0x0800730c                TIM1_CC_IRQHandler
                0x0800730c                DMA2_Stream5_IRQHandler
                0x0800730c                PVD_IRQHandler
                0x0800730c                SDIO_IRQHandler
                0x0800730c                TAMP_STAMP_IRQHandler
                0x0800730c                CAN2_RX1_IRQHandler
                0x0800730c                EXTI3_IRQHandler
                0x0800730c                TIM8_TRG_COM_TIM14_IRQHandler
                0x0800730c                TIM1_UP_TIM10_IRQHandler
                0x0800730c                TIM8_UP_TIM13_IRQHandler
                0x0800730c                I2C3_ER_IRQHandler
                0x0800730c                EXTI0_IRQHandler
                0x0800730c                I2C2_EV_IRQHandler
                0x0800730c                DMA1_Stream2_IRQHandler
                0x0800730c                CAN1_RX0_IRQHandler
                0x0800730c                FPU_IRQHandler
                0x0800730c                OTG_HS_WKUP_IRQHandler
                0x0800730c                CAN2_SCE_IRQHandler
                0x0800730c                DMA2_Stream2_IRQHandler
                0x0800730c                SPI1_IRQHandler
                0x0800730c                TIM6_DAC_IRQHandler
                0x0800730c                TIM1_BRK_TIM9_IRQHandler
                0x0800730c                DCMI_IRQHandler
                0x0800730c                CAN2_RX0_IRQHandler
                0x0800730c                DMA2_Stream3_IRQHandler
                0x0800730c                USART6_IRQHandler
                0x0800730c                USART3_IRQHandler
                0x0800730c                CAN1_RX1_IRQHandler
                0x0800730c                UART5_IRQHandler
                0x0800730c                DMA2_Stream0_IRQHandler
                0x0800730c                TIM4_IRQHandler
                0x0800730c                I2C1_EV_IRQHandler
                0x0800730c                DMA1_Stream6_IRQHandler
                0x0800730c                DMA1_Stream1_IRQHandler
                0x0800730c                UART4_IRQHandler
                0x0800730c                TIM3_IRQHandler
                0x0800730c                RCC_IRQHandler
                0x0800730c                TIM8_BRK_TIM12_IRQHandler
                0x0800730c                Default_Handler
                0x0800730c                EXTI15_10_IRQHandler
                0x0800730c                ADC_IRQHandler
                0x0800730c                DMA1_Stream7_IRQHandler
                0x0800730c                TIM7_IRQHandler
                0x0800730c                CAN2_TX_IRQHandler
                0x0800730c                TIM5_IRQHandler
                0x0800730c                DMA2_Stream7_IRQHandler
                0x0800730c                I2C3_EV_IRQHandler
                0x0800730c                EXTI9_5_IRQHandler
                0x0800730c                RTC_WKUP_IRQHandler
                0x0800730c                ETH_WKUP_IRQHandler
                0x0800730c                SPI2_IRQHandler
                0x0800730c                OTG_HS_EP1_IN_IRQHandler
                0x0800730c                DMA1_Stream0_IRQHandler
                0x0800730c                CAN1_TX_IRQHandler
                0x0800730c                EXTI4_IRQHandler
                0x0800730c                FSMC_IRQHandler
                0x0800730c                ETH_IRQHandler
                0x0800730c                OTG_HS_EP1_OUT_IRQHandler
                0x0800730c                WWDG_IRQHandler
                0x0800730c                TIM2_IRQHandler
                0x0800730c                OTG_FS_WKUP_IRQHandler
                0x0800730c                TIM1_TRG_COM_TIM11_IRQHandler
                0x0800730c                OTG_HS_IRQHandler
                0x0800730c                EXTI1_IRQHandler
                0x0800730c                USART2_IRQHandler
                0x0800730c                I2C2_ER_IRQHandler
                0x0800730c                DMA2_Stream1_IRQHandler
                0x0800730c                CAN1_SCE_IRQHandler
                0x0800730c                FLASH_IRQHandler
                0x0800730c                DMA2_Stream4_IRQHandler
                0x0800730c                USART1_IRQHandler
                0x0800730c                SPI3_IRQHandler
                0x0800730c                DMA1_Stream4_IRQHandler
                0x0800730c                I2C1_ER_IRQHandler
                0x0800730c                DMA2_Stream6_IRQHandler
 *fill*         0x0800730e        0x2 
 .text.__errno  0x08007310        0xc c:/program files (x86)/atollic/truestudio for stm32 9.3.0/armtools/bin/../lib/gcc/arm-atollic-eabi/6.3.1/../../../../arm-atollic-eabi/lib/armv7e-m\libc_nano.a(lib_a-errno.o)
                0x08007310                __errno
 .text.__libc_init_array
                0x0800731c       0x48 c:/program files (x86)/atollic/truestudio for stm32 9.3.0/armtools/bin/../lib/gcc/arm-atollic-eabi/6.3.1/../../../../arm-atollic-eabi/lib/armv7e-m\libc_nano.a(lib_a-init.o)
                0x0800731c                __libc_init_array
 .text.malloc   0x08007364       0x10 c:/program files (x86)/atollic/truestudio for stm32 9.3.0/armtools/bin/../lib/gcc/arm-atollic-eabi/6.3.1/../../../../arm-atollic-eabi/lib/armv7e-m\libc_nano.a(lib_a-malloc.o)
                0x08007364                malloc
 .text.free     0x08007374       0x10 c:/program files (x86)/atollic/truestudio for stm32 9.3.0/armtools/bin/../lib/gcc/arm-atollic-eabi/6.3.1/../../../../arm-atollic-eabi/lib/armv7e-m\libc_nano.a(lib_a-malloc.o)
                0x08007374                free
 .text.memset   0x08007384       0x10 c:/program files (x86)/atollic/truestudio for stm32 9.3.0/armtools/bin/../lib/gcc/arm-atollic-eabi/6.3.1/../../../../arm-atollic-eabi/lib/armv7e-m\libc_nano.a(lib_a-memset.o)
                0x08007384                memset
 .text._free_r  0x08007394       0x9c c:/program files (x86)/atollic/truestudio for stm32 9.3.0/armtools/bin/../lib/gcc/arm-atollic-eabi/6.3.1/../../../../arm-atollic-eabi/lib/armv7e-m\libc_nano.a(lib_a-nano-freer.o)
                0x08007394                _free_r
 .text._malloc_r
                0x08007430       0xbc c:/program files (x86)/atollic/truestudio for stm32 9.3.0/armtools/bin/../lib/gcc/arm-atollic-eabi/6.3.1/../../../../arm-atollic-eabi/lib/armv7e-m\libc_nano.a(lib_a-nano-mallocr.o)
                0x08007430                _malloc_r
 .text._sbrk_r  0x080074ec       0x20 c:/program files (x86)/atollic/truestudio for stm32 9.3.0/armtools/bin/../lib/gcc/arm-atollic-eabi/6.3.1/../../../../arm-atollic-eabi/lib/armv7e-m\libc_nano.a(lib_a-sbrkr.o)
                0x080074ec                _sbrk_r
 .text.__malloc_lock
                0x0800750c        0x2 c:/program files (x86)/atollic/truestudio for stm32 9.3.0/armtools/bin/../lib/gcc/arm-atollic-eabi/6.3.1/../../../../arm-atollic-eabi/lib/armv7e-m\libc_nano.a(lib_a-mlock.o)
                0x0800750c                __malloc_lock
 .text.__malloc_unlock
                0x0800750e        0x2 c:/program files (x86)/atollic/truestudio for stm32 9.3.0/armtools/bin/../lib/gcc/arm-atollic-eabi/6.3.1/../../../../arm-atollic-eabi/lib/armv7e-m\libc_nano.a(lib_a-mlock.o)
                0x0800750e                __malloc_unlock
 *(.glue_7)
 .glue_7        0x08007510        0x0 linker stubs
 *(.glue_7t)
 .glue_7t       0x08007510        0x0 linker stubs
 *(.eh_frame)
 .eh_frame      0x08007510        0x0 c:/program files (x86)/atollic/truestudio for stm32 9.3.0/armtools/bin/../lib/gcc/arm-atollic-eabi/6.3.1/armv7e-m/crtbegin.o
 *(.init)
 .init          0x08007510        0x4 c:/program files (x86)/atollic/truestudio for stm32 9.3.0/armtools/bin/../lib/gcc/arm-atollic-eabi/6.3.1/armv7e-m/crti.o
                0x08007510                _init
 .init          0x08007514        0x8 c:/program files (x86)/atollic/truestudio for stm32 9.3.0/armtools/bin/../lib/gcc/arm-atollic-eabi/6.3.1/armv7e-m/crtn.o
 *(.fini)
 .fini          0x0800751c        0x4 c:/program files (x86)/atollic/truestudio for stm32 9.3.0/armtools/bin/../lib/gcc/arm-atollic-eabi/6.3.1/armv7e-m/crti.o
                0x0800751c                _fini
 .fini          0x08007520        0x8 c:/program files (x86)/atollic/truestudio for stm32 9.3.0/armtools/bin/../lib/gcc/arm-atollic-eabi/6.3.1/armv7e-m/crtn.o
                0x08007528                . = ALIGN (0x4)
                0x08007528                _etext = .

.vfp11_veneer   0x08007528        0x0
 .vfp11_veneer  0x08007528        0x0 linker stubs

.v4_bx          0x08007528        0x0
 .v4_bx         0x08007528        0x0 linker stubs

.iplt           0x08007528        0x0
 .iplt          0x08007528        0x0 c:/program files (x86)/atollic/truestudio for stm32 9.3.0/armtools/bin/../lib/gcc/arm-atollic-eabi/6.3.1/armv7e-m/crtbegin.o

.rodata         0x08007528       0x24
                0x08007528                . = ALIGN (0x4)
 *(.rodata)
 .rodata        0x08007528        0x8 Drivers\STM32F4xx_HAL_Driver\Src\stm32f4xx_hal_dma.o
 .rodata        0x08007530       0x18 Src\system_stm32f4xx.o
                0x08007530                AHBPrescTable
                0x08007540                APBPrescTable
 *(.rodata*)
 .rodata.str1.4
                0x08007548        0x4 Middlewares\ST\STM32_USB_Host_Library\Class\CDC\Src\usbh_cdc.o
                0x0800754c                . = ALIGN (0x4)

.ARM.extab
 *(.ARM.extab* .gnu.linkonce.armextab.*)

.ARM            0x0800754c        0x8
                0x0800754c                __exidx_start = .
 *(.ARM.exidx*)
 .ARM.exidx     0x0800754c        0x8 c:/program files (x86)/atollic/truestudio for stm32 9.3.0/armtools/bin/../lib/gcc/arm-atollic-eabi/6.3.1/armv7e-m\libgcc.a(_udivmoddi4.o)
                0x08007554                __exidx_end = .

.rel.dyn        0x08007554        0x0
 .rel.iplt      0x08007554        0x0 c:/program files (x86)/atollic/truestudio for stm32 9.3.0/armtools/bin/../lib/gcc/arm-atollic-eabi/6.3.1/armv7e-m/crtbegin.o

.preinit_array  0x08007554        0x0
                0x08007554                PROVIDE (__preinit_array_start, .)
 *(.preinit_array*)
                0x08007554                PROVIDE (__preinit_array_end, .)

.init_array     0x08007554        0x4
                0x08007554                PROVIDE (__init_array_start, .)
 *(SORT(.init_array.*))
 *(.init_array*)
 .init_array    0x08007554        0x4 c:/program files (x86)/atollic/truestudio for stm32 9.3.0/armtools/bin/../lib/gcc/arm-atollic-eabi/6.3.1/armv7e-m/crtbegin.o
                0x08007558                PROVIDE (__init_array_end, .)

.fini_array     0x08007558        0x4
                [!provide]                PROVIDE (__fini_array_start, .)
 *(SORT(.fini_array.*))
 *(.fini_array*)
 .fini_array    0x08007558        0x4 c:/program files (x86)/atollic/truestudio for stm32 9.3.0/armtools/bin/../lib/gcc/arm-atollic-eabi/6.3.1/armv7e-m/crtbegin.o
                [!provide]                PROVIDE (__fini_array_end, .)
                0x0800755c                _sidata = LOADADDR (.data)

.data           0x20000000       0x90 load address 0x0800755c
                0x20000000                . = ALIGN (0x4)
                0x20000000                _sdata = .
 *(.data)
 .data          0x20000000        0x8 Drivers\STM32F4xx_HAL_Driver\Src\stm32f4xx_hal.o
                0x20000000                uwTickFreq
                0x20000004                uwTickPrio
 .data          0x20000008       0x20 Middlewares\ST\STM32_USB_Host_Library\Class\CDC\Src\usbh_cdc.o
                0x20000008                CDC_Class
 .data          0x20000028        0x4 Src\system_stm32f4xx.o
                0x20000028                SystemCoreClock
 *(.data*)
 .data._impure_ptr
                0x2000002c        0x4 c:/program files (x86)/atollic/truestudio for stm32 9.3.0/armtools/bin/../lib/gcc/arm-atollic-eabi/6.3.1/../../../../arm-atollic-eabi/lib/armv7e-m\libc_nano.a(lib_a-impure.o)
                0x2000002c                _impure_ptr
 .data.impure_data
                0x20000030       0x60 c:/program files (x86)/atollic/truestudio for stm32 9.3.0/armtools/bin/../lib/gcc/arm-atollic-eabi/6.3.1/../../../../arm-atollic-eabi/lib/armv7e-m\libc_nano.a(lib_a-impure.o)
                0x20000090                . = ALIGN (0x4)
                0x20000090                _edata = .
                0x080075ec                _siccmram = LOADADDR (.ccmram)

.igot.plt       0x20000090        0x0 load address 0x080075ec
 .igot.plt      0x20000090        0x0 c:/program files (x86)/atollic/truestudio for stm32 9.3.0/armtools/bin/../lib/gcc/arm-atollic-eabi/6.3.1/armv7e-m/crtbegin.o

.ccmram         0x10000000        0x0 load address 0x080075ec
                0x10000000                . = ALIGN (0x4)
                0x10000000                _sccmram = .
 *(.ccmram)
 *(.ccmram*)
                0x10000000                . = ALIGN (0x4)
                0x10000000                _eccmram = .
                0x10000000                . = ALIGN (0x4)

.bss            0x20000090      0xafc
                0x20000090                _sbss = .
                0x20000090                __bss_start__ = _sbss
 *(.bss)
 .bss           0x20000090       0x1c c:/program files (x86)/atollic/truestudio for stm32 9.3.0/armtools/bin/../lib/gcc/arm-atollic-eabi/6.3.1/armv7e-m/crtbegin.o
 .bss           0x200000ac        0x4 Drivers\STM32F4xx_HAL_Driver\Src\stm32f4xx_ll_usb.o
 .bss           0x200000b0        0x8 Src\syscalls.o
                0x200000b4                __env
 .bss           0x200000b8        0x1 Src\usb_host.o
                0x200000b8                Appli_state
 *(.bss*)
 *fill*         0x200000b9        0x3 
 .bss.__malloc_free_list
                0x200000bc        0x4 c:/program files (x86)/atollic/truestudio for stm32 9.3.0/armtools/bin/../lib/gcc/arm-atollic-eabi/6.3.1/../../../../arm-atollic-eabi/lib/armv7e-m\libc_nano.a(lib_a-nano-mallocr.o)
                0x200000bc                __malloc_free_list
 .bss.__malloc_sbrk_start
                0x200000c0        0x4 c:/program files (x86)/atollic/truestudio for stm32 9.3.0/armtools/bin/../lib/gcc/arm-atollic-eabi/6.3.1/../../../../arm-atollic-eabi/lib/armv7e-m\libc_nano.a(lib_a-nano-mallocr.o)
                0x200000c0                __malloc_sbrk_start
 *(COMMON)
 COMMON         0x200000c4        0x4 Drivers\STM32F4xx_HAL_Driver\Src\stm32f4xx_hal.o
                0x200000c4                uwTick
 COMMON         0x200000c8      0x430 Src\main.o
                0x200000c8                hi2c1
                0x2000011c                hdma_spi2_rx
                0x2000017c                hdma_spi3_tx
                0x200001dc                PDM_Buffer
                0x200003dc                hspi1
                0x20000434                PDMFilter
                0x20000468                hi2s2
                0x200004b0                hi2s3
 COMMON         0x200004f8      0x3cc Src\usb_host.o
                0x200004f8                hUsbHostFS
 COMMON         0x200008c4      0x2c4 Src\usbh_conf.o
                0x200008c4                hhcd_USB_OTG_FS
 COMMON         0x20000b88        0x4 c:/program files (x86)/atollic/truestudio for stm32 9.3.0/armtools/bin/../lib/gcc/arm-atollic-eabi/6.3.1/../../../../arm-atollic-eabi/lib/armv7e-m\libc_nano.a(lib_a-reent.o)
                0x20000b88                errno
                0x20000b8c                . = ALIGN (0x4)
                0x20000b8c                _ebss = .
                0x20000b8c                __bss_end__ = _ebss

._user_heap_stack
                0x20000b8c      0x600
                0x20000b8c                . = ALIGN (0x4)
                0x20000b8c                PROVIDE (end, .)
                [!provide]                PROVIDE (_end, .)
                0x20000d8c                . = (. + _Min_Heap_Size)
 *fill*         0x20000b8c      0x200 
                0x2000118c                . = (. + _Min_Stack_Size)
 *fill*         0x20000d8c      0x400 
                0x2000118c                . = ALIGN (0x4)

/DISCARD/
 libc.a(*)
 libm.a(*)
 libgcc.a(*)

.ARM.attributes
                0x00000000       0x2a
 *(.ARM.attributes)
 .ARM.attributes
                0x00000000       0x1e c:/program files (x86)/atollic/truestudio for stm32 9.3.0/armtools/bin/../lib/gcc/arm-atollic-eabi/6.3.1/armv7e-m/crti.o
 .ARM.attributes
                0x0000001e       0x2e c:/program files (x86)/atollic/truestudio for stm32 9.3.0/armtools/bin/../lib/gcc/arm-atollic-eabi/6.3.1/armv7e-m/crtbegin.o
 .ARM.attributes
                0x0000004c       0x33 Drivers\STM32F4xx_HAL_Driver\Src\stm32f4xx_hal.o
 .ARM.attributes
                0x0000007f       0x33 Drivers\STM32F4xx_HAL_Driver\Src\stm32f4xx_hal_cortex.o
 .ARM.attributes
                0x000000b2       0x33 Drivers\STM32F4xx_HAL_Driver\Src\stm32f4xx_hal_dma.o
 .ARM.attributes
                0x000000e5       0x33 Drivers\STM32F4xx_HAL_Driver\Src\stm32f4xx_hal_gpio.o
 .ARM.attributes
                0x00000118       0x33 Drivers\STM32F4xx_HAL_Driver\Src\stm32f4xx_hal_hcd.o
 .ARM.attributes
                0x0000014b       0x33 Drivers\STM32F4xx_HAL_Driver\Src\stm32f4xx_hal_i2s.o
 .ARM.attributes
                0x0000017e       0x33 Drivers\STM32F4xx_HAL_Driver\Src\stm32f4xx_hal_i2s_ex.o
 .ARM.attributes
                0x000001b1       0x33 Drivers\STM32F4xx_HAL_Driver\Src\stm32f4xx_hal_rcc.o
 .ARM.attributes
                0x000001e4       0x33 Drivers\STM32F4xx_HAL_Driver\Src\stm32f4xx_hal_rcc_ex.o
 .ARM.attributes
                0x00000217       0x33 Drivers\STM32F4xx_HAL_Driver\Src\stm32f4xx_ll_usb.o
 .ARM.attributes
                0x0000024a       0x33 Middlewares\ST\STM32_USB_Host_Library\Class\CDC\Src\usbh_cdc.o
 .ARM.attributes
                0x0000027d       0x33 Middlewares\ST\STM32_USB_Host_Library\Core\Src\usbh_core.o
 .ARM.attributes
                0x000002b0       0x33 Middlewares\ST\STM32_USB_Host_Library\Core\Src\usbh_ctlreq.o
 .ARM.attributes
                0x000002e3       0x33 Middlewares\ST\STM32_USB_Host_Library\Core\Src\usbh_ioreq.o
 .ARM.attributes
                0x00000316       0x33 Middlewares\ST\STM32_USB_Host_Library\Core\Src\usbh_pipes.o
 .ARM.attributes
                0x00000349       0x33 Src\main.o
 .ARM.attributes
                0x0000037c       0x33 Src\stm32f4xx_hal_msp.o
 .ARM.attributes
                0x000003af       0x33 Src\stm32f4xx_it.o
 .ARM.attributes
                0x000003e2       0x33 Src\syscalls.o
 .ARM.attributes
                0x00000415       0x33 Src\system_stm32f4xx.o
 .ARM.attributes
                0x00000448       0x33 Src\usb_host.o
 .ARM.attributes
                0x0000047b       0x33 Src\usbh_conf.o
 .ARM.attributes
                0x000004ae       0x33 Src\usbh_platform.o
 .ARM.attributes
                0x000004e1       0x21 startup\startup_stm32f407xx.o
 .ARM.attributes
                0x00000502       0x2e c:/program files (x86)/atollic/truestudio for stm32 9.3.0/armtools/bin/../lib/gcc/arm-atollic-eabi/6.3.1/../../../../arm-atollic-eabi/lib/armv7e-m\libc_nano.a(lib_a-errno.o)
 .ARM.attributes
                0x00000530       0x2e c:/program files (x86)/atollic/truestudio for stm32 9.3.0/armtools/bin/../lib/gcc/arm-atollic-eabi/6.3.1/../../../../arm-atollic-eabi/lib/armv7e-m\libc_nano.a(lib_a-impure.o)
 .ARM.attributes
                0x0000055e       0x2e c:/program files (x86)/atollic/truestudio for stm32 9.3.0/armtools/bin/../lib/gcc/arm-atollic-eabi/6.3.1/../../../../arm-atollic-eabi/lib/armv7e-m\libc_nano.a(lib_a-init.o)
 .ARM.attributes
                0x0000058c       0x2e c:/program files (x86)/atollic/truestudio for stm32 9.3.0/armtools/bin/../lib/gcc/arm-atollic-eabi/6.3.1/../../../../arm-atollic-eabi/lib/armv7e-m\libc_nano.a(lib_a-malloc.o)
 .ARM.attributes
                0x000005ba       0x2e c:/program files (x86)/atollic/truestudio for stm32 9.3.0/armtools/bin/../lib/gcc/arm-atollic-eabi/6.3.1/../../../../arm-atollic-eabi/lib/armv7e-m\libc_nano.a(lib_a-memset.o)
 .ARM.attributes
                0x000005e8       0x2e c:/program files (x86)/atollic/truestudio for stm32 9.3.0/armtools/bin/../lib/gcc/arm-atollic-eabi/6.3.1/../../../../arm-atollic-eabi/lib/armv7e-m\libc_nano.a(lib_a-nano-freer.o)
 .ARM.attributes
                0x00000616       0x2e c:/program files (x86)/atollic/truestudio for stm32 9.3.0/armtools/bin/../lib/gcc/arm-atollic-eabi/6.3.1/../../../../arm-atollic-eabi/lib/armv7e-m\libc_nano.a(lib_a-nano-mallocr.o)
 .ARM.attributes
                0x00000644       0x2e c:/program files (x86)/atollic/truestudio for stm32 9.3.0/armtools/bin/../lib/gcc/arm-atollic-eabi/6.3.1/../../../../arm-atollic-eabi/lib/armv7e-m\libc_nano.a(lib_a-sbrkr.o)
 .ARM.attributes
                0x00000672       0x2e c:/program files (x86)/atollic/truestudio for stm32 9.3.0/armtools/bin/../lib/gcc/arm-atollic-eabi/6.3.1/../../../../arm-atollic-eabi/lib/armv7e-m\libc_nano.a(lib_a-mlock.o)
 .ARM.attributes
                0x000006a0       0x2e c:/program files (x86)/atollic/truestudio for stm32 9.3.0/armtools/bin/../lib/gcc/arm-atollic-eabi/6.3.1/../../../../arm-atollic-eabi/lib/armv7e-m\libc_nano.a(lib_a-reent.o)
 .ARM.attributes
                0x000006ce       0x1e c:/program files (x86)/atollic/truestudio for stm32 9.3.0/armtools/bin/../lib/gcc/arm-atollic-eabi/6.3.1/armv7e-m\libgcc.a(_aeabi_uldivmod.o)
 .ARM.attributes
                0x000006ec       0x2e c:/program files (x86)/atollic/truestudio for stm32 9.3.0/armtools/bin/../lib/gcc/arm-atollic-eabi/6.3.1/armv7e-m\libgcc.a(_udivmoddi4.o)
 .ARM.attributes
                0x0000071a       0x1e c:/program files (x86)/atollic/truestudio for stm32 9.3.0/armtools/bin/../lib/gcc/arm-atollic-eabi/6.3.1/armv7e-m\libgcc.a(_dvmd_tls.o)
 .ARM.attributes
                0x00000738       0x1e c:/program files (x86)/atollic/truestudio for stm32 9.3.0/armtools/bin/../lib/gcc/arm-atollic-eabi/6.3.1/armv7e-m/crtn.o
OUTPUT(TalkThrough.elf elf32-littlearm)

.debug_info     0x00000000    0x183dc
 .debug_info    0x00000000      0x9cf Drivers\STM32F4xx_HAL_Driver\Src\stm32f4xx_hal.o
 .debug_info    0x000009cf      0xf3f Drivers\STM32F4xx_HAL_Driver\Src\stm32f4xx_hal_cortex.o
 .debug_info    0x0000190e      0xa5c Drivers\STM32F4xx_HAL_Driver\Src\stm32f4xx_hal_dma.o
 .debug_info    0x0000236a      0x774 Drivers\STM32F4xx_HAL_Driver\Src\stm32f4xx_hal_gpio.o
 .debug_info    0x00002ade     0x1277 Drivers\STM32F4xx_HAL_Driver\Src\stm32f4xx_hal_hcd.o
 .debug_info    0x00003d55      0xf8f Drivers\STM32F4xx_HAL_Driver\Src\stm32f4xx_hal_i2s.o
 .debug_info    0x00004ce4      0xd9a Drivers\STM32F4xx_HAL_Driver\Src\stm32f4xx_hal_i2s_ex.o
 .debug_info    0x00005a7e      0xa3d Drivers\STM32F4xx_HAL_Driver\Src\stm32f4xx_hal_rcc.o
 .debug_info    0x000064bb      0x671 Drivers\STM32F4xx_HAL_Driver\Src\stm32f4xx_hal_rcc_ex.o
 .debug_info    0x00006b2c     0x1b15 Drivers\STM32F4xx_HAL_Driver\Src\stm32f4xx_ll_usb.o
 .debug_info    0x00008641     0x1e30 Middlewares\ST\STM32_USB_Host_Library\Class\CDC\Src\usbh_cdc.o
 .debug_info    0x0000a471     0x1b5f Middlewares\ST\STM32_USB_Host_Library\Core\Src\usbh_core.o
 .debug_info    0x0000bfd0     0x1a26 Middlewares\ST\STM32_USB_Host_Library\Core\Src\usbh_ctlreq.o
 .debug_info    0x0000d9f6     0x1652 Middlewares\ST\STM32_USB_Host_Library\Core\Src\usbh_ioreq.o
 .debug_info    0x0000f048     0x12fb Middlewares\ST\STM32_USB_Host_Library\Core\Src\usbh_pipes.o
 .debug_info    0x00010343     0x1718 Src\main.o
 .debug_info    0x00011a5b     0x1145 Src\stm32f4xx_hal_msp.o
 .debug_info    0x00012ba0      0x91c Src\stm32f4xx_it.o
 .debug_info    0x000134bc      0xfbf Src\syscalls.o
 .debug_info    0x0001447b      0x50e Src\system_stm32f4xx.o
 .debug_info    0x00014989     0x129c Src\usb_host.o
 .debug_info    0x00015c25     0x24d6 Src\usbh_conf.o
 .debug_info    0x000180fb      0x257 Src\usbh_platform.o
 .debug_info    0x00018352       0x8a startup\startup_stm32f407xx.o

.debug_abbrev   0x00000000     0x378d
 .debug_abbrev  0x00000000      0x1ef Drivers\STM32F4xx_HAL_Driver\Src\stm32f4xx_hal.o
 .debug_abbrev  0x000001ef      0x326 Drivers\STM32F4xx_HAL_Driver\Src\stm32f4xx_hal_cortex.o
 .debug_abbrev  0x00000515      0x28e Drivers\STM32F4xx_HAL_Driver\Src\stm32f4xx_hal_dma.o
 .debug_abbrev  0x000007a3      0x1e5 Drivers\STM32F4xx_HAL_Driver\Src\stm32f4xx_hal_gpio.o
 .debug_abbrev  0x00000988      0x27d Drivers\STM32F4xx_HAL_Driver\Src\stm32f4xx_hal_hcd.o
 .debug_abbrev  0x00000c05      0x238 Drivers\STM32F4xx_HAL_Driver\Src\stm32f4xx_hal_i2s.o
 .debug_abbrev  0x00000e3d      0x27f Drivers\STM32F4xx_HAL_Driver\Src\stm32f4xx_hal_i2s_ex.o
 .debug_abbrev  0x000010bc      0x271 Drivers\STM32F4xx_HAL_Driver\Src\stm32f4xx_hal_rcc.o
 .debug_abbrev  0x0000132d      0x18e Drivers\STM32F4xx_HAL_Driver\Src\stm32f4xx_hal_rcc_ex.o
 .debug_abbrev  0x000014bb      0x2ae Drivers\STM32F4xx_HAL_Driver\Src\stm32f4xx_ll_usb.o
 .debug_abbrev  0x00001769      0x346 Middlewares\ST\STM32_USB_Host_Library\Class\CDC\Src\usbh_cdc.o
 .debug_abbrev  0x00001aaf      0x364 Middlewares\ST\STM32_USB_Host_Library\Core\Src\usbh_core.o
 .debug_abbrev  0x00001e13      0x341 Middlewares\ST\STM32_USB_Host_Library\Core\Src\usbh_ctlreq.o
 .debug_abbrev  0x00002154      0x274 Middlewares\ST\STM32_USB_Host_Library\Core\Src\usbh_ioreq.o
 .debug_abbrev  0x000023c8      0x2ae Middlewares\ST\STM32_USB_Host_Library\Core\Src\usbh_pipes.o
 .debug_abbrev  0x00002676      0x269 Src\main.o
 .debug_abbrev  0x000028df      0x1f2 Src\stm32f4xx_hal_msp.o
 .debug_abbrev  0x00002ad1      0x1bd Src\stm32f4xx_it.o
 .debug_abbrev  0x00002c8e      0x29e Src\syscalls.o
 .debug_abbrev  0x00002f2c      0x111 Src\system_stm32f4xx.o
 .debug_abbrev  0x0000303d      0x2a6 Src\usb_host.o
 .debug_abbrev  0x000032e3      0x36c Src\usbh_conf.o
 .debug_abbrev  0x0000364f      0x12c Src\usbh_platform.o
 .debug_abbrev  0x0000377b       0x12 startup\startup_stm32f407xx.o

.debug_loc      0x00000000     0x8db8
 .debug_loc     0x00000000      0x108 Drivers\STM32F4xx_HAL_Driver\Src\stm32f4xx_hal.o
 .debug_loc     0x00000108      0x616 Drivers\STM32F4xx_HAL_Driver\Src\stm32f4xx_hal_cortex.o
 .debug_loc     0x0000071e      0xae1 Drivers\STM32F4xx_HAL_Driver\Src\stm32f4xx_hal_dma.o
 .debug_loc     0x000011ff      0x3d5 Drivers\STM32F4xx_HAL_Driver\Src\stm32f4xx_hal_gpio.o
 .debug_loc     0x000015d4      0xb97 Drivers\STM32F4xx_HAL_Driver\Src\stm32f4xx_hal_hcd.o
 .debug_loc     0x0000216b      0xd74 Drivers\STM32F4xx_HAL_Driver\Src\stm32f4xx_hal_i2s.o
 .debug_loc     0x00002edf      0xba0 Drivers\STM32F4xx_HAL_Driver\Src\stm32f4xx_hal_i2s_ex.o
 .debug_loc     0x00003a7f      0x3e6 Drivers\STM32F4xx_HAL_Driver\Src\stm32f4xx_hal_rcc.o
 .debug_loc     0x00003e65      0x2fb Drivers\STM32F4xx_HAL_Driver\Src\stm32f4xx_hal_rcc_ex.o
 .debug_loc     0x00004160     0x1e3b Drivers\STM32F4xx_HAL_Driver\Src\stm32f4xx_ll_usb.o
 .debug_loc     0x00005f9b      0x65f Middlewares\ST\STM32_USB_Host_Library\Class\CDC\Src\usbh_cdc.o
 .debug_loc     0x000065fa      0x684 Middlewares\ST\STM32_USB_Host_Library\Core\Src\usbh_core.o
 .debug_loc     0x00006c7e      0xb9a Middlewares\ST\STM32_USB_Host_Library\Core\Src\usbh_ctlreq.o
 .debug_loc     0x00007818      0x50f Middlewares\ST\STM32_USB_Host_Library\Core\Src\usbh_ioreq.o
 .debug_loc     0x00007d27      0x1be Middlewares\ST\STM32_USB_Host_Library\Core\Src\usbh_pipes.o
 .debug_loc     0x00007ee5      0x17c Src\stm32f4xx_hal_msp.o
 .debug_loc     0x00008061      0x3ad Src\syscalls.o
 .debug_loc     0x0000840e      0x13e Src\system_stm32f4xx.o
 .debug_loc     0x0000854c      0x817 Src\usbh_conf.o
 .debug_loc     0x00008d63       0x55 Src\usbh_platform.o

.debug_aranges  0x00000000      0x308
 .debug_aranges
                0x00000000       0x20 Drivers\STM32F4xx_HAL_Driver\Src\stm32f4xx_hal.o
 .debug_aranges
                0x00000020       0x20 Drivers\STM32F4xx_HAL_Driver\Src\stm32f4xx_hal_cortex.o
 .debug_aranges
                0x00000040       0x20 Drivers\STM32F4xx_HAL_Driver\Src\stm32f4xx_hal_dma.o
 .debug_aranges
                0x00000060       0x20 Drivers\STM32F4xx_HAL_Driver\Src\stm32f4xx_hal_gpio.o
 .debug_aranges
                0x00000080       0x20 Drivers\STM32F4xx_HAL_Driver\Src\stm32f4xx_hal_hcd.o
 .debug_aranges
                0x000000a0       0x20 Drivers\STM32F4xx_HAL_Driver\Src\stm32f4xx_hal_i2s.o
 .debug_aranges
                0x000000c0       0x20 Drivers\STM32F4xx_HAL_Driver\Src\stm32f4xx_hal_i2s_ex.o
 .debug_aranges
                0x000000e0       0x20 Drivers\STM32F4xx_HAL_Driver\Src\stm32f4xx_hal_rcc.o
 .debug_aranges
                0x00000100       0x20 Drivers\STM32F4xx_HAL_Driver\Src\stm32f4xx_hal_rcc_ex.o
 .debug_aranges
                0x00000120       0x20 Drivers\STM32F4xx_HAL_Driver\Src\stm32f4xx_ll_usb.o
 .debug_aranges
                0x00000140       0x20 Middlewares\ST\STM32_USB_Host_Library\Class\CDC\Src\usbh_cdc.o
 .debug_aranges
                0x00000160       0x20 Middlewares\ST\STM32_USB_Host_Library\Core\Src\usbh_core.o
 .debug_aranges
                0x00000180       0x20 Middlewares\ST\STM32_USB_Host_Library\Core\Src\usbh_ctlreq.o
 .debug_aranges
                0x000001a0       0x20 Middlewares\ST\STM32_USB_Host_Library\Core\Src\usbh_ioreq.o
 .debug_aranges
                0x000001c0       0x20 Middlewares\ST\STM32_USB_Host_Library\Core\Src\usbh_pipes.o
 .debug_aranges
                0x000001e0       0x20 Src\main.o
 .debug_aranges
                0x00000200       0x20 Src\stm32f4xx_hal_msp.o
 .debug_aranges
                0x00000220       0x20 Src\stm32f4xx_it.o
 .debug_aranges
                0x00000240       0x20 Src\syscalls.o
 .debug_aranges
                0x00000260       0x20 Src\system_stm32f4xx.o
 .debug_aranges
                0x00000280       0x20 Src\usb_host.o
 .debug_aranges
                0x000002a0       0x20 Src\usbh_conf.o
 .debug_aranges
                0x000002c0       0x20 Src\usbh_platform.o
 .debug_aranges
                0x000002e0       0x28 startup\startup_stm32f407xx.o

.debug_macro    0x00000000    0x24225
 .debug_macro   0x00000000      0x266 Drivers\STM32F4xx_HAL_Driver\Src\stm32f4xx_hal.o
 .debug_macro   0x00000266      0x8b6 Drivers\STM32F4xx_HAL_Driver\Src\stm32f4xx_hal.o
 .debug_macro   0x00000b1c      0x196 Drivers\STM32F4xx_HAL_Driver\Src\stm32f4xx_hal.o
 .debug_macro   0x00000cb2       0x32 Drivers\STM32F4xx_HAL_Driver\Src\stm32f4xx_hal.o
 .debug_macro   0x00000ce4       0x2f Drivers\STM32F4xx_HAL_Driver\Src\stm32f4xx_hal.o
 .debug_macro   0x00000d13       0x22 Drivers\STM32F4xx_HAL_Driver\Src\stm32f4xx_hal.o
 .debug_macro   0x00000d35       0x87 Drivers\STM32F4xx_HAL_Driver\Src\stm32f4xx_hal.o
 .debug_macro   0x00000dbc       0x51 Drivers\STM32F4xx_HAL_Driver\Src\stm32f4xx_hal.o
 .debug_macro   0x00000e0d       0xef Drivers\STM32F4xx_HAL_Driver\Src\stm32f4xx_hal.o
 .debug_macro   0x00000efc       0x6a Drivers\STM32F4xx_HAL_Driver\Src\stm32f4xx_hal.o
 .debug_macro   0x00000f66      0x1df Drivers\STM32F4xx_HAL_Driver\Src\stm32f4xx_hal.o
 .debug_macro   0x00001145       0x1c Drivers\STM32F4xx_HAL_Driver\Src\stm32f4xx_hal.o
 .debug_macro   0x00001161       0x22 Drivers\STM32F4xx_HAL_Driver\Src\stm32f4xx_hal.o
 .debug_macro   0x00001183       0xdf Drivers\STM32F4xx_HAL_Driver\Src\stm32f4xx_hal.o
 .debug_macro   0x00001262     0x102d Drivers\STM32F4xx_HAL_Driver\Src\stm32f4xx_hal.o
 .debug_macro   0x0000228f      0x11f Drivers\STM32F4xx_HAL_Driver\Src\stm32f4xx_hal.o
 .debug_macro   0x000023ae    0x15e43 Drivers\STM32F4xx_HAL_Driver\Src\stm32f4xx_hal.o
 .debug_macro   0x000181f1       0x43 Drivers\STM32F4xx_HAL_Driver\Src\stm32f4xx_hal.o
 .debug_macro   0x00018234     0x35d4 Drivers\STM32F4xx_HAL_Driver\Src\stm32f4xx_hal.o
 .debug_macro   0x0001b808      0x174 Drivers\STM32F4xx_HAL_Driver\Src\stm32f4xx_hal.o
 .debug_macro   0x0001b97c       0x4e Drivers\STM32F4xx_HAL_Driver\Src\stm32f4xx_hal.o
 .debug_macro   0x0001b9ca      0x96b Drivers\STM32F4xx_HAL_Driver\Src\stm32f4xx_hal.o
 .debug_macro   0x0001c335      0x9fe Drivers\STM32F4xx_HAL_Driver\Src\stm32f4xx_hal.o
 .debug_macro   0x0001cd33       0xed Drivers\STM32F4xx_HAL_Driver\Src\stm32f4xx_hal.o
 .debug_macro   0x0001ce20      0x117 Drivers\STM32F4xx_HAL_Driver\Src\stm32f4xx_hal.o
 .debug_macro   0x0001cf37      0x13e Drivers\STM32F4xx_HAL_Driver\Src\stm32f4xx_hal.o
 .debug_macro   0x0001d075       0x27 Drivers\STM32F4xx_HAL_Driver\Src\stm32f4xx_hal.o
 .debug_macro   0x0001d09c      0x287 Drivers\STM32F4xx_HAL_Driver\Src\stm32f4xx_hal.o
 .debug_macro   0x0001d323       0x5f Drivers\STM32F4xx_HAL_Driver\Src\stm32f4xx_hal.o
 .debug_macro   0x0001d382      0x236 Drivers\STM32F4xx_HAL_Driver\Src\stm32f4xx_hal.o
 .debug_macro   0x0001d5b8      0x12c Drivers\STM32F4xx_HAL_Driver\Src\stm32f4xx_hal.o
 .debug_macro   0x0001d6e4      0x21e Drivers\STM32F4xx_HAL_Driver\Src\stm32f4xx_hal.o
 .debug_macro   0x0001d902       0x2e Drivers\STM32F4xx_HAL_Driver\Src\stm32f4xx_hal.o
 .debug_macro   0x0001d930      0x1ae Drivers\STM32F4xx_HAL_Driver\Src\stm32f4xx_hal.o
 .debug_macro   0x0001dade       0xd6 Drivers\STM32F4xx_HAL_Driver\Src\stm32f4xx_hal.o
 .debug_macro   0x0001dbb4      0x199 Drivers\STM32F4xx_HAL_Driver\Src\stm32f4xx_hal.o
 .debug_macro   0x0001dd4d       0x40 Drivers\STM32F4xx_HAL_Driver\Src\stm32f4xx_hal.o
 .debug_macro   0x0001dd8d       0x4a Drivers\STM32F4xx_HAL_Driver\Src\stm32f4xx_hal.o
 .debug_macro   0x0001ddd7      0x11a Drivers\STM32F4xx_HAL_Driver\Src\stm32f4xx_hal.o
 .debug_macro   0x0001def1       0x7e Drivers\STM32F4xx_HAL_Driver\Src\stm32f4xx_hal.o
 .debug_macro   0x0001df6f       0x89 Drivers\STM32F4xx_HAL_Driver\Src\stm32f4xx_hal.o
 .debug_macro   0x0001dff8      0x225 Drivers\STM32F4xx_HAL_Driver\Src\stm32f4xx_hal.o
 .debug_macro   0x0001e21d      0x225 Drivers\STM32F4xx_HAL_Driver\Src\stm32f4xx_hal.o
 .debug_macro   0x0001e442       0x68 Drivers\STM32F4xx_HAL_Driver\Src\stm32f4xx_hal.o
 .debug_macro   0x0001e4aa      0x12d Drivers\STM32F4xx_HAL_Driver\Src\stm32f4xx_hal.o
 .debug_macro   0x0001e5d7      0x206 Drivers\STM32F4xx_HAL_Driver\Src\stm32f4xx_hal_cortex.o
 .debug_macro   0x0001e7dd      0x20c Drivers\STM32F4xx_HAL_Driver\Src\stm32f4xx_hal_dma.o
 .debug_macro   0x0001e9e9      0x23c Drivers\STM32F4xx_HAL_Driver\Src\stm32f4xx_hal_gpio.o
 .debug_macro   0x0001ec25      0x206 Drivers\STM32F4xx_HAL_Driver\Src\stm32f4xx_hal_hcd.o
 .debug_macro   0x0001ee2b      0x207 Drivers\STM32F4xx_HAL_Driver\Src\stm32f4xx_hal_i2s.o
 .debug_macro   0x0001f032      0x206 Drivers\STM32F4xx_HAL_Driver\Src\stm32f4xx_hal_i2s_ex.o
 .debug_macro   0x0001f238      0x22a Drivers\STM32F4xx_HAL_Driver\Src\stm32f4xx_hal_rcc.o
 .debug_macro   0x0001f462      0x206 Drivers\STM32F4xx_HAL_Driver\Src\stm32f4xx_hal_rcc_ex.o
 .debug_macro   0x0001f668      0x206 Drivers\STM32F4xx_HAL_Driver\Src\stm32f4xx_ll_usb.o
 .debug_macro   0x0001f86e      0x414 Middlewares\ST\STM32_USB_Host_Library\Class\CDC\Src\usbh_cdc.o
 .debug_macro   0x0001fc82       0x40 Middlewares\ST\STM32_USB_Host_Library\Class\CDC\Src\usbh_cdc.o
 .debug_macro   0x0001fcc2       0x8d Middlewares\ST\STM32_USB_Host_Library\Class\CDC\Src\usbh_cdc.o
 .debug_macro   0x0001fd4f       0x3c Middlewares\ST\STM32_USB_Host_Library\Class\CDC\Src\usbh_cdc.o
 .debug_macro   0x0001fd8b       0x9c Middlewares\ST\STM32_USB_Host_Library\Class\CDC\Src\usbh_cdc.o
 .debug_macro   0x0001fe27       0x16 Middlewares\ST\STM32_USB_Host_Library\Class\CDC\Src\usbh_cdc.o
 .debug_macro   0x0001fe3d       0x57 Middlewares\ST\STM32_USB_Host_Library\Class\CDC\Src\usbh_cdc.o
 .debug_macro   0x0001fe94       0x97 Middlewares\ST\STM32_USB_Host_Library\Class\CDC\Src\usbh_cdc.o
 .debug_macro   0x0001ff2b      0x30d Middlewares\ST\STM32_USB_Host_Library\Class\CDC\Src\usbh_cdc.o
 .debug_macro   0x00020238       0xfd Middlewares\ST\STM32_USB_Host_Library\Class\CDC\Src\usbh_cdc.o
 .debug_macro   0x00020335       0x10 Middlewares\ST\STM32_USB_Host_Library\Class\CDC\Src\usbh_cdc.o
 .debug_macro   0x00020345       0x52 Middlewares\ST\STM32_USB_Host_Library\Class\CDC\Src\usbh_cdc.o
 .debug_macro   0x00020397       0x1f Middlewares\ST\STM32_USB_Host_Library\Class\CDC\Src\usbh_cdc.o
 .debug_macro   0x000203b6       0x43 Middlewares\ST\STM32_USB_Host_Library\Class\CDC\Src\usbh_cdc.o
 .debug_macro   0x000203f9       0x20 Middlewares\ST\STM32_USB_Host_Library\Class\CDC\Src\usbh_cdc.o
 .debug_macro   0x00020419      0x1a3 Middlewares\ST\STM32_USB_Host_Library\Class\CDC\Src\usbh_cdc.o
 .debug_macro   0x000205bc       0x10 Middlewares\ST\STM32_USB_Host_Library\Class\CDC\Src\usbh_cdc.o
 .debug_macro   0x000205cc       0x1c Middlewares\ST\STM32_USB_Host_Library\Class\CDC\Src\usbh_cdc.o
 .debug_macro   0x000205e8       0x52 Middlewares\ST\STM32_USB_Host_Library\Class\CDC\Src\usbh_cdc.o
 .debug_macro   0x0002063a       0x40 Middlewares\ST\STM32_USB_Host_Library\Class\CDC\Src\usbh_cdc.o
 .debug_macro   0x0002067a       0x10 Middlewares\ST\STM32_USB_Host_Library\Class\CDC\Src\usbh_cdc.o
 .debug_macro   0x0002068a       0x40 Middlewares\ST\STM32_USB_Host_Library\Class\CDC\Src\usbh_cdc.o
 .debug_macro   0x000206ca       0xd7 Middlewares\ST\STM32_USB_Host_Library\Class\CDC\Src\usbh_cdc.o
 .debug_macro   0x000207a1       0x16 Middlewares\ST\STM32_USB_Host_Library\Class\CDC\Src\usbh_cdc.o
 .debug_macro   0x000207b7      0x161 Middlewares\ST\STM32_USB_Host_Library\Class\CDC\Src\usbh_cdc.o
 .debug_macro   0x00020918       0x16 Middlewares\ST\STM32_USB_Host_Library\Class\CDC\Src\usbh_cdc.o
 .debug_macro   0x0002092e       0x35 Middlewares\ST\STM32_USB_Host_Library\Class\CDC\Src\usbh_cdc.o
 .debug_macro   0x00020963       0x16 Middlewares\ST\STM32_USB_Host_Library\Class\CDC\Src\usbh_cdc.o
 .debug_macro   0x00020979       0x29 Middlewares\ST\STM32_USB_Host_Library\Class\CDC\Src\usbh_cdc.o
 .debug_macro   0x000209a2       0x16 Middlewares\ST\STM32_USB_Host_Library\Class\CDC\Src\usbh_cdc.o
 .debug_macro   0x000209b8       0x20 Middlewares\ST\STM32_USB_Host_Library\Class\CDC\Src\usbh_cdc.o
 .debug_macro   0x000209d8       0xd9 Middlewares\ST\STM32_USB_Host_Library\Class\CDC\Src\usbh_cdc.o
 .debug_macro   0x00020ab1      0x190 Middlewares\ST\STM32_USB_Host_Library\Class\CDC\Src\usbh_cdc.o
 .debug_macro   0x00020c41       0x73 Middlewares\ST\STM32_USB_Host_Library\Class\CDC\Src\usbh_cdc.o
 .debug_macro   0x00020cb4      0x210 Middlewares\ST\STM32_USB_Host_Library\Class\CDC\Src\usbh_cdc.o
 .debug_macro   0x00020ec4       0x2e Middlewares\ST\STM32_USB_Host_Library\Class\CDC\Src\usbh_cdc.o
 .debug_macro   0x00020ef2       0x2e Middlewares\ST\STM32_USB_Host_Library\Class\CDC\Src\usbh_cdc.o
 .debug_macro   0x00020f20       0x28 Middlewares\ST\STM32_USB_Host_Library\Class\CDC\Src\usbh_cdc.o
 .debug_macro   0x00020f48      0x15c Middlewares\ST\STM32_USB_Host_Library\Class\CDC\Src\usbh_cdc.o
 .debug_macro   0x000210a4      0x411 Middlewares\ST\STM32_USB_Host_Library\Core\Src\usbh_core.o
 .debug_macro   0x000214b5      0x409 Middlewares\ST\STM32_USB_Host_Library\Core\Src\usbh_ctlreq.o
 .debug_macro   0x000218be       0x28 Middlewares\ST\STM32_USB_Host_Library\Core\Src\usbh_ctlreq.o
 .debug_macro   0x000218e6      0x403 Middlewares\ST\STM32_USB_Host_Library\Core\Src\usbh_ioreq.o
 .debug_macro   0x00021ce9      0x403 Middlewares\ST\STM32_USB_Host_Library\Core\Src\usbh_pipes.o
 .debug_macro   0x000220ec      0x234 Src\main.o
 .debug_macro   0x00022320       0x10 Src\main.o
 .debug_macro   0x00022330      0x215 Src\stm32f4xx_hal_msp.o
 .debug_macro   0x00022545      0x21f Src\stm32f4xx_it.o
 .debug_macro   0x00022764      0x236 Src\syscalls.o
 .debug_macro   0x0002299a       0x10 Src\syscalls.o
 .debug_macro   0x000229aa       0x10 Src\syscalls.o
 .debug_macro   0x000229ba       0x10 Src\syscalls.o
 .debug_macro   0x000229ca       0x35 Src\syscalls.o
 .debug_macro   0x000229ff      0x122 Src\syscalls.o
 .debug_macro   0x00022b21       0x10 Src\syscalls.o
 .debug_macro   0x00022b31      0x241 Src\syscalls.o
 .debug_macro   0x00022d72       0x1c Src\syscalls.o
 .debug_macro   0x00022d8e       0x10 Src\syscalls.o
 .debug_macro   0x00022d9e      0x159 Src\syscalls.o
 .debug_macro   0x00022ef7       0x16 Src\syscalls.o
 .debug_macro   0x00022f0d       0x88 Src\syscalls.o
 .debug_macro   0x00022f95      0x20c Src\system_stm32f4xx.o
 .debug_macro   0x000231a1      0x412 Src\usb_host.o
 .debug_macro   0x000235b3       0x46 Src\usb_host.o
 .debug_macro   0x000235f9      0x307 Src\usb_host.o
 .debug_macro   0x00023900      0x196 Src\usb_host.o
 .debug_macro   0x00023a96      0x162 Src\usb_host.o
 .debug_macro   0x00023bf8      0x413 Src\usbh_conf.o
 .debug_macro   0x0002400b      0x21a Src\usbh_platform.o

.debug_line     0x00000000     0xb669
 .debug_line    0x00000000      0x64f Drivers\STM32F4xx_HAL_Driver\Src\stm32f4xx_hal.o
 .debug_line    0x0000064f      0x72e Drivers\STM32F4xx_HAL_Driver\Src\stm32f4xx_hal_cortex.o
 .debug_line    0x00000d7d      0x834 Drivers\STM32F4xx_HAL_Driver\Src\stm32f4xx_hal_dma.o
 .debug_line    0x000015b1      0x6f8 Drivers\STM32F4xx_HAL_Driver\Src\stm32f4xx_hal_gpio.o
 .debug_line    0x00001ca9      0x885 Drivers\STM32F4xx_HAL_Driver\Src\stm32f4xx_hal_hcd.o
 .debug_line    0x0000252e      0x9cb Drivers\STM32F4xx_HAL_Driver\Src\stm32f4xx_hal_i2s.o
 .debug_line    0x00002ef9      0xae1 Drivers\STM32F4xx_HAL_Driver\Src\stm32f4xx_hal_i2s_ex.o
 .debug_line    0x000039da      0x781 Drivers\STM32F4xx_HAL_Driver\Src\stm32f4xx_hal_rcc.o
 .debug_line    0x0000415b      0x69d Drivers\STM32F4xx_HAL_Driver\Src\stm32f4xx_hal_rcc_ex.o
 .debug_line    0x000047f8      0xa30 Drivers\STM32F4xx_HAL_Driver\Src\stm32f4xx_ll_usb.o
 .debug_line    0x00005228      0x9fd Middlewares\ST\STM32_USB_Host_Library\Class\CDC\Src\usbh_cdc.o
 .debug_line    0x00005c25      0xa23 Middlewares\ST\STM32_USB_Host_Library\Core\Src\usbh_core.o
 .debug_line    0x00006648      0xa5f Middlewares\ST\STM32_USB_Host_Library\Core\Src\usbh_ctlreq.o
 .debug_line    0x000070a7      0x878 Middlewares\ST\STM32_USB_Host_Library\Core\Src\usbh_ioreq.o
 .debug_line    0x0000791f      0x863 Middlewares\ST\STM32_USB_Host_Library\Core\Src\usbh_pipes.o
 .debug_line    0x00008182      0x678 Src\main.o
 .debug_line    0x000087fa      0x656 Src\stm32f4xx_hal_msp.o
 .debug_line    0x00008e50      0x5f8 Src\stm32f4xx_it.o
 .debug_line    0x00009448      0x491 Src\syscalls.o
 .debug_line    0x000098d9      0x5df Src\system_stm32f4xx.o
 .debug_line    0x00009eb8      0x873 Src\usb_host.o
 .debug_line    0x0000a72b      0x8e2 Src\usbh_conf.o
 .debug_line    0x0000b00d      0x5dd Src\usbh_platform.o
 .debug_line    0x0000b5ea       0x7f startup\startup_stm32f407xx.o

.debug_str      0x00000000    0xc992a
 .debug_str     0x00000000    0xbe7bb Drivers\STM32F4xx_HAL_Driver\Src\stm32f4xx_hal.o
                              0xbeb47 (size before relaxing)
 .debug_str     0x000be7bb      0x3a1 Drivers\STM32F4xx_HAL_Driver\Src\stm32f4xx_hal_cortex.o
                              0xbe87d (size before relaxing)
 .debug_str     0x000beb5c      0x533 Drivers\STM32F4xx_HAL_Driver\Src\stm32f4xx_hal_dma.o
                              0xbe3e2 (size before relaxing)
 .debug_str     0x000bf08f      0x28c Drivers\STM32F4xx_HAL_Driver\Src\stm32f4xx_hal_gpio.o
                              0xbe200 (size before relaxing)
 .debug_str     0x000bf31b      0x844 Drivers\STM32F4xx_HAL_Driver\Src\stm32f4xx_hal_hcd.o
                              0xbe73f (size before relaxing)
 .debug_str     0x000bfb5f      0x465 Drivers\STM32F4xx_HAL_Driver\Src\stm32f4xx_hal_i2s.o
                              0xbe5a5 (size before relaxing)
 .debug_str     0x000bffc4      0x1fc Drivers\STM32F4xx_HAL_Driver\Src\stm32f4xx_hal_i2s_ex.o
                              0xbe4e6 (size before relaxing)
 .debug_str     0x000c01c0      0x379 Drivers\STM32F4xx_HAL_Driver\Src\stm32f4xx_hal_rcc.o
                              0xbe3ca (size before relaxing)
 .debug_str     0x000c0539      0x15e Drivers\STM32F4xx_HAL_Driver\Src\stm32f4xx_hal_rcc_ex.o
                              0xbe10f (size before relaxing)
 .debug_str     0x000c0697      0x502 Drivers\STM32F4xx_HAL_Driver\Src\stm32f4xx_ll_usb.o
                              0xbe89f (size before relaxing)
 .debug_str     0x000c0b99     0x6e13 Middlewares\ST\STM32_USB_Host_Library\Class\CDC\Src\usbh_cdc.o
                              0xc4dbf (size before relaxing)
 .debug_str     0x000c79ac      0x2fa Middlewares\ST\STM32_USB_Host_Library\Core\Src\usbh_core.o
                              0xc42c2 (size before relaxing)
 .debug_str     0x000c7ca6      0x1db Middlewares\ST\STM32_USB_Host_Library\Core\Src\usbh_ctlreq.o
                              0xc4252 (size before relaxing)
 .debug_str     0x000c7e81       0xb2 Middlewares\ST\STM32_USB_Host_Library\Core\Src\usbh_ioreq.o
                              0xc4087 (size before relaxing)
 .debug_str     0x000c7f33       0x80 Middlewares\ST\STM32_USB_Host_Library\Core\Src\usbh_pipes.o
                              0xc401d (size before relaxing)
 .debug_str     0x000c7fb3      0x573 Src\main.o
                              0xbf761 (size before relaxing)
 .debug_str     0x000c8526       0x69 Src\stm32f4xx_hal_msp.o
                              0xbef29 (size before relaxing)
 .debug_str     0x000c858f      0x10a Src\stm32f4xx_it.o
                              0xbebcd (size before relaxing)
 .debug_str     0x000c8699     0x10c8 Src\syscalls.o
                               0x80ce (size before relaxing)
 .debug_str     0x000c9761       0x5a Src\system_stm32f4xx.o
                              0xbdfbc (size before relaxing)
 .debug_str     0x000c97bb       0xaa Src\usb_host.o
                              0xc4721 (size before relaxing)
 .debug_str     0x000c9865       0xae Src\usbh_conf.o
                              0xc4ef0 (size before relaxing)
 .debug_str     0x000c9913       0x17 Src\usbh_platform.o
                              0xbdedb (size before relaxing)

.comment        0x00000000       0x7c
 .comment       0x00000000       0x7c Drivers\STM32F4xx_HAL_Driver\Src\stm32f4xx_hal.o
                                 0x7d (size before relaxing)
 .comment       0x0000007c       0x7d Drivers\STM32F4xx_HAL_Driver\Src\stm32f4xx_hal_cortex.o
 .comment       0x0000007c       0x7d Drivers\STM32F4xx_HAL_Driver\Src\stm32f4xx_hal_dma.o
 .comment       0x0000007c       0x7d Drivers\STM32F4xx_HAL_Driver\Src\stm32f4xx_hal_gpio.o
 .comment       0x0000007c       0x7d Drivers\STM32F4xx_HAL_Driver\Src\stm32f4xx_hal_hcd.o
 .comment       0x0000007c       0x7d Drivers\STM32F4xx_HAL_Driver\Src\stm32f4xx_hal_i2s.o
 .comment       0x0000007c       0x7d Drivers\STM32F4xx_HAL_Driver\Src\stm32f4xx_hal_i2s_ex.o
 .comment       0x0000007c       0x7d Drivers\STM32F4xx_HAL_Driver\Src\stm32f4xx_hal_rcc.o
 .comment       0x0000007c       0x7d Drivers\STM32F4xx_HAL_Driver\Src\stm32f4xx_hal_rcc_ex.o
 .comment       0x0000007c       0x7d Drivers\STM32F4xx_HAL_Driver\Src\stm32f4xx_ll_usb.o
 .comment       0x0000007c       0x7d Middlewares\ST\STM32_USB_Host_Library\Class\CDC\Src\usbh_cdc.o
 .comment       0x0000007c       0x7d Middlewares\ST\STM32_USB_Host_Library\Core\Src\usbh_core.o
 .comment       0x0000007c       0x7d Middlewares\ST\STM32_USB_Host_Library\Core\Src\usbh_ctlreq.o
 .comment       0x0000007c       0x7d Middlewares\ST\STM32_USB_Host_Library\Core\Src\usbh_ioreq.o
 .comment       0x0000007c       0x7d Middlewares\ST\STM32_USB_Host_Library\Core\Src\usbh_pipes.o
 .comment       0x0000007c       0x7d Src\main.o
 .comment       0x0000007c       0x7d Src\stm32f4xx_hal_msp.o
 .comment       0x0000007c       0x7d Src\stm32f4xx_it.o
 .comment       0x0000007c       0x7d Src\syscalls.o
 .comment       0x0000007c       0x7d Src\system_stm32f4xx.o
 .comment       0x0000007c       0x7d Src\usb_host.o
 .comment       0x0000007c       0x7d Src\usbh_conf.o
 .comment       0x0000007c       0x7d Src\usbh_platform.o

.debug_frame    0x00000000     0x2468
 .debug_frame   0x00000000      0x1ec Drivers\STM32F4xx_HAL_Driver\Src\stm32f4xx_hal.o
 .debug_frame   0x000001ec      0x15c Drivers\STM32F4xx_HAL_Driver\Src\stm32f4xx_hal_cortex.o
 .debug_frame   0x00000348      0x17c Drivers\STM32F4xx_HAL_Driver\Src\stm32f4xx_hal_dma.o
 .debug_frame   0x000004c4       0xd0 Drivers\STM32F4xx_HAL_Driver\Src\stm32f4xx_hal_gpio.o
 .debug_frame   0x00000594      0x29c Drivers\STM32F4xx_HAL_Driver\Src\stm32f4xx_hal_hcd.o
 .debug_frame   0x00000830      0x31c Drivers\STM32F4xx_HAL_Driver\Src\stm32f4xx_hal_i2s.o
 .debug_frame   0x00000b4c      0x18c Drivers\STM32F4xx_HAL_Driver\Src\stm32f4xx_hal_i2s_ex.o
 .debug_frame   0x00000cd8      0x174 Drivers\STM32F4xx_HAL_Driver\Src\stm32f4xx_hal_rcc.o
 .debug_frame   0x00000e4c       0xa4 Drivers\STM32F4xx_HAL_Driver\Src\stm32f4xx_hal_rcc_ex.o
 .debug_frame   0x00000ef0      0x49c Drivers\STM32F4xx_HAL_Driver\Src\stm32f4xx_ll_usb.o
 .debug_frame   0x0000138c      0x1b8 Middlewares\ST\STM32_USB_Host_Library\Class\CDC\Src\usbh_cdc.o
 .debug_frame   0x00001544      0x1fc Middlewares\ST\STM32_USB_Host_Library\Core\Src\usbh_core.o
 .debug_frame   0x00001740      0x1e8 Middlewares\ST\STM32_USB_Host_Library\Core\Src\usbh_ctlreq.o
 .debug_frame   0x00001928      0x130 Middlewares\ST\STM32_USB_Host_Library\Core\Src\usbh_ioreq.o
 .debug_frame   0x00001a58       0x84 Middlewares\ST\STM32_USB_Host_Library\Core\Src\usbh_pipes.o
 .debug_frame   0x00001adc       0xf4 Src\main.o
 .debug_frame   0x00001bd0       0xe0 Src\stm32f4xx_hal_msp.o
 .debug_frame   0x00001cb0       0xf0 Src\stm32f4xx_it.o
 .debug_frame   0x00001da0      0x1ac Src\syscalls.o
 .debug_frame   0x00001f4c       0x30 Src\system_stm32f4xx.o
 .debug_frame   0x00001f7c       0x50 Src\usb_host.o
 .debug_frame   0x00001fcc      0x25c Src\usbh_conf.o
 .debug_frame   0x00002228       0x28 Src\usbh_platform.o
 .debug_frame   0x00002250       0x20 c:/program files (x86)/atollic/truestudio for stm32 9.3.0/armtools/bin/../lib/gcc/arm-atollic-eabi/6.3.1/../../../../arm-atollic-eabi/lib/armv7e-m\libc_nano.a(lib_a-errno.o)
 .debug_frame   0x00002270       0x2c c:/program files (x86)/atollic/truestudio for stm32 9.3.0/armtools/bin/../lib/gcc/arm-atollic-eabi/6.3.1/../../../../arm-atollic-eabi/lib/armv7e-m\libc_nano.a(lib_a-init.o)
 .debug_frame   0x0000229c       0x30 c:/program files (x86)/atollic/truestudio for stm32 9.3.0/armtools/bin/../lib/gcc/arm-atollic-eabi/6.3.1/../../../../arm-atollic-eabi/lib/armv7e-m\libc_nano.a(lib_a-malloc.o)
 .debug_frame   0x000022cc       0x20 c:/program files (x86)/atollic/truestudio for stm32 9.3.0/armtools/bin/../lib/gcc/arm-atollic-eabi/6.3.1/../../../../arm-atollic-eabi/lib/armv7e-m\libc_nano.a(lib_a-memset.o)
 .debug_frame   0x000022ec       0x38 c:/program files (x86)/atollic/truestudio for stm32 9.3.0/armtools/bin/../lib/gcc/arm-atollic-eabi/6.3.1/../../../../arm-atollic-eabi/lib/armv7e-m\libc_nano.a(lib_a-nano-freer.o)
 .debug_frame   0x00002324       0x2c c:/program files (x86)/atollic/truestudio for stm32 9.3.0/armtools/bin/../lib/gcc/arm-atollic-eabi/6.3.1/../../../../arm-atollic-eabi/lib/armv7e-m\libc_nano.a(lib_a-nano-mallocr.o)
 .debug_frame   0x00002350       0x2c c:/program files (x86)/atollic/truestudio for stm32 9.3.0/armtools/bin/../lib/gcc/arm-atollic-eabi/6.3.1/../../../../arm-atollic-eabi/lib/armv7e-m\libc_nano.a(lib_a-sbrkr.o)
 .debug_frame   0x0000237c       0x30 c:/program files (x86)/atollic/truestudio for stm32 9.3.0/armtools/bin/../lib/gcc/arm-atollic-eabi/6.3.1/../../../../arm-atollic-eabi/lib/armv7e-m\libc_nano.a(lib_a-mlock.o)
 .debug_frame   0x000023ac       0x5c c:/program files (x86)/atollic/truestudio for stm32 9.3.0/armtools/bin/../lib/gcc/arm-atollic-eabi/6.3.1/../../../../arm-atollic-eabi/lib/armv7e-m\libc_nano.a(lib_a-reent.o)
 .debug_frame   0x00002408       0x2c c:/program files (x86)/atollic/truestudio for stm32 9.3.0/armtools/bin/../lib/gcc/arm-atollic-eabi/6.3.1/armv7e-m\libgcc.a(_aeabi_uldivmod.o)
 .debug_frame   0x00002434       0x34 c:/program files (x86)/atollic/truestudio for stm32 9.3.0/armtools/bin/../lib/gcc/arm-atollic-eabi/6.3.1/armv7e-m\libgcc.a(_udivmoddi4.o)

.debug_ranges   0x00000000       0xb0
 .debug_ranges  0x00000000       0x60 Drivers\STM32F4xx_HAL_Driver\Src\stm32f4xx_hal_cortex.o
 .debug_ranges  0x00000060       0x18 Drivers\STM32F4xx_HAL_Driver\Src\stm32f4xx_hal_i2s_ex.o
 .debug_ranges  0x00000078       0x18 Drivers\STM32F4xx_HAL_Driver\Src\stm32f4xx_hal_rcc.o
 .debug_ranges  0x00000090       0x20 startup\startup_stm32f407xx.o
