Archive member included to satisfy reference by file (symbol)

C:\Users\wen.jin\Desktop\Work\STMicro\TalkThrough\TalkThrough\Middlewares\ST\STM32_Audio\Addons\PDM\libPDMFilter_CM4_GCC.a(pdm_filter.o)
                              Drivers\BSP\STM32F4-Discovery\stm32f4_discovery_audio.o (PDM_Filter_Init)
c:/program files (x86)/atollic/truestudio for stm32 9.3.0/armtools/bin/../lib/gcc/arm-atollic-eabi/6.3.1/../../../../arm-atollic-eabi/lib/armv7e-m\libc_nano.a(lib_a-errno.o)
                              Src\syscalls.o (__errno)
c:/program files (x86)/atollic/truestudio for stm32 9.3.0/armtools/bin/../lib/gcc/arm-atollic-eabi/6.3.1/../../../../arm-atollic-eabi/lib/armv7e-m\libc_nano.a(lib_a-impure.o)
                              c:/program files (x86)/atollic/truestudio for stm32 9.3.0/armtools/bin/../lib/gcc/arm-atollic-eabi/6.3.1/../../../../arm-atollic-eabi/lib/armv7e-m\libc_nano.a(lib_a-errno.o) (_impure_ptr)
c:/program files (x86)/atollic/truestudio for stm32 9.3.0/armtools/bin/../lib/gcc/arm-atollic-eabi/6.3.1/../../../../arm-atollic-eabi/lib/armv7e-m\libc_nano.a(lib_a-init.o)
                              startup\startup_stm32f407xx.o (__libc_init_array)
c:/program files (x86)/atollic/truestudio for stm32 9.3.0/armtools/bin/../lib/gcc/arm-atollic-eabi/6.3.1/../../../../arm-atollic-eabi/lib/armv7e-m\libc_nano.a(lib_a-malloc.o)
                              Middlewares\ST\STM32_USB_Host_Library\Class\CDC\Src\usbh_cdc.o (malloc)
c:/program files (x86)/atollic/truestudio for stm32 9.3.0/armtools/bin/../lib/gcc/arm-atollic-eabi/6.3.1/../../../../arm-atollic-eabi/lib/armv7e-m\libc_nano.a(lib_a-memset.o)
                              Src\main.o (memset)
c:/program files (x86)/atollic/truestudio for stm32 9.3.0/armtools/bin/../lib/gcc/arm-atollic-eabi/6.3.1/../../../../arm-atollic-eabi/lib/armv7e-m\libc_nano.a(lib_a-nano-freer.o)
                              c:/program files (x86)/atollic/truestudio for stm32 9.3.0/armtools/bin/../lib/gcc/arm-atollic-eabi/6.3.1/../../../../arm-atollic-eabi/lib/armv7e-m\libc_nano.a(lib_a-malloc.o) (_free_r)
c:/program files (x86)/atollic/truestudio for stm32 9.3.0/armtools/bin/../lib/gcc/arm-atollic-eabi/6.3.1/../../../../arm-atollic-eabi/lib/armv7e-m\libc_nano.a(lib_a-nano-mallocr.o)
                              c:/program files (x86)/atollic/truestudio for stm32 9.3.0/armtools/bin/../lib/gcc/arm-atollic-eabi/6.3.1/../../../../arm-atollic-eabi/lib/armv7e-m\libc_nano.a(lib_a-malloc.o) (_malloc_r)
c:/program files (x86)/atollic/truestudio for stm32 9.3.0/armtools/bin/../lib/gcc/arm-atollic-eabi/6.3.1/../../../../arm-atollic-eabi/lib/armv7e-m\libc_nano.a(lib_a-sbrkr.o)
                              c:/program files (x86)/atollic/truestudio for stm32 9.3.0/armtools/bin/../lib/gcc/arm-atollic-eabi/6.3.1/../../../../arm-atollic-eabi/lib/armv7e-m\libc_nano.a(lib_a-nano-mallocr.o) (_sbrk_r)
c:/program files (x86)/atollic/truestudio for stm32 9.3.0/armtools/bin/../lib/gcc/arm-atollic-eabi/6.3.1/../../../../arm-atollic-eabi/lib/armv7e-m\libc_nano.a(lib_a-mlock.o)
                              c:/program files (x86)/atollic/truestudio for stm32 9.3.0/armtools/bin/../lib/gcc/arm-atollic-eabi/6.3.1/../../../../arm-atollic-eabi/lib/armv7e-m\libc_nano.a(lib_a-nano-freer.o) (__malloc_lock)
c:/program files (x86)/atollic/truestudio for stm32 9.3.0/armtools/bin/../lib/gcc/arm-atollic-eabi/6.3.1/../../../../arm-atollic-eabi/lib/armv7e-m\libc_nano.a(lib_a-reent.o)
                              c:/program files (x86)/atollic/truestudio for stm32 9.3.0/armtools/bin/../lib/gcc/arm-atollic-eabi/6.3.1/../../../../arm-atollic-eabi/lib/armv7e-m\libc_nano.a(lib_a-sbrkr.o) (errno)
c:/program files (x86)/atollic/truestudio for stm32 9.3.0/armtools/bin/../lib/gcc/arm-atollic-eabi/6.3.1/../../../../arm-atollic-eabi/lib/armv7e-m\libm.a(lib_a-s_cos.o)
                              C:\Users\wen.jin\Desktop\Work\STMicro\TalkThrough\TalkThrough\Middlewares\ST\STM32_Audio\Addons\PDM\libPDMFilter_CM4_GCC.a(pdm_filter.o) (cos)
c:/program files (x86)/atollic/truestudio for stm32 9.3.0/armtools/bin/../lib/gcc/arm-atollic-eabi/6.3.1/../../../../arm-atollic-eabi/lib/armv7e-m\libm.a(lib_a-w_sqrt.o)
                              C:\Users\wen.jin\Desktop\Work\STMicro\TalkThrough\TalkThrough\Middlewares\ST\STM32_Audio\Addons\PDM\libPDMFilter_CM4_GCC.a(pdm_filter.o) (sqrt)
c:/program files (x86)/atollic/truestudio for stm32 9.3.0/armtools/bin/../lib/gcc/arm-atollic-eabi/6.3.1/../../../../arm-atollic-eabi/lib/armv7e-m\libm.a(lib_a-e_rem_pio2.o)
                              c:/program files (x86)/atollic/truestudio for stm32 9.3.0/armtools/bin/../lib/gcc/arm-atollic-eabi/6.3.1/../../../../arm-atollic-eabi/lib/armv7e-m\libm.a(lib_a-s_cos.o) (__ieee754_rem_pio2)
c:/program files (x86)/atollic/truestudio for stm32 9.3.0/armtools/bin/../lib/gcc/arm-atollic-eabi/6.3.1/../../../../arm-atollic-eabi/lib/armv7e-m\libm.a(lib_a-e_sqrt.o)
[...]
Memory Configuration

Name             Origin             Length             Attributes
RAM              0x20000000         0x00020000         xrw
CCMRAM           0x10000000         0x00010000         rw
FLASH            0x08000000         0x00100000         xr
*default*        0x00000000         0xffffffff

Linker script and memory map

LOAD c:/program files (x86)/atollic/truestudio for stm32 9.3.0/armtools/bin/../lib/gcc/arm-atollic-eabi/6.3.1/armv7e-m/crti.o
LOAD c:/program files (x86)/atollic/truestudio for stm32 9.3.0/armtools/bin/../lib/gcc/arm-atollic-eabi/6.3.1/armv7e-m/crtbegin.o
LOAD Drivers\BSP\Components\cs43l22\cs43l22.o
LOAD Drivers\BSP\Components\lis302dl\lis302dl.o
LOAD Drivers\BSP\Components\lis3dsh\lis3dsh.o
LOAD Drivers\BSP\STM32F4-Discovery\stm32f4_discovery.o
LOAD Drivers\BSP\STM32F4-Discovery\stm32f4_discovery_accelerometer.o
LOAD Drivers\BSP\STM32F4-Discovery\stm32f4_discovery_audio.o
LOAD Drivers\STM32F4xx_HAL_Driver\Src\stm32f4xx_hal.o
LOAD Drivers\STM32F4xx_HAL_Driver\Src\stm32f4xx_hal_cortex.o
LOAD Drivers\STM32F4xx_HAL_Driver\Src\stm32f4xx_hal_dma.o
LOAD Drivers\STM32F4xx_HAL_Driver\Src\stm32f4xx_hal_dma_ex.o
LOAD Drivers\STM32F4xx_HAL_Driver\Src\stm32f4xx_hal_exti.o
LOAD Drivers\STM32F4xx_HAL_Driver\Src\stm32f4xx_hal_flash.o
LOAD Drivers\STM32F4xx_HAL_Driver\Src\stm32f4xx_hal_flash_ex.o
LOAD Drivers\STM32F4xx_HAL_Driver\Src\stm32f4xx_hal_flash_ramfunc.o
LOAD Drivers\STM32F4xx_HAL_Driver\Src\stm32f4xx_hal_gpio.o
LOAD Drivers\STM32F4xx_HAL_Driver\Src\stm32f4xx_hal_hcd.o
LOAD Drivers\STM32F4xx_HAL_Driver\Src\stm32f4xx_hal_i2c.o
LOAD Drivers\STM32F4xx_HAL_Driver\Src\stm32f4xx_hal_i2c_ex.o
LOAD Drivers\STM32F4xx_HAL_Driver\Src\stm32f4xx_hal_i2s.o
LOAD Drivers\STM32F4xx_HAL_Driver\Src\stm32f4xx_hal_i2s_ex.o
LOAD Drivers\STM32F4xx_HAL_Driver\Src\stm32f4xx_hal_pwr.o
LOAD Drivers\STM32F4xx_HAL_Driver\Src\stm32f4xx_hal_pwr_ex.o
LOAD Drivers\STM32F4xx_HAL_Driver\Src\stm32f4xx_hal_rcc.o
LOAD Drivers\STM32F4xx_HAL_Driver\Src\stm32f4xx_hal_rcc_ex.o
LOAD Drivers\STM32F4xx_HAL_Driver\Src\stm32f4xx_hal_spi.o
LOAD Drivers\STM32F4xx_HAL_Driver\Src\stm32f4xx_hal_tim.o
LOAD Drivers\STM32F4xx_HAL_Driver\Src\stm32f4xx_hal_tim_ex.o
LOAD Drivers\STM32F4xx_HAL_Driver\Src\stm32f4xx_ll_usb.o
LOAD Middlewares\ST\STM32_USB_Host_Library\Class\CDC\Src\usbh_cdc.o
LOAD Middlewares\ST\STM32_USB_Host_Library\Core\Src\usbh_core.o
LOAD Middlewares\ST\STM32_USB_Host_Library\Core\Src\usbh_ctlreq.o
LOAD Middlewares\ST\STM32_USB_Host_Library\Core\Src\usbh_ioreq.o
LOAD Middlewares\ST\STM32_USB_Host_Library\Core\Src\usbh_pipes.o
LOAD Src\main.o
LOAD Src\stm32f4xx_hal_msp.o
LOAD Src\stm32f4xx_it.o
LOAD Src\syscalls.o
LOAD Src\system_stm32f4xx.o
LOAD Src\usb_host.o
LOAD Src\usbh_conf.o
LOAD Src\usbh_platform.o
LOAD startup\startup_stm32f407xx.o
LOAD C:\Users\wen.jin\Desktop\Work\STMicro\TalkThrough\TalkThrough\Middlewares\ST\STM32_Audio\Addons\PDM\libPDMFilter_CM4_GCC.a
                0x00000080                malloc_getpagesize_P = 0x80
START GROUP
LOAD c:/program files (x86)/atollic/truestudio for stm32 9.3.0/armtools/bin/../lib/gcc/arm-atollic-eabi/6.3.1/../../../../arm-atollic-eabi/lib/armv7e-m\libc_nano.a
LOAD c:/program files (x86)/atollic/truestudio for stm32 9.3.0/armtools/bin/../lib/gcc/arm-atollic-eabi/6.3.1/../../../../arm-atollic-eabi/lib/armv7e-m\libm.a
END GROUP
START GROUP
LOAD c:/program files (x86)/atollic/truestudio for stm32 9.3.0/armtools/bin/../lib/gcc/arm-atollic-eabi/6.3.1/armv7e-m\libgcc.a
LOAD c:/program files (x86)/atollic/truestudio for stm32 9.3.0/armtools/bin/../lib/gcc/arm-atollic-eabi/6.3.1/../../../../arm-atollic-eabi/lib/armv7e-m\libc_nano.a
END GROUP
START GROUP
LOAD c:/program files (x86)/atollic/truestudio for stm32 9.3.0/armtools/bin/../lib/gcc/arm-atollic-eabi/6.3.1/armv7e-m\libgcc.a
LOAD c:/program files (x86)/atollic/truestudio for stm32 9.3.0/armtools/bin/../lib/gcc/arm-atollic-eabi/6.3.1/../../../../arm-atollic-eabi/lib/armv7e-m\libc_nano.a
LOAD c:/program files (x86)/atollic/truestudio for stm32 9.3.0/armtools/bin/../lib/gcc/arm-atollic-eabi/6.3.1/../../../../arm-atollic-eabi/lib/armv7e-m\libnosys.a
END GROUP
START GROUP
LOAD c:/program files (x86)/atollic/truestudio for stm32 9.3.0/armtools/bin/../lib/gcc/arm-atollic-eabi/6.3.1/armv7e-m\libgcc.a
LOAD c:/program files (x86)/atollic/truestudio for stm32 9.3.0/armtools/bin/../lib/gcc/arm-atollic-eabi/6.3.1/../../../../arm-atollic-eabi/lib/armv7e-m\libc_nano.a
LOAD c:/program files (x86)/atollic/truestudio for stm32 9.3.0/armtools/bin/../lib/gcc/arm-atollic-eabi/6.3.1/../../../../arm-atollic-eabi/lib/armv7e-m\libnosys.a
END GROUP
LOAD c:/program files (x86)/atollic/truestudio for stm32 9.3.0/armtools/bin/../lib/gcc/arm-atollic-eabi/6.3.1/armv7e-m/crtend.o
LOAD c:/program files (x86)/atollic/truestudio for stm32 9.3.0/armtools/bin/../lib/gcc/arm-atollic-eabi/6.3.1/armv7e-m/crtn.o
                0x20020000                _estack = 0x20020000
                0x00000200                _Min_Heap_Size = 0x200
                0x00000400                _Min_Stack_Size = 0x400

.isr_vector     0x08000000      0x188
                0x08000000                . = ALIGN (0x4)
 *(.isr_vector)
 .isr_vector    0x08000000      0x188 startup\startup_stm32f407xx.o
                0x08000000                g_pfnVectors
                0x08000188                . = ALIGN (0x4)

.text           0x08000188     0xff0c
                0x08000188                . = ALIGN (0x4)
 *(.text)
 .text          0x08000188       0x40 c:/program files (x86)/atollic/truestudio for stm32 9.3.0/armtools/bin/../lib/gcc/arm-atollic-eabi/6.3.1/armv7e-m/crtbegin.o
 .text          0x080001c8      0x330 Drivers\BSP\Components\cs43l22\cs43l22.o
                0x080001c8                cs43l22_SetFrequency
                0x080001cc                cs43l22_Reset
                0x080001da                cs43l22_SetVolume
                0x08000240                cs43l22_Init
                0x08000338                cs43l22_SetMute
                0x08000394                cs43l22_Play
                0x080003d4                cs43l22_Pause
                0x080003ee                cs43l22_Resume
                0x08000434                cs43l22_Stop
                0x08000468                cs43l22_SetOutputMode
                0x080004d8                cs43l22_DeInit
                0x080004e0                cs43l22_ReadID
 .text          0x080004f8      0x5a8 Drivers\BSP\STM32F4-Discovery\stm32f4_discovery.o
                0x08000744                BSP_GetVersion
                0x0800074c                BSP_LED_Init
                0x08000800                BSP_LED_On
                0x08000820                BSP_LED_Off
                0x08000840                BSP_LED_Toggle
                0x08000860                BSP_PB_Init
                0x080008e8                BSP_PB_GetState
                0x08000900                ACCELERO_IO_Init
                0x0800094c                ACCELERO_IO_ITConfig
                0x0800099c                ACCELERO_IO_Write
                0x080009e0                ACCELERO_IO_Read
                0x08000a28                AUDIO_IO_Init
                0x08000a8c                AUDIO_IO_DeInit
                0x08000a8e                AUDIO_IO_Write
                0x08000a96                AUDIO_IO_Read
 .text          0x08000aa0      0x6e8 Drivers\BSP\STM32F4-Discovery\stm32f4_discovery_audio.o
                0x08000dcc                BSP_AUDIO_OUT_Init
                0x08000e7c                BSP_AUDIO_OUT_Play
                0x08000ebc                BSP_AUDIO_OUT_ChangeBuffer
                0x08000ed0                BSP_AUDIO_OUT_Pause
                0x08000ef8                BSP_AUDIO_OUT_Resume
                0x08000f20                BSP_AUDIO_OUT_Stop
                0x08000f68                BSP_AUDIO_OUT_SetVolume
                0x08000f88                BSP_AUDIO_OUT_SetMute
                0x08000fa8                BSP_AUDIO_OUT_SetOutputMode
                0x08000fc8                BSP_AUDIO_OUT_SetFrequency
                0x0800100c                BSP_AUDIO_OUT_TransferComplete_CallBack
                0x0800100e                HAL_I2S_TxCpltCallback
                0x08001024                BSP_AUDIO_OUT_HalfTransfer_CallBack
                0x08001026                HAL_I2S_TxHalfCpltCallback
                0x0800103c                BSP_AUDIO_OUT_Error_CallBack
                0x0800103e                BSP_AUDIO_IN_Init
                0x0800108e                BSP_AUDIO_IN_Record
                0x080010a4                BSP_AUDIO_IN_Stop
                0x080010b4                BSP_AUDIO_IN_Pause
                0x080010c4                BSP_AUDIO_IN_Resume
                0x080010d4                BSP_AUDIO_IN_SetVolume
                0x080010e0                BSP_AUDIO_IN_PDMToPCM
                0x08001148                BSP_AUDIO_IN_TransferComplete_CallBack
                0x0800114a                HAL_I2S_RxCpltCallback
                0x08001152                BSP_AUDIO_IN_HalfTransfer_CallBack
                0x08001154                HAL_I2S_RxHalfCpltCallback
                0x0800115c                BSP_AUDIO_IN_Error_Callback
                0x0800115e                HAL_I2S_ErrorCallback
 .text          0x08001188      0x210 Drivers\STM32F4xx_HAL_Driver\Src\stm32f4xx_hal.o
                0x0800118a                HAL_MspDeInit
                0x0800118c                HAL_DeInit
                0x080011b8                HAL_InitTick
                0x08001200                HAL_Init
                0x08001234                HAL_IncTick
                0x0800124c                HAL_GetTick
                0x08001258                HAL_GetTickPrio
                0x08001264                HAL_SetTickFreq
                0x08001284                HAL_GetTickFreq
                0x08001290                HAL_Delay
                0x080012b8                HAL_SuspendTick
                0x080012c8                HAL_ResumeTick
                0x080012d8                HAL_GetHalVersion
                0x080012e0                HAL_GetREVID
                0x080012ec                HAL_GetDEVID
                0x080012fc                HAL_DBGMCU_EnableDBGSleepMode
                0x0800130c                HAL_DBGMCU_DisableDBGSleepMode
                0x0800131c                HAL_DBGMCU_EnableDBGStopMode
                0x0800132c                HAL_DBGMCU_DisableDBGStopMode
                0x0800133c                HAL_DBGMCU_EnableDBGStandbyMode
                0x0800134c                HAL_DBGMCU_DisableDBGStandbyMode
                0x0800135c                HAL_EnableCompensationCell
                0x08001368                HAL_DisableCompensationCell
                0x08001374                HAL_GetUIDw0
                0x08001380                HAL_GetUIDw1
                0x0800138c                HAL_GetUIDw2
 .text          0x08001398      0x2d4 Drivers\STM32F4xx_HAL_Driver\Src\stm32f4xx_hal_cortex.o
                0x08001398                HAL_NVIC_SetPriorityGrouping
                0x080013bc                HAL_NVIC_SetPriority
                0x08001420                HAL_NVIC_EnableIRQ
                0x0800143c                HAL_NVIC_DisableIRQ
                0x08001464                HAL_NVIC_SystemReset
                0x08001488                HAL_SYSTICK_Config
                0x080014b4                HAL_MPU_Disable
                0x080014d4                HAL_MPU_Enable
                0x080014f8                HAL_MPU_ConfigRegion
                0x0800154c                HAL_NVIC_GetPriorityGrouping
                0x0800155c                HAL_NVIC_GetPriority
                0x080015b8                HAL_NVIC_SetPendingIRQ
                0x080015d8                HAL_NVIC_GetPendingIRQ
                0x080015fc                HAL_NVIC_ClearPendingIRQ
                0x0800161c                HAL_NVIC_GetActive
                0x08001640                HAL_SYSTICK_CLKSourceConfig
                0x08001660                HAL_SYSTICK_Callback
                0x08001662                HAL_SYSTICK_IRQHandler
 .text          0x0800166c      0x780 Drivers\STM32F4xx_HAL_Driver\Src\stm32f4xx_hal_dma.o
                0x08001762                HAL_DMA_Init
                0x08001834                HAL_DMA_DeInit
                0x0800189a                HAL_DMA_Start
                0x080018e2                HAL_DMA_Start_IT
                0x08001956                HAL_DMA_Abort
                0x080019ea                HAL_DMA_Abort_IT
                0x08001a10                HAL_DMA_PollForTransfer
                0x08001b36                HAL_DMA_IRQHandler
                0x08001d14                HAL_DMA_RegisterCallback
                0x08001d72                HAL_DMA_UnRegisterCallback
                0x08001de2                HAL_DMA_GetState
                0x08001de8                HAL_DMA_GetError
 .text          0x08001dec      0x368 Drivers\STM32F4xx_HAL_Driver\Src\stm32f4xx_hal_gpio.o
                0x08001dec                HAL_GPIO_Init
                0x08001fb8                HAL_GPIO_DeInit
                0x080020dc                HAL_GPIO_ReadPin
                0x080020ea                HAL_GPIO_WritePin
                0x080020f6                HAL_GPIO_TogglePin
                0x08002108                HAL_GPIO_LockPin
                0x08002136                HAL_GPIO_EXTI_Callback
                0x08002138                HAL_GPIO_EXTI_IRQHandler
 .text          0x08002154      0xbd4 Drivers\STM32F4xx_HAL_Driver\Src\stm32f4xx_hal_hcd.o
                0x080021d0                HAL_HCD_HC_Init
                0x08002270                HAL_HCD_HC_Halt
                0x08002296                HAL_HCD_Init
                0x0800232c                HAL_HCD_DeInit
                0x0800234e                HAL_HCD_HC_SubmitRequest
                0x08002b38                HAL_HCD_IRQHandler
                0x08002c8a                HAL_HCD_Start
                0x08002cb6                HAL_HCD_Stop
                0x08002cda                HAL_HCD_ResetPort
                0x08002ce4                HAL_HCD_GetState
                0x08002cea                HAL_HCD_HC_GetURBState
                0x08002cf8                HAL_HCD_HC_GetXferCount
                0x08002d04                HAL_HCD_HC_GetState
                0x08002d12                HAL_HCD_GetCurrentFrame
                0x08002d1c                HAL_HCD_GetCurrentSpeed
 .text          0x08002d28     0x3d24 Drivers\STM32F4xx_HAL_Driver\Src\stm32f4xx_hal_i2c.o
                0x080036b6                HAL_I2C_Init
                0x08003856                HAL_I2C_DeInit
                0x08003888                HAL_I2C_Master_Transmit
                0x080039fc                HAL_I2C_Master_Receive
                0x08003cd8                HAL_I2C_Slave_Transmit
                0x08003e74                HAL_I2C_Slave_Receive
                0x08003fec                HAL_I2C_Master_Transmit_IT
                0x080040c4                HAL_I2C_Master_Receive_IT
                0x080041a8                HAL_I2C_Slave_Transmit_IT
                0x08004234                HAL_I2C_Slave_Receive_IT
                0x080042c0                HAL_I2C_Master_Transmit_DMA
                0x08004430                HAL_I2C_Master_Receive_DMA
                0x080045a0                HAL_I2C_Slave_Transmit_DMA
                0x0800468c                HAL_I2C_Slave_Receive_DMA
                0x08004778                HAL_I2C_Mem_Write
                0x080048e0                HAL_I2C_Mem_Read
                0x08004bbc                HAL_I2C_Mem_Write_IT
                0x08004ca0                HAL_I2C_Mem_Read_IT
                0x08004d98                HAL_I2C_Mem_Write_DMA
                0x08004f20                HAL_I2C_Mem_Read_DMA
                0x080050ec                HAL_I2C_IsDeviceReady
                0x08005270                HAL_I2C_Master_Seq_Transmit_IT
                0x0800537c                HAL_I2C_Master_Seq_Transmit_DMA
                0x08005550                HAL_I2C_Master_Seq_Receive_IT
                0x0800569c                HAL_I2C_Master_Seq_Receive_DMA
                0x080058c8                HAL_I2C_Slave_Seq_Transmit_IT
                0x08005956                HAL_I2C_Slave_Seq_Transmit_DMA
                0x08005ad4                HAL_I2C_Slave_Seq_Receive_IT
                0x08005b62                HAL_I2C_Slave_Seq_Receive_DMA
                0x08005ce0                HAL_I2C_EnableListen_IT
                0x08005d1e                HAL_I2C_DisableListen_IT
                0x08005d60                HAL_I2C_MasterTxCpltCallback
                0x08005d62                HAL_I2C_MasterRxCpltCallback
                0x08005d64                HAL_I2C_SlaveTxCpltCallback
                0x08005db2                HAL_I2C_SlaveRxCpltCallback
                0x08005e00                HAL_I2C_AddrCallback
                0x08005e50                HAL_I2C_ListenCpltCallback
                0x08005ee4                HAL_I2C_MemTxCpltCallback
                0x080060d0                HAL_I2C_MemRxCpltCallback
                0x080062a0                HAL_I2C_ErrorCallback
                0x080063fc                HAL_I2C_AbortCpltCallback
                0x080065f0                HAL_I2C_Master_Abort_IT
                0x080067dc                HAL_I2C_EV_IRQHandler
                0x08006974                HAL_I2C_ER_IRQHandler
                0x08006a3c                HAL_I2C_GetState
                0x08006a42                HAL_I2C_GetMode
                0x08006a48                HAL_I2C_GetError
 .text          0x08006a4c      0xb48 Drivers\STM32F4xx_HAL_Driver\Src\stm32f4xx_hal_i2s.o
                0x08006aa0                HAL_I2S_Init
                0x08006c3e                HAL_I2S_DeInit
                0x08006c6a                HAL_I2S_Transmit
                0x08006dba                HAL_I2S_Receive
                0x08006ed0                HAL_I2S_Transmit_IT
                0x08006f5c                HAL_I2S_Receive_IT
                0x08006fe8                HAL_I2S_Transmit_DMA
                0x080070c8                HAL_I2S_Receive_DMA
                0x080071c8                HAL_I2S_DMAPause
                0x08007248                HAL_I2S_DMAResume
                0x080072fc                HAL_I2S_DMAStop
                0x080073b4                HAL_I2S_IRQHandler
                0x0800758a                HAL_I2S_GetState
                0x08007590                HAL_I2S_GetError
 .text          0x08007594      0xb90 Drivers\STM32F4xx_HAL_Driver\Src\stm32f4xx_hal_i2s_ex.o
                0x08007690                HAL_I2SEx_TransmitReceive
                0x080079e8                HAL_I2SEx_TransmitReceive_IT
                0x08007b54                HAL_I2SEx_TransmitReceive_DMA
                0x08007d40                HAL_I2SEx_TxRxHalfCpltCallback
                0x08007d4c                HAL_I2SEx_TxRxCpltCallback
                0x08007f4c                HAL_I2SEx_FullDuplex_IRQHandler
 .text          0x08008124      0x7f4 Drivers\STM32F4xx_HAL_Driver\Src\stm32f4xx_hal_rcc.o
                0x08008128                HAL_RCC_OscConfig
                0x080084c0                HAL_RCC_MCOConfig
                0x0800855c                HAL_RCC_EnableCSS
                0x08008568                HAL_RCC_DisableCSS
                0x08008574                HAL_RCC_GetSysClockFreq
                0x08008648                HAL_RCC_ClockConfig
                0x080087a0                HAL_RCC_GetHCLKFreq
                0x080087ac                HAL_RCC_GetPCLK1Freq
                0x080087cc                HAL_RCC_GetPCLK2Freq
                0x080087ec                HAL_RCC_GetOscConfig
                0x080088b8                HAL_RCC_GetClockConfig
                0x080088f4                HAL_RCC_CSSCallback
                0x080088f6                HAL_RCC_NMI_IRQHandler
 .text          0x08008918      0x3d0 Drivers\STM32F4xx_HAL_Driver\Src\stm32f4xx_hal_rcc_ex.o
                0x08008918                HAL_RCCEx_PeriphCLKConfig
                0x08008a6c                HAL_RCCEx_GetPeriphCLKConfig
                0x08008a9c                HAL_RCCEx_GetPeriphCLKFreq
                0x08008b10                HAL_RCCEx_EnablePLLI2S
                0x08008b78                HAL_RCCEx_DisablePLLI2S
                0x08008bac                HAL_RCC_DeInit
 .text          0x08008ce8     0x173c Drivers\STM32F4xx_HAL_Driver\Src\stm32f4xx_hal_spi.o
                0x08008ef8                HAL_SPI_Init
                0x08008f7a                HAL_SPI_DeInit
                0x08008fa6                HAL_SPI_Transmit
                0x08009146                HAL_SPI_TransmitReceive
                0x0800937e                HAL_SPI_Receive
                0x080094e2                HAL_SPI_Transmit_IT
                0x08009580                HAL_SPI_TransmitReceive_IT
                0x08009648                HAL_SPI_Receive_IT
                0x08009704                HAL_SPI_Transmit_DMA
                0x080097e0                HAL_SPI_TransmitReceive_DMA
                0x08009934                HAL_SPI_Receive_DMA
                0x08009a28                HAL_SPI_Abort
                0x08009b6c                HAL_SPI_DMAPause
                0x08009b92                HAL_SPI_DMAResume
                0x08009bb8                HAL_SPI_DMAStop
                0x08009bfe                HAL_SPI_TxCpltCallback
                0x08009c00                HAL_SPI_RxCpltCallback
                0x08009c02                HAL_SPI_TxRxCpltCallback
                0x08009c04                HAL_SPI_TxHalfCpltCallback
                0x08009c10                HAL_SPI_RxHalfCpltCallback
                0x08009c1c                HAL_SPI_TxRxHalfCpltCallback
                0x08009c28                HAL_SPI_ErrorCallback
                0x0800a084                HAL_SPI_IRQHandler
                0x0800a1ac                HAL_SPI_AbortCpltCallback
                0x0800a1ae                HAL_SPI_Abort_IT
                0x0800a418                HAL_SPI_GetState
                0x0800a41e                HAL_SPI_GetError
 .text          0x0800a424     0x11e8 Drivers\STM32F4xx_HAL_Driver\Src\stm32f4xx_ll_usb.o
                0x0800a460                USB_CoreInit
                0x0800a4ea                USB_SetTurnaroundTime
                0x0800a5d8                USB_EnableGlobalInt
                0x0800a5e4                USB_DisableGlobalInt
                0x0800a5f0                USB_SetCurrentMode
                0x0800a620                USB_FlushTxFifo
                0x0800a648                USB_FlushRxFifo
                0x0800a66c                USB_SetDevSpeed
                0x0800a67a                USB_DevInit
                0x0800a818                USB_GetDevSpeed
                0x0800a83a                USB_ActivateEndpoint
                0x0800a8ce                USB_ActivateDedicatedEndpoint
                0x0800a968                USB_DeactivateEndpoint
                0x0800a9f8                USB_DeactivateDedicatedEndpoint
                0x0800aa54                USB_EP0StartXfer
                0x0800ab70                USB_WritePacket
                0x0800ab98                USB_EPStartXfer
                0x0800adb4                USB_ReadPacket
                0x0800adda                USB_EPSetStall
                0x0800ae34                USB_EPClearStall
                0x0800ae90                USB_StopDevice
                0x0800aed8                USB_SetDevAddress
                0x0800aef8                USB_DevConnect
                0x0800af10                USB_DevDisconnect
                0x0800af28                USB_ReadInterrupts
                0x0800af30                USB_ReadDevAllOutEpInterrupt
                0x0800af40                USB_ReadDevAllInEpInterrupt
                0x0800af50                USB_ReadDevOutEPInterrupt
                0x0800af62                USB_ReadDevInEPInterrupt
                0x0800af86                USB_ClearInterrupts
                0x0800af8e                USB_GetMode
                0x0800af96                USB_ActivateSetup
                0x0800afce                USB_EP0_OutStart
                0x0800b02c                USB_InitFSLSPClkSel
                0x0800b06a                USB_ResetPort
                0x0800b0a8                USB_DriveVbus
                0x0800b0ee                USB_HostInit
                0x0800b1ec                USB_GetHostSpeed
                0x0800b202                USB_GetCurrentFrame
                0x0800b20c                USB_HC_Init
                0x0800b310                USB_HC_ReadInterrupt
                0x0800b31a                USB_HC_Halt
                0x0800b3e8                USB_DoPing
                0x0800b40c                USB_HC_StartXfer
                0x0800b564                USB_StopHost
                0x0800b5e2                USB_ActivateRemoteWakeup
                0x0800b5fc                USB_DeActivateRemoteWakeup
 .text          0x0800b60c      0x4d6 Middlewares\ST\STM32_USB_Host_Library\Class\CDC\Src\usbh_cdc.o
                0x0800b82e                USBH_CDC_Stop
                0x0800b862                USBH_CDC_SetLineCoding
                0x0800b87e                USBH_CDC_GetLineCoding
                0x0800b8ac                USBH_CDC_GetLastReceivedDataSize
                0x0800b8ca                USBH_CDC_Transmit
                0x0800b8f2                USBH_CDC_Receive
                0x0800b918                USBH_CDC_TransmitCallback
                0x0800b9ae                USBH_CDC_ReceiveCallback
                0x0800ba1a                USBH_CDC_LineCodingChanged
 .text          0x0800bae2      0x5b4 Middlewares\ST\STM32_USB_Host_Library\Core\Src\usbh_core.o
                0x0800bcb4                USBH_Init
                0x0800bce2                USBH_DeInit
                0x0800bcfa                USBH_RegisterClass
                0x0800bd1e                USBH_SelectInterface
                0x0800bd32                USBH_GetActiveClass
                0x0800bd38                USBH_FindInterface
                0x0800bd8a                USBH_FindInterfaceIndex
                0x0800bdc6                USBH_Start
                0x0800bdda                USBH_Stop
                0x0800bdfe                USBH_ReEnumerate
                0x0800be1c                USBH_LL_SetTimer
                0x0800be22                USBH_LL_IncTimer
                0x0800be34                USBH_LL_PortEnabled
                0x0800be3c                USBH_LL_PortDisabled
                0x0800be44                USBH_IsPortEnabled
                0x0800be4a                USBH_Process
                0x0800c036                USBH_LL_Connect
                0x0800c05e                USBH_LL_Disconnect
 .text          0x0800c096      0x53c Middlewares\ST\STM32_USB_Host_Library\Core\Src\usbh_ctlreq.o
                0x0800c338                USBH_GetNextDesc
                0x0800c408                USBH_CtlReq
                0x0800c456                USBH_GetDescriptor
                0x0800c492                USBH_Get_DevDesc
                0x0800c4c4                USBH_Get_CfgDesc
                0x0800c4f6                USBH_Get_StringDesc
                0x0800c526                USBH_SetAddress
                0x0800c548                USBH_SetCfg
                0x0800c56a                USBH_SetInterface
                0x0800c58c                USBH_SetFeature
                0x0800c5ae                USBH_ClrFeature
 .text          0x0800c5d2      0x140 Middlewares\ST\STM32_USB_Host_Library\Core\Src\usbh_ioreq.o
                0x0800c5d2                USBH_CtlSendSetup
                0x0800c5f4                USBH_CtlSendData
                0x0800c620                USBH_CtlReceiveData
                0x0800c640                USBH_BulkSendData
                0x0800c66c                USBH_BulkReceiveData
                0x0800c68c                USBH_InterruptReceiveData
                0x0800c6ac                USBH_InterruptSendData
                0x0800c6ce                USBH_IsocReceiveData
                0x0800c6f0                USBH_IsocSendData
 .text          0x0800c712       0x86 Middlewares\ST\STM32_USB_Host_Library\Core\Src\usbh_pipes.o
                0x0800c736                USBH_OpenPipe
                0x0800c756                USBH_ClosePipe
                0x0800c760                USBH_AllocPipe
                0x0800c782                USBH_FreePipe
 .text          0x0800c798      0x35c Src\main.o
                0x0800c9fc                SystemClock_Config
                0x0800caac                main
                0x0800caf0                Error_Handler
 .text          0x0800caf4      0x388 Src\stm32f4xx_hal_msp.o
                0x0800caf4                HAL_MspInit
                0x0800cb34                HAL_I2C_MspInit
                0x0800cba4                HAL_I2C_MspDeInit
                0x0800cbd4                HAL_I2S_MspInit
                0x0800cd70                HAL_I2S_MspDeInit
                0x0800cde4                HAL_SPI_MspInit
                0x0800ce50                HAL_SPI_MspDeInit
 .text          0x0800ce7c       0x48 Src\stm32f4xx_it.o
                0x0800ce7c                NMI_Handler
                0x0800ce7e                HardFault_Handler
                0x0800ce80                MemManage_Handler
                0x0800ce82                BusFault_Handler
                0x0800ce84                UsageFault_Handler
                0x0800ce86                SVC_Handler
                0x0800ce88                DebugMon_Handler
                0x0800ce8a                PendSV_Handler
                0x0800ce8c                SysTick_Handler
                0x0800ce94                DMA1_Stream3_IRQHandler
                0x0800cea4                DMA1_Stream5_IRQHandler
                0x0800ceb4                OTG_FS_IRQHandler
 .text          0x0800cec4      0x11c Src\syscalls.o
                0x0800cec4                initialise_monitor_handles
                0x0800cec6                _getpid
                0x0800ceca                _kill
                0x0800ceda                _exit
                0x0800cee6                _read
                0x0800cf04                _write
                0x0800cf20                _sbrk
                0x0800cf5c                _close
                0x0800cf62                _fstat
                0x0800cf6c                _isatty
                0x0800cf70                _lseek
                0x0800cf74                _open
                0x0800cf7e                _wait
                0x0800cf8e                _unlink
                0x0800cf9e                _times
                0x0800cfa4                _stat
                0x0800cfae                _link
                0x0800cfbe                _fork
                0x0800cfce                _execve
 .text          0x0800cfe0       0xe0 Src\system_stm32f4xx.o
                0x0800cfe0                SystemInit
                0x0800d020                SystemCoreClockUpdate
 .text          0x0800d0c0       0x7c Src\usb_host.o
                0x0800d0ec                MX_USB_HOST_Init
                0x0800d12c                MX_USB_HOST_Process
 .text          0x0800d13c      0x2c0 Src\usbh_conf.o
                0x0800d13c                HAL_HCD_MspInit
                0x0800d1d4                HAL_HCD_MspDeInit
                0x0800d204                HAL_HCD_SOF_Callback
                0x0800d210                HAL_HCD_Connect_Callback
                0x0800d21c                HAL_HCD_Disconnect_Callback
                0x0800d228                HAL_HCD_HC_NotifyURBChange_Callback
                0x0800d22a                HAL_HCD_PortEnabled_Callback
                0x0800d236                HAL_HCD_PortDisabled_Callback
                0x0800d242                USBH_LL_Init
                0x0800d298                USBH_LL_GetSpeed
                0x0800d2b4                USBH_LL_GetLastXferSize
                0x0800d2c0                USBH_LL_GetURBState
                0x0800d2cc                USBH_LL_DriverVBUS
                0x0800d2e8                USBH_LL_SetToggle
                0x0800d318                USBH_LL_GetToggle
                0x0800d342                USBH_Delay
                0x0800d34a                USBH_Get_USB_Status
                0x0800d35c                USBH_LL_DeInit
                0x0800d36c                USBH_LL_Start
                0x0800d37c                USBH_LL_Stop
                0x0800d38c                USBH_LL_ResetPort
                0x0800d39c                USBH_LL_OpenPipe
                0x0800d3c2                USBH_LL_ClosePipe
                0x0800d3d2                USBH_LL_SubmitURB
 .text          0x0800d3fc       0x18 Src\usbh_platform.o
                0x0800d3fc                MX_DriverVbusFS
 .text          0x0800d414      0x370 c:/program files (x86)/atollic/truestudio for stm32 9.3.0/armtools/bin/../lib/gcc/arm-atollic-eabi/6.3.1/armv7e-m\libgcc.a(_arm_addsubdf3.o)
                0x0800d414                __aeabi_drsub
                0x0800d41c                __aeabi_dsub
                0x0800d41c                __subdf3
                0x0800d420                __aeabi_dadd
                0x0800d420                __adddf3
                0x0800d698                __floatunsidf
                0x0800d698                __aeabi_ui2d
                0x0800d6b8                __floatsidf
                0x0800d6b8                __aeabi_i2d
                0x0800d6dc                __aeabi_f2d
                0x0800d6dc                __extendsfdf2
                0x0800d718                __floatundidf
                0x0800d718                __aeabi_ul2d
                0x0800d728                __floatdidf
                0x0800d728                __aeabi_l2d
 .text          0x0800d784      0x424 c:/program files (x86)/atollic/truestudio for stm32 9.3.0/armtools/bin/../lib/gcc/arm-atollic-eabi/6.3.1/armv7e-m\libgcc.a(_arm_muldivdf3.o)
                0x0800d784                __aeabi_dmul
                0x0800d784                __muldf3
                0x0800d9d8                __divdf3
                0x0800d9d8                __aeabi_ddiv
 .text          0x0800dba8      0x110 c:/program files (x86)/atollic/truestudio for stm32 9.3.0/armtools/bin/../lib/gcc/arm-atollic-eabi/6.3.1/armv7e-m\libgcc.a(_arm_cmpdf2.o)
                0x0800dba8                __gtdf2
                0x0800dba8                __gedf2
                0x0800dbb0                __ltdf2
                0x0800dbb0                __ledf2
                0x0800dbb8                __nedf2
                0x0800dbb8                __eqdf2
                0x0800dbb8                __cmpdf2
                0x0800dc34                __aeabi_cdrcmple
                0x0800dc44                __aeabi_cdcmpeq
                0x0800dc44                __aeabi_cdcmple
                0x0800dc54                __aeabi_dcmpeq
                0x0800dc68                __aeabi_dcmplt
                0x0800dc7c                __aeabi_dcmple
                0x0800dc90                __aeabi_dcmpge
                0x0800dca4                __aeabi_dcmpgt
 .text          0x0800dcb8       0x2c c:/program files (x86)/atollic/truestudio for stm32 9.3.0/armtools/bin/../lib/gcc/arm-atollic-eabi/6.3.1/armv7e-m\libgcc.a(_arm_unorddf2.o)
                0x0800dcb8                __unorddf2
                0x0800dcb8                __aeabi_dcmpun
 .text          0x0800dce4       0x50 c:/program files (x86)/atollic/truestudio for stm32 9.3.0/armtools/bin/../lib/gcc/arm-atollic-eabi/6.3.1/armv7e-m\libgcc.a(_arm_fixdfsi.o)
                0x0800dce4                __aeabi_d2iz
                0x0800dce4                __fixdfsi
 .text          0x0800dd34       0x40 c:/program files (x86)/atollic/truestudio for stm32 9.3.0/armtools/bin/../lib/gcc/arm-atollic-eabi/6.3.1/armv7e-m\libgcc.a(_arm_fixunsdfsi.o)
                0x0800dd34                __aeabi_d2uiz
                0x0800dd34                __fixunsdfsi
 .text          0x0800dd74       0xa0 c:/program files (x86)/atollic/truestudio for stm32 9.3.0/armtools/bin/../lib/gcc/arm-atollic-eabi/6.3.1/armv7e-m\libgcc.a(_arm_truncdfsf2.o)
                0x0800dd74                __truncdfsf2
                0x0800dd74                __aeabi_d2f
 .text          0x0800de14      0x21c c:/program files (x86)/atollic/truestudio for stm32 9.3.0/armtools/bin/../lib/gcc/arm-atollic-eabi/6.3.1/armv7e-m\libgcc.a(_arm_addsubsf3.o)
                0x0800de14                __aeabi_frsub
                0x0800de1c                __subsf3
                0x0800de1c                __aeabi_fsub
                0x0800de20                __aeabi_fadd
                0x0800de20                __addsf3
                0x0800df80                __aeabi_ui2f
                0x0800df80                __floatunsisf
                0x0800df88                __aeabi_i2f
                0x0800df88                __floatsisf
                0x0800dfa4                __aeabi_ul2f
                0x0800dfa4                __floatundisf
                0x0800dfb4                __aeabi_l2f
                0x0800dfb4                __floatdisf
 .text          0x0800e030      0x2a0 c:/program files (x86)/atollic/truestudio for stm32 9.3.0/armtools/bin/../lib/gcc/arm-atollic-eabi/6.3.1/armv7e-m\libgcc.a(_arm_muldivsf3.o)
                0x0800e030                __mulsf3
                0x0800e030                __aeabi_fmul
                0x0800e198                __aeabi_fdiv
                0x0800e198                __divsf3
 .text          0x0800e2d0       0xec c:/program files (x86)/atollic/truestudio for stm32 9.3.0/armtools/bin/../lib/gcc/arm-atollic-eabi/6.3.1/armv7e-m\libgcc.a(_arm_cmpsf2.o)
                0x0800e2d0                __gesf2
                0x0800e2d0                __gtsf2
                0x0800e2d8                __lesf2
                0x0800e2d8                __ltsf2
                0x0800e2e0                __nesf2
                0x0800e2e0                __eqsf2
                0x0800e2e0                __cmpsf2
                0x0800e340                __aeabi_cfrcmple
                0x0800e348                __aeabi_cfcmpeq
                0x0800e348                __aeabi_cfcmple
                0x0800e358                __aeabi_fcmpeq
                0x0800e36c                __aeabi_fcmplt
                0x0800e380                __aeabi_fcmple
                0x0800e394                __aeabi_fcmpge
                0x0800e3a8                __aeabi_fcmpgt
 .text          0x0800e3bc       0x30 c:/program files (x86)/atollic/truestudio for stm32 9.3.0/armtools/bin/../lib/gcc/arm-atollic-eabi/6.3.1/armv7e-m\libgcc.a(_aeabi_uldivmod.o)
                0x0800e3bc                __aeabi_uldivmod
 .text          0x0800e3ec      0x2dc c:/program files (x86)/atollic/truestudio for stm32 9.3.0/armtools/bin/../lib/gcc/arm-atollic-eabi/6.3.1/armv7e-m\libgcc.a(_udivmoddi4.o)
                0x0800e3ec                __udivmoddi4
 .text          0x0800e6c8        0x4 c:/program files (x86)/atollic/truestudio for stm32 9.3.0/armtools/bin/../lib/gcc/arm-atollic-eabi/6.3.1/armv7e-m\libgcc.a(_dvmd_tls.o)
                0x0800e6c8                __aeabi_idiv0
                0x0800e6c8                __aeabi_ldiv0
 *(.text*)
 .text.Reset_Handler
                0x0800e6cc       0x50 startup\startup_stm32f407xx.o
                0x0800e6cc                Reset_Handler
 .text.Default_Handler
                0x0800e71c        0x2 startup\startup_stm32f407xx.o
                0x0800e71c                RTC_Alarm_IRQHandler
                0x0800e71c                HASH_RNG_IRQHandler
                0x0800e71c                EXTI2_IRQHandler
                0x0800e71c                TIM8_CC_IRQHandler
                0x0800e71c                TIM1_CC_IRQHandler
                0x0800e71c                DMA2_Stream5_IRQHandler
                0x0800e71c                PVD_IRQHandler
                0x0800e71c                SDIO_IRQHandler
                0x0800e71c                TAMP_STAMP_IRQHandler
                0x0800e71c                CAN2_RX1_IRQHandler
                0x0800e71c                EXTI3_IRQHandler
                0x0800e71c                TIM8_TRG_COM_TIM14_IRQHandler
                0x0800e71c                TIM1_UP_TIM10_IRQHandler
                0x0800e71c                TIM8_UP_TIM13_IRQHandler
                0x0800e71c                I2C3_ER_IRQHandler
                0x0800e71c                EXTI0_IRQHandler
                0x0800e71c                I2C2_EV_IRQHandler
                0x0800e71c                DMA1_Stream2_IRQHandler
                0x0800e71c                CAN1_RX0_IRQHandler
                0x0800e71c                FPU_IRQHandler
                0x0800e71c                OTG_HS_WKUP_IRQHandler
                0x0800e71c                CAN2_SCE_IRQHandler
                0x0800e71c                DMA2_Stream2_IRQHandler
                0x0800e71c                SPI1_IRQHandler
                0x0800e71c                TIM6_DAC_IRQHandler
                0x0800e71c                TIM1_BRK_TIM9_IRQHandler
                0x0800e71c                DCMI_IRQHandler
                0x0800e71c                CAN2_RX0_IRQHandler
                0x0800e71c                DMA2_Stream3_IRQHandler
                0x0800e71c                USART6_IRQHandler
                0x0800e71c                USART3_IRQHandler
                0x0800e71c                CAN1_RX1_IRQHandler
                0x0800e71c                UART5_IRQHandler
                0x0800e71c                DMA2_Stream0_IRQHandler
                0x0800e71c                TIM4_IRQHandler
                0x0800e71c                I2C1_EV_IRQHandler
                0x0800e71c                DMA1_Stream6_IRQHandler
                0x0800e71c                DMA1_Stream1_IRQHandler
                0x0800e71c                UART4_IRQHandler
                0x0800e71c                TIM3_IRQHandler
                0x0800e71c                RCC_IRQHandler
                0x0800e71c                TIM8_BRK_TIM12_IRQHandler
                0x0800e71c                Default_Handler
                0x0800e71c                EXTI15_10_IRQHandler
                0x0800e71c                ADC_IRQHandler
                0x0800e71c                DMA1_Stream7_IRQHandler
                0x0800e71c                TIM7_IRQHandler
                0x0800e71c                CAN2_TX_IRQHandler
                0x0800e71c                TIM5_IRQHandler
                0x0800e71c                DMA2_Stream7_IRQHandler
                0x0800e71c                I2C3_EV_IRQHandler
                0x0800e71c                EXTI9_5_IRQHandler
                0x0800e71c                RTC_WKUP_IRQHandler
                0x0800e71c                ETH_WKUP_IRQHandler
                0x0800e71c                SPI2_IRQHandler
                0x0800e71c                OTG_HS_EP1_IN_IRQHandler
                0x0800e71c                DMA1_Stream0_IRQHandler
                0x0800e71c                CAN1_TX_IRQHandler
                0x0800e71c                EXTI4_IRQHandler
                0x0800e71c                FSMC_IRQHandler
                0x0800e71c                ETH_IRQHandler
                0x0800e71c                OTG_HS_EP1_OUT_IRQHandler
                0x0800e71c                WWDG_IRQHandler
                0x0800e71c                TIM2_IRQHandler
                0x0800e71c                OTG_FS_WKUP_IRQHandler
                0x0800e71c                TIM1_TRG_COM_TIM11_IRQHandler
                0x0800e71c                OTG_HS_IRQHandler
                0x0800e71c                EXTI1_IRQHandler
                0x0800e71c                USART2_IRQHandler
                0x0800e71c                I2C2_ER_IRQHandler
                0x0800e71c                DMA2_Stream1_IRQHandler
                0x0800e71c                CAN1_SCE_IRQHandler
                0x0800e71c                FLASH_IRQHandler
                0x0800e71c                DMA2_Stream4_IRQHandler
                0x0800e71c                USART1_IRQHandler
                0x0800e71c                SPI3_IRQHandler
                0x0800e71c                DMA1_Stream4_IRQHandler
                0x0800e71c                I2C1_ER_IRQHandler
                0x0800e71c                DMA2_Stream6_IRQHandler
 *fill*         0x0800e71e        0x2 
 .text.PDM_Filter_Init
                0x0800e720      0x1d8 C:\Users\wen.jin\Desktop\Work\STMicro\TalkThrough\TalkThrough\Middlewares\ST\STM32_Audio\Addons\PDM\libPDMFilter_CM4_GCC.a(pdm_filter.o)
                0x0800e720                PDM_Filter_Init
 .text.PDM_Filter_64_LSB
                0x0800e8f8      0x350 C:\Users\wen.jin\Desktop\Work\STMicro\TalkThrough\TalkThrough\Middlewares\ST\STM32_Audio\Addons\PDM\libPDMFilter_CM4_GCC.a(pdm_filter.o)
                0x0800e8f8                PDM_Filter_64_LSB
 .text.__errno  0x0800ec48        0xc c:/program files (x86)/atollic/truestudio for stm32 9.3.0/armtools/bin/../lib/gcc/arm-atollic-eabi/6.3.1/../../../../arm-atollic-eabi/lib/armv7e-m\libc_nano.a(lib_a-errno.o)
                0x0800ec48                __errno
 .text.__libc_init_array
                0x0800ec54       0x48 c:/program files (x86)/atollic/truestudio for stm32 9.3.0/armtools/bin/../lib/gcc/arm-atollic-eabi/6.3.1/../../../../arm-atollic-eabi/lib/armv7e-m\libc_nano.a(lib_a-init.o)
                0x0800ec54                __libc_init_array
 .text.malloc   0x0800ec9c       0x10 c:/program files (x86)/atollic/truestudio for stm32 9.3.0/armtools/bin/../lib/gcc/arm-atollic-eabi/6.3.1/../../../../arm-atollic-eabi/lib/armv7e-m\libc_nano.a(lib_a-malloc.o)
                0x0800ec9c                malloc
 .text.free     0x0800ecac       0x10 c:/program files (x86)/atollic/truestudio for stm32 9.3.0/armtools/bin/../lib/gcc/arm-atollic-eabi/6.3.1/../../../../arm-atollic-eabi/lib/armv7e-m\libc_nano.a(lib_a-malloc.o)
                0x0800ecac                free
 .text.memset   0x0800ecbc       0x10 c:/program files (x86)/atollic/truestudio for stm32 9.3.0/armtools/bin/../lib/gcc/arm-atollic-eabi/6.3.1/../../../../arm-atollic-eabi/lib/armv7e-m\libc_nano.a(lib_a-memset.o)
                0x0800ecbc                memset
 .text._free_r  0x0800eccc       0x9c c:/program files (x86)/atollic/truestudio for stm32 9.3.0/armtools/bin/../lib/gcc/arm-atollic-eabi/6.3.1/../../../../arm-atollic-eabi/lib/armv7e-m\libc_nano.a(lib_a-nano-freer.o)
                0x0800eccc                _free_r
 .text._malloc_r
                0x0800ed68       0xbc c:/program files (x86)/atollic/truestudio for stm32 9.3.0/armtools/bin/../lib/gcc/arm-atollic-eabi/6.3.1/../../../../arm-atollic-eabi/lib/armv7e-m\libc_nano.a(lib_a-nano-mallocr.o)
                0x0800ed68                _malloc_r
 .text._sbrk_r  0x0800ee24       0x20 c:/program files (x86)/atollic/truestudio for stm32 9.3.0/armtools/bin/../lib/gcc/arm-atollic-eabi/6.3.1/../../../../arm-atollic-eabi/lib/armv7e-m\libc_nano.a(lib_a-sbrkr.o)
                0x0800ee24                _sbrk_r
 .text.__malloc_lock
                0x0800ee44        0x2 c:/program files (x86)/atollic/truestudio for stm32 9.3.0/armtools/bin/../lib/gcc/arm-atollic-eabi/6.3.1/../../../../arm-atollic-eabi/lib/armv7e-m\libc_nano.a(lib_a-mlock.o)
                0x0800ee44                __malloc_lock
 .text.__malloc_unlock
                0x0800ee46        0x2 c:/program files (x86)/atollic/truestudio for stm32 9.3.0/armtools/bin/../lib/gcc/arm-atollic-eabi/6.3.1/../../../../arm-atollic-eabi/lib/armv7e-m\libc_nano.a(lib_a-mlock.o)
                0x0800ee46                __malloc_unlock
 .text.cos      0x0800ee48       0x6c c:/program files (x86)/atollic/truestudio for stm32 9.3.0/armtools/bin/../lib/gcc/arm-atollic-eabi/6.3.1/../../../../arm-atollic-eabi/lib/armv7e-m\libm.a(lib_a-s_cos.o)
                0x0800ee48                cos
 .text.sqrt     0x0800eeb4       0xa8 c:/program files (x86)/atollic/truestudio for stm32 9.3.0/armtools/bin/../lib/gcc/arm-atollic-eabi/6.3.1/../../../../arm-atollic-eabi/lib/armv7e-m\libm.a(lib_a-w_sqrt.o)
                0x0800eeb4                sqrt
 *fill*         0x0800ef5c        0x4 
 .text.__ieee754_rem_pio2
                0x0800ef60      0x3e8 c:/program files (x86)/atollic/truestudio for stm32 9.3.0/armtools/bin/../lib/gcc/arm-atollic-eabi/6.3.1/../../../../arm-atollic-eabi/lib/armv7e-m\libm.a(lib_a-e_rem_pio2.o)
                0x0800ef60                __ieee754_rem_pio2
 .text.__ieee754_sqrt
                0x0800f348      0x158 c:/program files (x86)/atollic/truestudio for stm32 9.3.0/armtools/bin/../lib/gcc/arm-atollic-eabi/6.3.1/../../../../arm-atollic-eabi/lib/armv7e-m\libm.a(lib_a-e_sqrt.o)
                0x0800f348                __ieee754_sqrt
 .text.__kernel_cos
                0x0800f4a0      0x1bc c:/program files (x86)/atollic/truestudio for stm32 9.3.0/armtools/bin/../lib/gcc/arm-atollic-eabi/6.3.1/../../../../arm-atollic-eabi/lib/armv7e-m\libm.a(lib_a-k_cos.o)
                0x0800f4a0                __kernel_cos
 .text.__kernel_rem_pio2
                0x0800f65c      0x6a8 c:/program files (x86)/atollic/truestudio for stm32 9.3.0/armtools/bin/../lib/gcc/arm-atollic-eabi/6.3.1/../../../../arm-atollic-eabi/lib/armv7e-m\libm.a(lib_a-k_rem_pio2.o)
                0x0800f65c                __kernel_rem_pio2
 *fill*         0x0800fd04        0x4 
 .text.__kernel_sin
                0x0800fd08      0x16c c:/program files (x86)/atollic/truestudio for stm32 9.3.0/armtools/bin/../lib/gcc/arm-atollic-eabi/6.3.1/../../../../arm-atollic-eabi/lib/armv7e-m\libm.a(lib_a-k_sin.o)
                0x0800fd08                __kernel_sin
 .text.fabs     0x0800fe74        0x6 c:/program files (x86)/atollic/truestudio for stm32 9.3.0/armtools/bin/../lib/gcc/arm-atollic-eabi/6.3.1/../../../../arm-atollic-eabi/lib/armv7e-m\libm.a(lib_a-s_fabs.o)
                0x0800fe74                fabs
 *fill*         0x0800fe7a        0x6 
 .text.floor    0x0800fe80      0x108 c:/program files (x86)/atollic/truestudio for stm32 9.3.0/armtools/bin/../lib/gcc/arm-atollic-eabi/6.3.1/../../../../arm-atollic-eabi/lib/armv7e-m\libm.a(lib_a-s_floor.o)
                0x0800fe80                floor
 .text.matherr  0x0800ff88        0x4 c:/program files (x86)/atollic/truestudio for stm32 9.3.0/armtools/bin/../lib/gcc/arm-atollic-eabi/6.3.1/../../../../arm-atollic-eabi/lib/armv7e-m\libm.a(lib_a-s_matherr.o)
                0x0800ff88                matherr
 *fill*         0x0800ff8c        0x4 
 .text.scalbn   0x0800ff90       0xdc c:/program files (x86)/atollic/truestudio for stm32 9.3.0/armtools/bin/../lib/gcc/arm-atollic-eabi/6.3.1/../../../../arm-atollic-eabi/lib/armv7e-m\libm.a(lib_a-s_scalbn.o)
                0x0800ff90                scalbn
 .text.copysign
                0x0801006c        0xe c:/program files (x86)/atollic/truestudio for stm32 9.3.0/armtools/bin/../lib/gcc/arm-atollic-eabi/6.3.1/../../../../arm-atollic-eabi/lib/armv7e-m\libm.a(lib_a-s_copysign.o)
                0x0801006c                copysign
 *(.glue_7)
 .glue_7        0x0801007a        0x0 linker stubs
 *(.glue_7t)
 .glue_7t       0x0801007a        0x0 linker stubs
 *(.eh_frame)
 *fill*         0x0801007a        0x2 
 .eh_frame      0x0801007c        0x0 c:/program files (x86)/atollic/truestudio for stm32 9.3.0/armtools/bin/../lib/gcc/arm-atollic-eabi/6.3.1/armv7e-m/crtbegin.o
 *(.init)
 .init          0x0801007c        0x4 c:/program files (x86)/atollic/truestudio for stm32 9.3.0/armtools/bin/../lib/gcc/arm-atollic-eabi/6.3.1/armv7e-m/crti.o
                0x0801007c                _init
 .init          0x08010080        0x8 c:/program files (x86)/atollic/truestudio for stm32 9.3.0/armtools/bin/../lib/gcc/arm-atollic-eabi/6.3.1/armv7e-m/crtn.o
 *(.fini)
 .fini          0x08010088        0x4 c:/program files (x86)/atollic/truestudio for stm32 9.3.0/armtools/bin/../lib/gcc/arm-atollic-eabi/6.3.1/armv7e-m/crti.o
                0x08010088                _fini
 .fini          0x0801008c        0x8 c:/program files (x86)/atollic/truestudio for stm32 9.3.0/armtools/bin/../lib/gcc/arm-atollic-eabi/6.3.1/armv7e-m/crtn.o
                0x08010094                . = ALIGN (0x4)
                0x08010094                _etext = .

.vfp11_veneer   0x08010094        0x0
 .vfp11_veneer  0x08010094        0x0 linker stubs

.v4_bx          0x08010094        0x0
 .v4_bx         0x08010094        0x0 linker stubs

.iplt           0x08010094        0x0
 .iplt          0x08010094        0x0 c:/program files (x86)/atollic/truestudio for stm32 9.3.0/armtools/bin/../lib/gcc/arm-atollic-eabi/6.3.1/armv7e-m/crtbegin.o

.rodata         0x08010098      0x278
                0x08010098                . = ALIGN (0x4)
 *(.rodata)
 .rodata        0x08010098        0xe Drivers\BSP\STM32F4-Discovery\stm32f4_discovery.o
                0x08010098                GPIO_PIN
                0x080100a0                BUTTON_IRQn
                0x080100a4                BUTTON_PIN
 *fill*         0x080100a6        0x2 
 .rodata        0x080100a8       0x60 Drivers\BSP\STM32F4-Discovery\stm32f4_discovery_audio.o
                0x080100a8                I2SFreq
                0x080100c8                I2SPLLN
                0x080100e8                I2SPLLR
 .rodata        0x08010108        0x8 Drivers\STM32F4xx_HAL_Driver\Src\stm32f4xx_hal_dma.o
 .rodata        0x08010110       0x18 Src\system_stm32f4xx.o
                0x08010110                AHBPrescTable
                0x08010120                APBPrescTable
 *(.rodata*)
 .rodata.str1.4
                0x08010128        0x4 Middlewares\ST\STM32_USB_Host_Library\Class\CDC\Src\usbh_cdc.o
 .rodata.sqrt.str1.1
                0x0801012c        0x5 c:/program files (x86)/atollic/truestudio for stm32 9.3.0/armtools/bin/../lib/gcc/arm-atollic-eabi/6.3.1/../../../../arm-atollic-eabi/lib/armv7e-m\libm.a(lib_a-w_sqrt.o)
 *fill*         0x08010131        0x3 
 .rodata.npio2_hw
                0x08010134       0x80 c:/program files (x86)/atollic/truestudio for stm32 9.3.0/armtools/bin/../lib/gcc/arm-atollic-eabi/6.3.1/../../../../arm-atollic-eabi/lib/armv7e-m\libm.a(lib_a-e_rem_pio2.o)
 .rodata.two_over_pi
                0x080101b4      0x108 c:/program files (x86)/atollic/truestudio for stm32 9.3.0/armtools/bin/../lib/gcc/arm-atollic-eabi/6.3.1/../../../../arm-atollic-eabi/lib/armv7e-m\libm.a(lib_a-e_rem_pio2.o)
 *fill*         0x080102bc        0x4 
 .rodata.PIo2   0x080102c0       0x40 c:/program files (x86)/atollic/truestudio for stm32 9.3.0/armtools/bin/../lib/gcc/arm-atollic-eabi/6.3.1/../../../../arm-atollic-eabi/lib/armv7e-m\libm.a(lib_a-k_rem_pio2.o)
 .rodata.init_jk
                0x08010300       0x10 c:/program files (x86)/atollic/truestudio for stm32 9.3.0/armtools/bin/../lib/gcc/arm-atollic-eabi/6.3.1/../../../../arm-atollic-eabi/lib/armv7e-m\libm.a(lib_a-k_rem_pio2.o)
                0x08010310                . = ALIGN (0x4)

.ARM.extab
 *(.ARM.extab* .gnu.linkonce.armextab.*)

.ARM            0x08010310        0x8
                0x08010310                __exidx_start = .
 *(.ARM.exidx*)
 .ARM.exidx     0x08010310        0x8 c:/program files (x86)/atollic/truestudio for stm32 9.3.0/armtools/bin/../lib/gcc/arm-atollic-eabi/6.3.1/armv7e-m\libgcc.a(_udivmoddi4.o)
                0x08010318                __exidx_end = .

.rel.dyn        0x08010318        0x0
 .rel.iplt      0x08010318        0x0 c:/program files (x86)/atollic/truestudio for stm32 9.3.0/armtools/bin/../lib/gcc/arm-atollic-eabi/6.3.1/armv7e-m/crtbegin.o

.preinit_array  0x08010318        0x0
                0x08010318                PROVIDE (__preinit_array_start, .)
 *(.preinit_array*)
                0x08010318                PROVIDE (__preinit_array_end, .)

.init_array     0x08010318        0x4
                0x08010318                PROVIDE (__init_array_start, .)
 *(SORT(.init_array.*))
 *(.init_array*)
 .init_array    0x08010318        0x4 c:/program files (x86)/atollic/truestudio for stm32 9.3.0/armtools/bin/../lib/gcc/arm-atollic-eabi/6.3.1/armv7e-m/crtbegin.o
                0x0801031c                PROVIDE (__init_array_end, .)

.fini_array     0x0801031c        0x4
                [!provide]                PROVIDE (__fini_array_start, .)
 *(SORT(.fini_array.*))
 *(.fini_array*)
 .fini_array    0x0801031c        0x4 c:/program files (x86)/atollic/truestudio for stm32 9.3.0/armtools/bin/../lib/gcc/arm-atollic-eabi/6.3.1/armv7e-m/crtbegin.o
                [!provide]                PROVIDE (__fini_array_end, .)
                0x08010320                _sidata = LOADADDR (.data)

.data           0x20000000      0x3e8 load address 0x08010320
                0x20000000                . = ALIGN (0x4)
                0x20000000                _sdata = .
 *(.data)
 .data          0x20000000       0x34 Drivers\BSP\Components\cs43l22\cs43l22.o
                0x20000004                cs43l22_drv
 .data          0x20000034       0x1c Drivers\BSP\STM32F4-Discovery\stm32f4_discovery.o
                0x20000034                SpixTimeout
                0x20000038                I2cxTimeout
                0x2000003c                GPIO_PORT
                0x2000004c                BUTTON_PORT
 .data          0x20000050        0x2 Drivers\BSP\STM32F4-Discovery\stm32f4_discovery_audio.o
                0x20000050                AudioInVolume
 *fill*         0x20000052        0x2 
 .data          0x20000054        0x8 Drivers\STM32F4xx_HAL_Driver\Src\stm32f4xx_hal.o
                0x20000054                uwTickFreq
                0x20000058                uwTickPrio
 .data          0x2000005c       0x20 Middlewares\ST\STM32_USB_Host_Library\Class\CDC\Src\usbh_cdc.o
                0x2000005c                CDC_Class
 .data          0x2000007c        0x4 Src\system_stm32f4xx.o
                0x2000007c                SystemCoreClock
 *(.data*)
 .data.T0       0x20000080      0x100 C:\Users\wen.jin\Desktop\Work\STMicro\TalkThrough\TalkThrough\Middlewares\ST\STM32_Audio\Addons\PDM\libPDMFilter_CM4_GCC.a(pdm_filter.o)
                0x20000080                T0
 .data.T1       0x20000180      0x100 C:\Users\wen.jin\Desktop\Work\STMicro\TalkThrough\TalkThrough\Middlewares\ST\STM32_Audio\Addons\PDM\libPDMFilter_CM4_GCC.a(pdm_filter.o)
                0x20000180                T1
 .data.T2       0x20000280      0x100 C:\Users\wen.jin\Desktop\Work\STMicro\TalkThrough\TalkThrough\Middlewares\ST\STM32_Audio\Addons\PDM\libPDMFilter_CM4_GCC.a(pdm_filter.o)
                0x20000280                T2
 .data._impure_ptr
                0x20000380        0x4 c:/program files (x86)/atollic/truestudio for stm32 9.3.0/armtools/bin/../lib/gcc/arm-atollic-eabi/6.3.1/../../../../arm-atollic-eabi/lib/armv7e-m\libc_nano.a(lib_a-impure.o)
                0x20000380                _impure_ptr
 .data.impure_data
                0x20000384       0x60 c:/program files (x86)/atollic/truestudio for stm32 9.3.0/armtools/bin/../lib/gcc/arm-atollic-eabi/6.3.1/../../../../arm-atollic-eabi/lib/armv7e-m\libc_nano.a(lib_a-impure.o)
 .data.__fdlib_version
                0x200003e4        0x1 c:/program files (x86)/atollic/truestudio for stm32 9.3.0/armtools/bin/../lib/gcc/arm-atollic-eabi/6.3.1/../../../../arm-atollic-eabi/lib/armv7e-m\libm.a(lib_a-s_lib_ver.o)
                0x200003e4                __fdlib_version
                0x200003e8                . = ALIGN (0x4)
 *fill*         0x200003e5        0x3 
                0x200003e8                _edata = .
                0x08010708                _siccmram = LOADADDR (.ccmram)

.igot.plt       0x200003e8        0x0 load address 0x08010708
 .igot.plt      0x200003e8        0x0 c:/program files (x86)/atollic/truestudio for stm32 9.3.0/armtools/bin/../lib/gcc/arm-atollic-eabi/6.3.1/armv7e-m/crtbegin.o

.ccmram         0x10000000        0x0 load address 0x08010708
                0x10000000                . = ALIGN (0x4)
                0x10000000                _sccmram = .
 *(.ccmram)
 *(.ccmram*)
                0x10000000                . = ALIGN (0x4)
                0x10000000                _eccmram = .
                0x10000000                . = ALIGN (0x4)

.bss            0x200003e8      0xd04
                0x200003e8                _sbss = .
                0x200003e8                __bss_start__ = _sbss
 *(.bss)
 .bss           0x200003e8       0x1c c:/program files (x86)/atollic/truestudio for stm32 9.3.0/armtools/bin/../lib/gcc/arm-atollic-eabi/6.3.1/armv7e-m/crtbegin.o
 .bss           0x20000404        0x1 Drivers\BSP\Components\cs43l22\cs43l22.o
                0x20000404                OutputDev
 *fill*         0x20000405        0x3 
 .bss           0x20000408       0xac Drivers\BSP\STM32F4-Discovery\stm32f4_discovery.o
 .bss           0x200004b4       0xc4 Drivers\BSP\STM32F4-Discovery\stm32f4_discovery_audio.o
 .bss           0x20000578        0x4 Drivers\STM32F4xx_HAL_Driver\Src\stm32f4xx_ll_usb.o
 .bss           0x2000057c        0x8 Src\syscalls.o
                0x20000580                __env
 .bss           0x20000584        0x1 Src\usb_host.o
                0x20000584                Appli_state
 *(.bss*)
 *fill*         0x20000585        0x3 
 .bss.stm32_crc
                0x20000588        0x4 C:\Users\wen.jin\Desktop\Work\STMicro\TalkThrough\TalkThrough\Middlewares\ST\STM32_Audio\Addons\PDM\libPDMFilter_CM4_GCC.a(pdm_filter.o)
                0x20000588                stm32_crc
 .bss.__malloc_free_list
                0x2000058c        0x4 c:/program files (x86)/atollic/truestudio for stm32 9.3.0/armtools/bin/../lib/gcc/arm-atollic-eabi/6.3.1/../../../../arm-atollic-eabi/lib/armv7e-m\libc_nano.a(lib_a-nano-mallocr.o)
                0x2000058c                __malloc_free_list
 .bss.__malloc_sbrk_start
                0x20000590        0x4 c:/program files (x86)/atollic/truestudio for stm32 9.3.0/armtools/bin/../lib/gcc/arm-atollic-eabi/6.3.1/../../../../arm-atollic-eabi/lib/armv7e-m\libc_nano.a(lib_a-nano-mallocr.o)
                0x20000590                __malloc_sbrk_start
 *(COMMON)
 COMMON         0x20000594       0xc4 Drivers\BSP\STM32F4-Discovery\stm32f4_discovery_audio.o
                0x20000594                Filter
                0x200005c8                hAudioOutI2s
                0x20000610                hAudioInI2s
 COMMON         0x20000658        0x4 Drivers\STM32F4xx_HAL_Driver\Src\stm32f4xx_hal.o
                0x20000658                uwTick
 COMMON         0x2000065c      0x3fc Src\main.o
                0x2000065c                hi2c1
                0x200006b0                hdma_spi2_rx
                0x20000710                hdma_spi3_tx
                0x20000770                PDM_Buffer
                0x20000970                hspi1
                0x200009c8                hi2s2
                0x20000a10                hi2s3
 COMMON         0x20000a58      0x3cc Src\usb_host.o
                0x20000a58                hUsbHostFS
 COMMON         0x20000e24      0x2c4 Src\usbh_conf.o
                0x20000e24                hhcd_USB_OTG_FS
 COMMON         0x200010e8        0x4 c:/program files (x86)/atollic/truestudio for stm32 9.3.0/armtools/bin/../lib/gcc/arm-atollic-eabi/6.3.1/../../../../arm-atollic-eabi/lib/armv7e-m\libc_nano.a(lib_a-reent.o)
                0x200010e8                errno
                0x200010ec                . = ALIGN (0x4)
                0x200010ec                _ebss = .
                0x200010ec                __bss_end__ = _ebss

._user_heap_stack
                0x200010ec      0x600
                0x200010ec                . = ALIGN (0x4)
                0x200010ec                PROVIDE (end, .)
                [!provide]                PROVIDE (_end, .)
                0x200012ec                . = (. + _Min_Heap_Size)
 *fill*         0x200010ec      0x200 
                0x200016ec                . = (. + _Min_Stack_Size)
 *fill*         0x200012ec      0x400 
                0x200016ec                . = ALIGN (0x4)

/DISCARD/
 libc.a(*)
 libm.a(*)
 libgcc.a(*)

.ARM.attributes
                0x00000000       0x2a
 *(.ARM.attributes)
 .ARM.attributes
                0x00000000       0x1e c:/program files (x86)/atollic/truestudio for stm32 9.3.0/armtools/bin/../lib/gcc/arm-atollic-eabi/6.3.1/armv7e-m/crti.o
 .ARM.attributes
                0x0000001e       0x2e c:/program files (x86)/atollic/truestudio for stm32 9.3.0/armtools/bin/../lib/gcc/arm-atollic-eabi/6.3.1/armv7e-m/crtbegin.o
 .ARM.attributes
                0x0000004c       0x33 Drivers\BSP\Components\cs43l22\cs43l22.o
 .ARM.attributes
                0x0000007f       0x33 Drivers\BSP\STM32F4-Discovery\stm32f4_discovery.o
 .ARM.attributes
                0x000000b2       0x33 Drivers\BSP\STM32F4-Discovery\stm32f4_discovery_audio.o
 .ARM.attributes
                0x000000e5       0x33 Drivers\STM32F4xx_HAL_Driver\Src\stm32f4xx_hal.o
 .ARM.attributes
                0x00000118       0x33 Drivers\STM32F4xx_HAL_Driver\Src\stm32f4xx_hal_cortex.o
 .ARM.attributes
                0x0000014b       0x33 Drivers\STM32F4xx_HAL_Driver\Src\stm32f4xx_hal_dma.o
 .ARM.attributes
                0x0000017e       0x33 Drivers\STM32F4xx_HAL_Driver\Src\stm32f4xx_hal_gpio.o
 .ARM.attributes
                0x000001b1       0x33 Drivers\STM32F4xx_HAL_Driver\Src\stm32f4xx_hal_hcd.o
 .ARM.attributes
                0x000001e4       0x33 Drivers\STM32F4xx_HAL_Driver\Src\stm32f4xx_hal_i2c.o
 .ARM.attributes
                0x00000217       0x33 Drivers\STM32F4xx_HAL_Driver\Src\stm32f4xx_hal_i2s.o
 .ARM.attributes
                0x0000024a       0x33 Drivers\STM32F4xx_HAL_Driver\Src\stm32f4xx_hal_i2s_ex.o
 .ARM.attributes
                0x0000027d       0x33 Drivers\STM32F4xx_HAL_Driver\Src\stm32f4xx_hal_rcc.o
 .ARM.attributes
                0x000002b0       0x33 Drivers\STM32F4xx_HAL_Driver\Src\stm32f4xx_hal_rcc_ex.o
 .ARM.attributes
                0x000002e3       0x33 Drivers\STM32F4xx_HAL_Driver\Src\stm32f4xx_hal_spi.o
 .ARM.attributes
                0x00000316       0x33 Drivers\STM32F4xx_HAL_Driver\Src\stm32f4xx_ll_usb.o
 .ARM.attributes
                0x00000349       0x33 Middlewares\ST\STM32_USB_Host_Library\Class\CDC\Src\usbh_cdc.o
 .ARM.attributes
                0x0000037c       0x33 Middlewares\ST\STM32_USB_Host_Library\Core\Src\usbh_core.o
 .ARM.attributes
                0x000003af       0x33 Middlewares\ST\STM32_USB_Host_Library\Core\Src\usbh_ctlreq.o
 .ARM.attributes
                0x000003e2       0x33 Middlewares\ST\STM32_USB_Host_Library\Core\Src\usbh_ioreq.o
 .ARM.attributes
                0x00000415       0x33 Middlewares\ST\STM32_USB_Host_Library\Core\Src\usbh_pipes.o
 .ARM.attributes
                0x00000448       0x33 Src\main.o
 .ARM.attributes
                0x0000047b       0x33 Src\stm32f4xx_hal_msp.o
 .ARM.attributes
                0x000004ae       0x33 Src\stm32f4xx_it.o
 .ARM.attributes
                0x000004e1       0x33 Src\syscalls.o
 .ARM.attributes
                0x00000514       0x33 Src\system_stm32f4xx.o
 .ARM.attributes
                0x00000547       0x33 Src\usb_host.o
 .ARM.attributes
                0x0000057a       0x33 Src\usbh_conf.o
 .ARM.attributes
                0x000005ad       0x33 Src\usbh_platform.o
 .ARM.attributes
                0x000005e0       0x21 startup\startup_stm32f407xx.o
 .ARM.attributes
                0x00000601       0x2f C:\Users\wen.jin\Desktop\Work\STMicro\TalkThrough\TalkThrough\Middlewares\ST\STM32_Audio\Addons\PDM\libPDMFilter_CM4_GCC.a(pdm_filter.o)
 .ARM.attributes
                0x00000630       0x2e c:/program files (x86)/atollic/truestudio for stm32 9.3.0/armtools/bin/../lib/gcc/arm-atollic-eabi/6.3.1/../../../../arm-atollic-eabi/lib/armv7e-m\libc_nano.a(lib_a-errno.o)
 .ARM.attributes
                0x0000065e       0x2e c:/program files (x86)/atollic/truestudio for stm32 9.3.0/armtools/bin/../lib/gcc/arm-atollic-eabi/6.3.1/../../../../arm-atollic-eabi/lib/armv7e-m\libc_nano.a(lib_a-impure.o)
 .ARM.attributes
                0x0000068c       0x2e c:/program files (x86)/atollic/truestudio for stm32 9.3.0/armtools/bin/../lib/gcc/arm-atollic-eabi/6.3.1/../../../../arm-atollic-eabi/lib/armv7e-m\libc_nano.a(lib_a-init.o)
 .ARM.attributes
                0x000006ba       0x2e c:/program files (x86)/atollic/truestudio for stm32 9.3.0/armtools/bin/../lib/gcc/arm-atollic-eabi/6.3.1/../../../../arm-atollic-eabi/lib/armv7e-m\libc_nano.a(lib_a-malloc.o)
 .ARM.attributes
                0x000006e8       0x2e c:/program files (x86)/atollic/truestudio for stm32 9.3.0/armtools/bin/../lib/gcc/arm-atollic-eabi/6.3.1/../../../../arm-atollic-eabi/lib/armv7e-m\libc_nano.a(lib_a-memset.o)
 .ARM.attributes
                0x00000716       0x2e c:/program files (x86)/atollic/truestudio for stm32 9.3.0/armtools/bin/../lib/gcc/arm-atollic-eabi/6.3.1/../../../../arm-atollic-eabi/lib/armv7e-m\libc_nano.a(lib_a-nano-freer.o)
 .ARM.attributes
                0x00000744       0x2e c:/program files (x86)/atollic/truestudio for stm32 9.3.0/armtools/bin/../lib/gcc/arm-atollic-eabi/6.3.1/../../../../arm-atollic-eabi/lib/armv7e-m\libc_nano.a(lib_a-nano-mallocr.o)
 .ARM.attributes
                0x00000772       0x2e c:/program files (x86)/atollic/truestudio for stm32 9.3.0/armtools/bin/../lib/gcc/arm-atollic-eabi/6.3.1/../../../../arm-atollic-eabi/lib/armv7e-m\libc_nano.a(lib_a-sbrkr.o)
 .ARM.attributes
                0x000007a0       0x2e c:/program files (x86)/atollic/truestudio for stm32 9.3.0/armtools/bin/../lib/gcc/arm-atollic-eabi/6.3.1/../../../../arm-atollic-eabi/lib/armv7e-m\libc_nano.a(lib_a-mlock.o)
 .ARM.attributes
                0x000007ce       0x2e c:/program files (x86)/atollic/truestudio for stm32 9.3.0/armtools/bin/../lib/gcc/arm-atollic-eabi/6.3.1/../../../../arm-atollic-eabi/lib/armv7e-m\libc_nano.a(lib_a-reent.o)
 .ARM.attributes
                0x000007fc       0x2e c:/program files (x86)/atollic/truestudio for stm32 9.3.0/armtools/bin/../lib/gcc/arm-atollic-eabi/6.3.1/../../../../arm-atollic-eabi/lib/armv7e-m\libm.a(lib_a-s_cos.o)
 .ARM.attributes
                0x0000082a       0x2e c:/program files (x86)/atollic/truestudio for stm32 9.3.0/armtools/bin/../lib/gcc/arm-atollic-eabi/6.3.1/../../../../arm-atollic-eabi/lib/armv7e-m\libm.a(lib_a-w_sqrt.o)
 .ARM.attributes
                0x00000858       0x2e c:/program files (x86)/atollic/truestudio for stm32 9.3.0/armtools/bin/../lib/gcc/arm-atollic-eabi/6.3.1/../../../../arm-atollic-eabi/lib/armv7e-m\libm.a(lib_a-e_rem_pio2.o)
 .ARM.attributes
                0x00000886       0x2e c:/program files (x86)/atollic/truestudio for stm32 9.3.0/armtools/bin/../lib/gcc/arm-atollic-eabi/6.3.1/../../../../arm-atollic-eabi/lib/armv7e-m\libm.a(lib_a-e_sqrt.o)
 .ARM.attributes
                0x000008b4       0x2e c:/program files (x86)/atollic/truestudio for stm32 9.3.0/armtools/bin/../lib/gcc/arm-atollic-eabi/6.3.1/../../../../arm-atollic-eabi/lib/armv7e-m\libm.a(lib_a-k_cos.o)
 .ARM.attributes
                0x000008e2       0x2e c:/program files (x86)/atollic/truestudio for stm32 9.3.0/armtools/bin/../lib/gcc/arm-atollic-eabi/6.3.1/../../../../arm-atollic-eabi/lib/armv7e-m\libm.a(lib_a-k_rem_pio2.o)
 .ARM.attributes
                0x00000910       0x2e c:/program files (x86)/atollic/truestudio for stm32 9.3.0/armtools/bin/../lib/gcc/arm-atollic-eabi/6.3.1/../../../../arm-atollic-eabi/lib/armv7e-m\libm.a(lib_a-k_sin.o)
 .ARM.attributes
                0x0000093e       0x2e c:/program files (x86)/atollic/truestudio for stm32 9.3.0/armtools/bin/../lib/gcc/arm-atollic-eabi/6.3.1/../../../../arm-atollic-eabi/lib/armv7e-m\libm.a(lib_a-s_fabs.o)
 .ARM.attributes
                0x0000096c       0x2e c:/program files (x86)/atollic/truestudio for stm32 9.3.0/armtools/bin/../lib/gcc/arm-atollic-eabi/6.3.1/../../../../arm-atollic-eabi/lib/armv7e-m\libm.a(lib_a-s_floor.o)
 .ARM.attributes
                0x0000099a       0x2e c:/program files (x86)/atollic/truestudio for stm32 9.3.0/armtools/bin/../lib/gcc/arm-atollic-eabi/6.3.1/../../../../arm-atollic-eabi/lib/armv7e-m\libm.a(lib_a-s_lib_ver.o)
 .ARM.attributes
                0x000009c8       0x2e c:/program files (x86)/atollic/truestudio for stm32 9.3.0/armtools/bin/../lib/gcc/arm-atollic-eabi/6.3.1/../../../../arm-atollic-eabi/lib/armv7e-m\libm.a(lib_a-s_matherr.o)
 .ARM.attributes
                0x000009f6       0x2e c:/program files (x86)/atollic/truestudio for stm32 9.3.0/armtools/bin/../lib/gcc/arm-atollic-eabi/6.3.1/../../../../arm-atollic-eabi/lib/armv7e-m\libm.a(lib_a-s_scalbn.o)
 .ARM.attributes
                0x00000a24       0x2e c:/program files (x86)/atollic/truestudio for stm32 9.3.0/armtools/bin/../lib/gcc/arm-atollic-eabi/6.3.1/../../../../arm-atollic-eabi/lib/armv7e-m\libm.a(lib_a-s_copysign.o)
 .ARM.attributes
                0x00000a52       0x1e c:/program files (x86)/atollic/truestudio for stm32 9.3.0/armtools/bin/../lib/gcc/arm-atollic-eabi/6.3.1/armv7e-m\libgcc.a(_arm_addsubdf3.o)
 .ARM.attributes
                0x00000a70       0x1e c:/program files (x86)/atollic/truestudio for stm32 9.3.0/armtools/bin/../lib/gcc/arm-atollic-eabi/6.3.1/armv7e-m\libgcc.a(_arm_muldivdf3.o)
 .ARM.attributes
                0x00000a8e       0x1e c:/program files (x86)/atollic/truestudio for stm32 9.3.0/armtools/bin/../lib/gcc/arm-atollic-eabi/6.3.1/armv7e-m\libgcc.a(_arm_cmpdf2.o)
 .ARM.attributes
                0x00000aac       0x1e c:/program files (x86)/atollic/truestudio for stm32 9.3.0/armtools/bin/../lib/gcc/arm-atollic-eabi/6.3.1/armv7e-m\libgcc.a(_arm_unorddf2.o)
 .ARM.attributes
                0x00000aca       0x1e c:/program files (x86)/atollic/truestudio for stm32 9.3.0/armtools/bin/../lib/gcc/arm-atollic-eabi/6.3.1/armv7e-m\libgcc.a(_arm_fixdfsi.o)
 .ARM.attributes
                0x00000ae8       0x1e c:/program files (x86)/atollic/truestudio for stm32 9.3.0/armtools/bin/../lib/gcc/arm-atollic-eabi/6.3.1/armv7e-m\libgcc.a(_arm_fixunsdfsi.o)
 .ARM.attributes
                0x00000b06       0x1e c:/program files (x86)/atollic/truestudio for stm32 9.3.0/armtools/bin/../lib/gcc/arm-atollic-eabi/6.3.1/armv7e-m\libgcc.a(_arm_truncdfsf2.o)
 .ARM.attributes
                0x00000b24       0x1e c:/program files (x86)/atollic/truestudio for stm32 9.3.0/armtools/bin/../lib/gcc/arm-atollic-eabi/6.3.1/armv7e-m\libgcc.a(_arm_addsubsf3.o)
 .ARM.attributes
                0x00000b42       0x1e c:/program files (x86)/atollic/truestudio for stm32 9.3.0/armtools/bin/../lib/gcc/arm-atollic-eabi/6.3.1/armv7e-m\libgcc.a(_arm_muldivsf3.o)
 .ARM.attributes
                0x00000b60       0x1e c:/program files (x86)/atollic/truestudio for stm32 9.3.0/armtools/bin/../lib/gcc/arm-atollic-eabi/6.3.1/armv7e-m\libgcc.a(_arm_cmpsf2.o)
 .ARM.attributes
                0x00000b7e       0x1e c:/program files (x86)/atollic/truestudio for stm32 9.3.0/armtools/bin/../lib/gcc/arm-atollic-eabi/6.3.1/armv7e-m\libgcc.a(_aeabi_uldivmod.o)
 .ARM.attributes
                0x00000b9c       0x2e c:/program files (x86)/atollic/truestudio for stm32 9.3.0/armtools/bin/../lib/gcc/arm-atollic-eabi/6.3.1/armv7e-m\libgcc.a(_udivmoddi4.o)
 .ARM.attributes
                0x00000bca       0x1e c:/program files (x86)/atollic/truestudio for stm32 9.3.0/armtools/bin/../lib/gcc/arm-atollic-eabi/6.3.1/armv7e-m\libgcc.a(_dvmd_tls.o)
 .ARM.attributes
                0x00000be8       0x1e c:/program files (x86)/atollic/truestudio for stm32 9.3.0/armtools/bin/../lib/gcc/arm-atollic-eabi/6.3.1/armv7e-m/crtn.o
OUTPUT(TalkThrough.elf elf32-littlearm)

.debug_info     0x00000000    0x211b8
 .debug_info    0x00000000      0xa81 Drivers\BSP\Components\cs43l22\cs43l22.o
 .debug_info    0x00000a81     0x19e3 Drivers\BSP\STM32F4-Discovery\stm32f4_discovery.o
 .debug_info    0x00002464     0x1a53 Drivers\BSP\STM32F4-Discovery\stm32f4_discovery_audio.o
 .debug_info    0x00003eb7      0x9cf Drivers\STM32F4xx_HAL_Driver\Src\stm32f4xx_hal.o
 .debug_info    0x00004886      0xf3f Drivers\STM32F4xx_HAL_Driver\Src\stm32f4xx_hal_cortex.o
 .debug_info    0x000057c5      0xa5c Drivers\STM32F4xx_HAL_Driver\Src\stm32f4xx_hal_dma.o
 .debug_info    0x00006221      0x774 Drivers\STM32F4xx_HAL_Driver\Src\stm32f4xx_hal_gpio.o
 .debug_info    0x00006995     0x1277 Drivers\STM32F4xx_HAL_Driver\Src\stm32f4xx_hal_hcd.o
 .debug_info    0x00007c0c     0x3281 Drivers\STM32F4xx_HAL_Driver\Src\stm32f4xx_hal_i2c.o
 .debug_info    0x0000ae8d      0xf8f Drivers\STM32F4xx_HAL_Driver\Src\stm32f4xx_hal_i2s.o
 .debug_info    0x0000be1c      0xd9a Drivers\STM32F4xx_HAL_Driver\Src\stm32f4xx_hal_i2s_ex.o
 .debug_info    0x0000cbb6      0xa3d Drivers\STM32F4xx_HAL_Driver\Src\stm32f4xx_hal_rcc.o
 .debug_info    0x0000d5f3      0x671 Drivers\STM32F4xx_HAL_Driver\Src\stm32f4xx_hal_rcc_ex.o
 .debug_info    0x0000dc64     0x1baa Drivers\STM32F4xx_HAL_Driver\Src\stm32f4xx_hal_spi.o
 .debug_info    0x0000f80e     0x1b15 Drivers\STM32F4xx_HAL_Driver\Src\stm32f4xx_ll_usb.o
 .debug_info    0x00011323     0x1e30 Middlewares\ST\STM32_USB_Host_Library\Class\CDC\Src\usbh_cdc.o
 .debug_info    0x00013153     0x1b5f Middlewares\ST\STM32_USB_Host_Library\Core\Src\usbh_core.o
 .debug_info    0x00014cb2     0x1a26 Middlewares\ST\STM32_USB_Host_Library\Core\Src\usbh_ctlreq.o
 .debug_info    0x000166d8     0x1652 Middlewares\ST\STM32_USB_Host_Library\Core\Src\usbh_ioreq.o
 .debug_info    0x00017d2a     0x12fb Middlewares\ST\STM32_USB_Host_Library\Core\Src\usbh_pipes.o
 .debug_info    0x00019025     0x1812 Src\main.o
 .debug_info    0x0001a837     0x1145 Src\stm32f4xx_hal_msp.o
 .debug_info    0x0001b97c      0x91c Src\stm32f4xx_it.o
 .debug_info    0x0001c298      0xfbf Src\syscalls.o
 .debug_info    0x0001d257      0x50e Src\system_stm32f4xx.o
 .debug_info    0x0001d765     0x129c Src\usb_host.o
 .debug_info    0x0001ea01     0x24d6 Src\usbh_conf.o
 .debug_info    0x00020ed7      0x257 Src\usbh_platform.o
 .debug_info    0x0002112e       0x8a startup\startup_stm32f407xx.o

.debug_abbrev   0x00000000     0x43cd
 .debug_abbrev  0x00000000      0x1e1 Drivers\BSP\Components\cs43l22\cs43l22.o
 .debug_abbrev  0x000001e1      0x2aa Drivers\BSP\STM32F4-Discovery\stm32f4_discovery.o
 .debug_abbrev  0x0000048b      0x2fe Drivers\BSP\STM32F4-Discovery\stm32f4_discovery_audio.o
 .debug_abbrev  0x00000789      0x1ef Drivers\STM32F4xx_HAL_Driver\Src\stm32f4xx_hal.o
 .debug_abbrev  0x00000978      0x326 Drivers\STM32F4xx_HAL_Driver\Src\stm32f4xx_hal_cortex.o
 .debug_abbrev  0x00000c9e      0x28e Drivers\STM32F4xx_HAL_Driver\Src\stm32f4xx_hal_dma.o
 .debug_abbrev  0x00000f2c      0x1e5 Drivers\STM32F4xx_HAL_Driver\Src\stm32f4xx_hal_gpio.o
 .debug_abbrev  0x00001111      0x27d Drivers\STM32F4xx_HAL_Driver\Src\stm32f4xx_hal_hcd.o
 .debug_abbrev  0x0000138e      0x282 Drivers\STM32F4xx_HAL_Driver\Src\stm32f4xx_hal_i2c.o
 .debug_abbrev  0x00001610      0x238 Drivers\STM32F4xx_HAL_Driver\Src\stm32f4xx_hal_i2s.o
 .debug_abbrev  0x00001848      0x27f Drivers\STM32F4xx_HAL_Driver\Src\stm32f4xx_hal_i2s_ex.o
 .debug_abbrev  0x00001ac7      0x271 Drivers\STM32F4xx_HAL_Driver\Src\stm32f4xx_hal_rcc.o
 .debug_abbrev  0x00001d38      0x18e Drivers\STM32F4xx_HAL_Driver\Src\stm32f4xx_hal_rcc_ex.o
 .debug_abbrev  0x00001ec6      0x247 Drivers\STM32F4xx_HAL_Driver\Src\stm32f4xx_hal_spi.o
 .debug_abbrev  0x0000210d      0x2ae Drivers\STM32F4xx_HAL_Driver\Src\stm32f4xx_ll_usb.o
 .debug_abbrev  0x000023bb      0x346 Middlewares\ST\STM32_USB_Host_Library\Class\CDC\Src\usbh_cdc.o
 .debug_abbrev  0x00002701      0x364 Middlewares\ST\STM32_USB_Host_Library\Core\Src\usbh_core.o
 .debug_abbrev  0x00002a65      0x341 Middlewares\ST\STM32_USB_Host_Library\Core\Src\usbh_ctlreq.o
 .debug_abbrev  0x00002da6      0x274 Middlewares\ST\STM32_USB_Host_Library\Core\Src\usbh_ioreq.o
 .debug_abbrev  0x0000301a      0x2ae Middlewares\ST\STM32_USB_Host_Library\Core\Src\usbh_pipes.o
 .debug_abbrev  0x000032c8      0x257 Src\main.o
 .debug_abbrev  0x0000351f      0x1f2 Src\stm32f4xx_hal_msp.o
 .debug_abbrev  0x00003711      0x1bd Src\stm32f4xx_it.o
 .debug_abbrev  0x000038ce      0x29e Src\syscalls.o
 .debug_abbrev  0x00003b6c      0x111 Src\system_stm32f4xx.o
 .debug_abbrev  0x00003c7d      0x2a6 Src\usb_host.o
 .debug_abbrev  0x00003f23      0x36c Src\usbh_conf.o
 .debug_abbrev  0x0000428f      0x12c Src\usbh_platform.o
 .debug_abbrev  0x000043bb       0x12 startup\startup_stm32f407xx.o

.debug_loc      0x00000000     0xef2b
 .debug_loc     0x00000000      0x696 Drivers\BSP\Components\cs43l22\cs43l22.o
 .debug_loc     0x00000696      0x45a Drivers\BSP\STM32F4-Discovery\stm32f4_discovery.o
 .debug_loc     0x00000af0      0x5b8 Drivers\BSP\STM32F4-Discovery\stm32f4_discovery_audio.o
 .debug_loc     0x000010a8      0x108 Drivers\STM32F4xx_HAL_Driver\Src\stm32f4xx_hal.o
 .debug_loc     0x000011b0      0x616 Drivers\STM32F4xx_HAL_Driver\Src\stm32f4xx_hal_cortex.o
 .debug_loc     0x000017c6      0xae1 Drivers\STM32F4xx_HAL_Driver\Src\stm32f4xx_hal_dma.o
 .debug_loc     0x000022a7      0x3d5 Drivers\STM32F4xx_HAL_Driver\Src\stm32f4xx_hal_gpio.o
 .debug_loc     0x0000267c      0xb97 Drivers\STM32F4xx_HAL_Driver\Src\stm32f4xx_hal_hcd.o
 .debug_loc     0x00003213     0x366d Drivers\STM32F4xx_HAL_Driver\Src\stm32f4xx_hal_i2c.o
 .debug_loc     0x00006880      0xd74 Drivers\STM32F4xx_HAL_Driver\Src\stm32f4xx_hal_i2s.o
 .debug_loc     0x000075f4      0xba0 Drivers\STM32F4xx_HAL_Driver\Src\stm32f4xx_hal_i2s_ex.o
 .debug_loc     0x00008194      0x3e6 Drivers\STM32F4xx_HAL_Driver\Src\stm32f4xx_hal_rcc.o
 .debug_loc     0x0000857a      0x2fb Drivers\STM32F4xx_HAL_Driver\Src\stm32f4xx_hal_rcc_ex.o
 .debug_loc     0x00008875     0x1a5e Drivers\STM32F4xx_HAL_Driver\Src\stm32f4xx_hal_spi.o
 .debug_loc     0x0000a2d3     0x1e3b Drivers\STM32F4xx_HAL_Driver\Src\stm32f4xx_ll_usb.o
 .debug_loc     0x0000c10e      0x65f Middlewares\ST\STM32_USB_Host_Library\Class\CDC\Src\usbh_cdc.o
 .debug_loc     0x0000c76d      0x684 Middlewares\ST\STM32_USB_Host_Library\Core\Src\usbh_core.o
 .debug_loc     0x0000cdf1      0xb9a Middlewares\ST\STM32_USB_Host_Library\Core\Src\usbh_ctlreq.o
 .debug_loc     0x0000d98b      0x50f Middlewares\ST\STM32_USB_Host_Library\Core\Src\usbh_ioreq.o
 .debug_loc     0x0000de9a      0x1be Middlewares\ST\STM32_USB_Host_Library\Core\Src\usbh_pipes.o
 .debug_loc     0x0000e058      0x17c Src\stm32f4xx_hal_msp.o
 .debug_loc     0x0000e1d4      0x3ad Src\syscalls.o
 .debug_loc     0x0000e581      0x13e Src\system_stm32f4xx.o
 .debug_loc     0x0000e6bf      0x817 Src\usbh_conf.o
 .debug_loc     0x0000eed6       0x55 Src\usbh_platform.o

.debug_aranges  0x00000000      0x3a8
 .debug_aranges
                0x00000000       0x20 Drivers\BSP\Components\cs43l22\cs43l22.o
 .debug_aranges
                0x00000020       0x20 Drivers\BSP\STM32F4-Discovery\stm32f4_discovery.o
 .debug_aranges
                0x00000040       0x20 Drivers\BSP\STM32F4-Discovery\stm32f4_discovery_audio.o
 .debug_aranges
                0x00000060       0x20 Drivers\STM32F4xx_HAL_Driver\Src\stm32f4xx_hal.o
 .debug_aranges
                0x00000080       0x20 Drivers\STM32F4xx_HAL_Driver\Src\stm32f4xx_hal_cortex.o
 .debug_aranges
                0x000000a0       0x20 Drivers\STM32F4xx_HAL_Driver\Src\stm32f4xx_hal_dma.o
 .debug_aranges
                0x000000c0       0x20 Drivers\STM32F4xx_HAL_Driver\Src\stm32f4xx_hal_gpio.o
 .debug_aranges
                0x000000e0       0x20 Drivers\STM32F4xx_HAL_Driver\Src\stm32f4xx_hal_hcd.o
 .debug_aranges
                0x00000100       0x20 Drivers\STM32F4xx_HAL_Driver\Src\stm32f4xx_hal_i2c.o
 .debug_aranges
                0x00000120       0x20 Drivers\STM32F4xx_HAL_Driver\Src\stm32f4xx_hal_i2s.o
 .debug_aranges
                0x00000140       0x20 Drivers\STM32F4xx_HAL_Driver\Src\stm32f4xx_hal_i2s_ex.o
 .debug_aranges
                0x00000160       0x20 Drivers\STM32F4xx_HAL_Driver\Src\stm32f4xx_hal_rcc.o
 .debug_aranges
                0x00000180       0x20 Drivers\STM32F4xx_HAL_Driver\Src\stm32f4xx_hal_rcc_ex.o
 .debug_aranges
                0x000001a0       0x20 Drivers\STM32F4xx_HAL_Driver\Src\stm32f4xx_hal_spi.o
 .debug_aranges
                0x000001c0       0x20 Drivers\STM32F4xx_HAL_Driver\Src\stm32f4xx_ll_usb.o
 .debug_aranges
                0x000001e0       0x20 Middlewares\ST\STM32_USB_Host_Library\Class\CDC\Src\usbh_cdc.o
 .debug_aranges
                0x00000200       0x20 Middlewares\ST\STM32_USB_Host_Library\Core\Src\usbh_core.o
 .debug_aranges
                0x00000220       0x20 Middlewares\ST\STM32_USB_Host_Library\Core\Src\usbh_ctlreq.o
 .debug_aranges
                0x00000240       0x20 Middlewares\ST\STM32_USB_Host_Library\Core\Src\usbh_ioreq.o
 .debug_aranges
                0x00000260       0x20 Middlewares\ST\STM32_USB_Host_Library\Core\Src\usbh_pipes.o
 .debug_aranges
                0x00000280       0x20 Src\main.o
 .debug_aranges
                0x000002a0       0x20 Src\stm32f4xx_hal_msp.o
 .debug_aranges
                0x000002c0       0x20 Src\stm32f4xx_it.o
 .debug_aranges
                0x000002e0       0x20 Src\syscalls.o
 .debug_aranges
                0x00000300       0x20 Src\system_stm32f4xx.o
 .debug_aranges
                0x00000320       0x20 Src\usb_host.o
 .debug_aranges
                0x00000340       0x20 Src\usbh_conf.o
 .debug_aranges
                0x00000360       0x20 Src\usbh_platform.o
 .debug_aranges
                0x00000380       0x28 startup\startup_stm32f407xx.o

.debug_macro    0x00000000    0x25287
 .debug_macro   0x00000000       0x87 Drivers\BSP\Components\cs43l22\cs43l22.o
 .debug_macro   0x00000087      0x8b6 Drivers\BSP\Components\cs43l22\cs43l22.o
 .debug_macro   0x0000093d       0x22 Drivers\BSP\Components\cs43l22\cs43l22.o
 .debug_macro   0x0000095f       0x87 Drivers\BSP\Components\cs43l22\cs43l22.o
 .debug_macro   0x000009e6       0x51 Drivers\BSP\Components\cs43l22\cs43l22.o
 .debug_macro   0x00000a37       0xef Drivers\BSP\Components\cs43l22\cs43l22.o
 .debug_macro   0x00000b26       0x6a Drivers\BSP\Components\cs43l22\cs43l22.o
 .debug_macro   0x00000b90      0x1df Drivers\BSP\Components\cs43l22\cs43l22.o
 .debug_macro   0x00000d6f       0x10 Drivers\BSP\Components\cs43l22\cs43l22.o
 .debug_macro   0x00000d7f      0x191 Drivers\BSP\Components\cs43l22\cs43l22.o
 .debug_macro   0x00000f10      0x233 Drivers\BSP\STM32F4-Discovery\stm32f4_discovery.o
 .debug_macro   0x00001143      0x196 Drivers\BSP\STM32F4-Discovery\stm32f4_discovery.o
 .debug_macro   0x000012d9       0x32 Drivers\BSP\STM32F4-Discovery\stm32f4_discovery.o
 .debug_macro   0x0000130b       0x2f Drivers\BSP\STM32F4-Discovery\stm32f4_discovery.o
 .debug_macro   0x0000133a       0x1c Drivers\BSP\STM32F4-Discovery\stm32f4_discovery.o
 .debug_macro   0x00001356       0x22 Drivers\BSP\STM32F4-Discovery\stm32f4_discovery.o
 .debug_macro   0x00001378       0xdf Drivers\BSP\STM32F4-Discovery\stm32f4_discovery.o
 .debug_macro   0x00001457     0x102d Drivers\BSP\STM32F4-Discovery\stm32f4_discovery.o
 .debug_macro   0x00002484      0x11f Drivers\BSP\STM32F4-Discovery\stm32f4_discovery.o
 .debug_macro   0x000025a3    0x15e43 Drivers\BSP\STM32F4-Discovery\stm32f4_discovery.o
 .debug_macro   0x000183e6       0x43 Drivers\BSP\STM32F4-Discovery\stm32f4_discovery.o
 .debug_macro   0x00018429     0x35d4 Drivers\BSP\STM32F4-Discovery\stm32f4_discovery.o
 .debug_macro   0x0001b9fd      0x174 Drivers\BSP\STM32F4-Discovery\stm32f4_discovery.o
 .debug_macro   0x0001bb71       0x4e Drivers\BSP\STM32F4-Discovery\stm32f4_discovery.o
 .debug_macro   0x0001bbbf      0x96b Drivers\BSP\STM32F4-Discovery\stm32f4_discovery.o
 .debug_macro   0x0001c52a      0x9fe Drivers\BSP\STM32F4-Discovery\stm32f4_discovery.o
 .debug_macro   0x0001cf28       0xed Drivers\BSP\STM32F4-Discovery\stm32f4_discovery.o
 .debug_macro   0x0001d015      0x117 Drivers\BSP\STM32F4-Discovery\stm32f4_discovery.o
 .debug_macro   0x0001d12c      0x13e Drivers\BSP\STM32F4-Discovery\stm32f4_discovery.o
 .debug_macro   0x0001d26a       0x27 Drivers\BSP\STM32F4-Discovery\stm32f4_discovery.o
 .debug_macro   0x0001d291      0x287 Drivers\BSP\STM32F4-Discovery\stm32f4_discovery.o
 .debug_macro   0x0001d518       0x5f Drivers\BSP\STM32F4-Discovery\stm32f4_discovery.o
 .debug_macro   0x0001d577      0x236 Drivers\BSP\STM32F4-Discovery\stm32f4_discovery.o
 .debug_macro   0x0001d7ad      0x12c Drivers\BSP\STM32F4-Discovery\stm32f4_discovery.o
 .debug_macro   0x0001d8d9      0x21e Drivers\BSP\STM32F4-Discovery\stm32f4_discovery.o
 .debug_macro   0x0001daf7       0x2e Drivers\BSP\STM32F4-Discovery\stm32f4_discovery.o
 .debug_macro   0x0001db25      0x1ae Drivers\BSP\STM32F4-Discovery\stm32f4_discovery.o
 .debug_macro   0x0001dcd3       0xd6 Drivers\BSP\STM32F4-Discovery\stm32f4_discovery.o
 .debug_macro   0x0001dda9      0x199 Drivers\BSP\STM32F4-Discovery\stm32f4_discovery.o
 .debug_macro   0x0001df42       0x40 Drivers\BSP\STM32F4-Discovery\stm32f4_discovery.o
 .debug_macro   0x0001df82       0x4a Drivers\BSP\STM32F4-Discovery\stm32f4_discovery.o
 .debug_macro   0x0001dfcc      0x11a Drivers\BSP\STM32F4-Discovery\stm32f4_discovery.o
 .debug_macro   0x0001e0e6       0x7e Drivers\BSP\STM32F4-Discovery\stm32f4_discovery.o
 .debug_macro   0x0001e164       0x89 Drivers\BSP\STM32F4-Discovery\stm32f4_discovery.o
 .debug_macro   0x0001e1ed      0x225 Drivers\BSP\STM32F4-Discovery\stm32f4_discovery.o
 .debug_macro   0x0001e412      0x225 Drivers\BSP\STM32F4-Discovery\stm32f4_discovery.o
 .debug_macro   0x0001e637       0x68 Drivers\BSP\STM32F4-Discovery\stm32f4_discovery.o
 .debug_macro   0x0001e69f      0x12d Drivers\BSP\STM32F4-Discovery\stm32f4_discovery.o
 .debug_macro   0x0001e7cc      0x1e2 Drivers\BSP\STM32F4-Discovery\stm32f4_discovery.o
 .debug_macro   0x0001e9ae      0x24c Drivers\BSP\STM32F4-Discovery\stm32f4_discovery_audio.o
 .debug_macro   0x0001ebfa       0x10 Drivers\BSP\STM32F4-Discovery\stm32f4_discovery_audio.o
 .debug_macro   0x0001ec0a      0x150 Drivers\BSP\STM32F4-Discovery\stm32f4_discovery_audio.o
 .debug_macro   0x0001ed5a      0x266 Drivers\STM32F4xx_HAL_Driver\Src\stm32f4xx_hal.o
 .debug_macro   0x0001efc0      0x206 Drivers\STM32F4xx_HAL_Driver\Src\stm32f4xx_hal_cortex.o
 .debug_macro   0x0001f1c6      0x20c Drivers\STM32F4xx_HAL_Driver\Src\stm32f4xx_hal_dma.o
 .debug_macro   0x0001f3d2      0x23c Drivers\STM32F4xx_HAL_Driver\Src\stm32f4xx_hal_gpio.o
 .debug_macro   0x0001f60e      0x206 Drivers\STM32F4xx_HAL_Driver\Src\stm32f4xx_hal_hcd.o
 .debug_macro   0x0001f814      0x246 Drivers\STM32F4xx_HAL_Driver\Src\stm32f4xx_hal_i2c.o
 .debug_macro   0x0001fa5a      0x207 Drivers\STM32F4xx_HAL_Driver\Src\stm32f4xx_hal_i2s.o
 .debug_macro   0x0001fc61      0x206 Drivers\STM32F4xx_HAL_Driver\Src\stm32f4xx_hal_i2s_ex.o
 .debug_macro   0x0001fe67      0x22a Drivers\STM32F4xx_HAL_Driver\Src\stm32f4xx_hal_rcc.o
 .debug_macro   0x00020091      0x206 Drivers\STM32F4xx_HAL_Driver\Src\stm32f4xx_hal_rcc_ex.o
 .debug_macro   0x00020297      0x215 Drivers\STM32F4xx_HAL_Driver\Src\stm32f4xx_hal_spi.o
 .debug_macro   0x000204ac      0x206 Drivers\STM32F4xx_HAL_Driver\Src\stm32f4xx_ll_usb.o
 .debug_macro   0x000206b2      0x414 Middlewares\ST\STM32_USB_Host_Library\Class\CDC\Src\usbh_cdc.o
 .debug_macro   0x00020ac6       0x40 Middlewares\ST\STM32_USB_Host_Library\Class\CDC\Src\usbh_cdc.o
 .debug_macro   0x00020b06       0x8d Middlewares\ST\STM32_USB_Host_Library\Class\CDC\Src\usbh_cdc.o
 .debug_macro   0x00020b93       0x3c Middlewares\ST\STM32_USB_Host_Library\Class\CDC\Src\usbh_cdc.o
 .debug_macro   0x00020bcf       0x9c Middlewares\ST\STM32_USB_Host_Library\Class\CDC\Src\usbh_cdc.o
 .debug_macro   0x00020c6b       0x16 Middlewares\ST\STM32_USB_Host_Library\Class\CDC\Src\usbh_cdc.o
 .debug_macro   0x00020c81       0x57 Middlewares\ST\STM32_USB_Host_Library\Class\CDC\Src\usbh_cdc.o
 .debug_macro   0x00020cd8       0x97 Middlewares\ST\STM32_USB_Host_Library\Class\CDC\Src\usbh_cdc.o
 .debug_macro   0x00020d6f      0x30d Middlewares\ST\STM32_USB_Host_Library\Class\CDC\Src\usbh_cdc.o
 .debug_macro   0x0002107c       0xfd Middlewares\ST\STM32_USB_Host_Library\Class\CDC\Src\usbh_cdc.o
 .debug_macro   0x00021179       0x10 Middlewares\ST\STM32_USB_Host_Library\Class\CDC\Src\usbh_cdc.o
 .debug_macro   0x00021189       0x52 Middlewares\ST\STM32_USB_Host_Library\Class\CDC\Src\usbh_cdc.o
 .debug_macro   0x000211db       0x1f Middlewares\ST\STM32_USB_Host_Library\Class\CDC\Src\usbh_cdc.o
 .debug_macro   0x000211fa       0x43 Middlewares\ST\STM32_USB_Host_Library\Class\CDC\Src\usbh_cdc.o
 .debug_macro   0x0002123d       0x20 Middlewares\ST\STM32_USB_Host_Library\Class\CDC\Src\usbh_cdc.o
 .debug_macro   0x0002125d      0x1a3 Middlewares\ST\STM32_USB_Host_Library\Class\CDC\Src\usbh_cdc.o
 .debug_macro   0x00021400       0x10 Middlewares\ST\STM32_USB_Host_Library\Class\CDC\Src\usbh_cdc.o
 .debug_macro   0x00021410       0x1c Middlewares\ST\STM32_USB_Host_Library\Class\CDC\Src\usbh_cdc.o